../Core/Src/bootloader_command_app.c:27:6:bootloader_get_ver_cmd	40	static
../Core/Src/bootloader_command_app.c:56:6:bootloader_get_help_cmd	32	static
../Core/Src/bootloader_command_app.c:81:6:bootloader_get_cid_cmd	56	static
../Core/Src/bootloader_command_app.c:113:6:bootloader_go_to_addr_cmd	56	static
../Core/Src/bootloader_command_app.c:173:6:bootloader_flash_erase_cmd	40	static
../Core/Src/bootloader_command_app.c:209:6:bootloader_mem_write_cmd	48	static
../Core/Src/bootloader_command_app.c:271:6:bootloader_enable_read_write_protect_cmd	40	static
../Core/Src/bootloader_command_app.c:301:6:bootloader_go_to_bootloader_cmd	40	static
../Core/Src/bootloader_command_app.c:328:6:bootloader_ext_mem_to_mem_write_cmd	40	static
../Core/Src/bootloader_command_app.c:372:6:bootloader_ext_mem_write_cmd	48	static
../Core/Src/bootloader_command_app.c:457:6:bootloader_disable_read_write_protect_cmd	40	static
../Core/Src/bootloader_command_app.c:487:6:bootloader_uart_write_data	16	static
../Core/Src/bootloader_command_app.c:492:9:bootloader_verify_crc	40	static
../Core/Src/bootloader_command_app.c:509:6:bootloader_get_rdp_cmd	40	static
../Core/Src/bootloader_command_app.c:542:6:bootloader_send_ack	24	static
../Core/Src/bootloader_command_app.c:553:6:bootloader_send_nack	16	static
../Core/Src/bootloader_command_app.c:562:9:bootloader_get_version	8	static
../Core/Src/bootloader_command_app.c:566:10:get_mcu_chip_id	16	static
../Core/Src/bootloader_command_app.c:572:9:get_flash_rdp_level	16	static
../Core/Src/bootloader_command_app.c:592:9:bootloader_verify_address	16	static
../Core/Src/bootloader_command_app.c:603:9:execute_flash_erase	56	static
../Core/Src/bootloader_command_app.c:637:9:execute_memory_write	240	static
../Core/Src/bootloader_command_app.c:670:9:execute_ext_mem_write	16	static
../Core/Src/bootloader_command_app.c:679:9:configure_flash_sector_r_w_protection	32	static
