../Core/Src/bootloader_command_app.c:31:10:assemble_crc_from_packet	16	static
../Core/Src/bootloader_command_app.c:39:10:assemble_crc_from_fixed_position	16	static
../Core/Src/bootloader_command_app.c:47:6:bootloader_get_ver_cmd	40	static
../Core/Src/bootloader_command_app.c:73:6:bootloader_get_help_cmd	24	static
../Core/Src/bootloader_command_app.c:92:6:bootloader_get_cid_cmd	48	static
../Core/Src/bootloader_command_app.c:119:6:bootloader_go_to_addr_cmd	56	static
../Core/Src/bootloader_command_app.c:168:6:bootloader_flash_erase_cmd	40	static
../Core/Src/bootloader_command_app.c:192:6:bootloader_mem_write_cmd	48	static
../Core/Src/bootloader_command_app.c:236:6:bootloader_enable_read_write_protect_cmd	40	static
../Core/Src/bootloader_command_app.c:257:6:bootloader_go_to_bootloader_cmd	40	static
../Core/Src/bootloader_command_app.c:276:6:bootloader_ext_mem_to_mem_write_cmd	32	static
../Core/Src/bootloader_command_app.c:314:6:bootloader_ext_mem_write_cmd	48	static
../Core/Src/bootloader_command_app.c:386:6:bootloader_disable_read_write_protect_cmd	40	static
../Core/Src/bootloader_command_app.c:404:6:bootloader_uart_write_data	16	static
../Core/Src/bootloader_command_app.c:409:9:bootloader_verify_crc	40	static
../Core/Src/bootloader_command_app.c:425:6:bootloader_get_rdp_cmd	40	static
../Core/Src/bootloader_command_app.c:450:6:bootloader_send_ack	24	static
../Core/Src/bootloader_command_app.c:462:6:bootloader_send_nack	16	static
../Core/Src/bootloader_command_app.c:474:9:bootloader_get_version	8	static
../Core/Src/bootloader_command_app.c:478:10:get_mcu_chip_id	16	static
../Core/Src/bootloader_command_app.c:484:9:get_flash_rdp_level	16	static
../Core/Src/bootloader_command_app.c:504:9:bootloader_verify_address	16	static
../Core/Src/bootloader_command_app.c:515:9:execute_flash_erase	56	static
../Core/Src/bootloader_command_app.c:547:9:execute_memory_write	224	static
../Core/Src/bootloader_command_app.c:580:9:execute_ext_mem_write	16	static
../Core/Src/bootloader_command_app.c:589:9:configure_flash_sector_r_w_protection	32	static
