../Core/Src/main.c:84:6:HAL_UARTEx_RxEventCallback	16	static
../Core/Src/main.c:94:6:printMessage	112	static
../Core/Src/main.c:105:6:bootloader_jump_to_user_application	24	static
../Core/Src/main.c:147:5:main	8	static
../Core/Src/main.c:301:6:SystemClock_Config	88	static
../Core/Src/main.c:347:13:MX_CRC_Init	8	static
../Core/Src/main.c:378:13:MX_I2C1_Init	8	static
../Core/Src/main.c:426:13:MX_SPI1_Init	8	static
../Core/Src/main.c:466:13:MX_USART2_UART_Init	8	static
../Core/Src/main.c:514:13:MX_USART3_UART_Init	8	static
../Core/Src/main.c:548:13:MX_DMA_Init	16	static
../Core/Src/main.c:566:13:MX_GPIO_Init	56	static
../Core/Src/main.c:607:6:Error_Handler	8	static,ignoring_inline_asm
