../Core/Src/W25Qxx.c:13:9:W25qxx_Spi	40	static
../Core/Src/W25Qxx.c:19:6:W25qxx_WaitForWriteEnd	16	static
../Core/Src/W25Qxx.c:34:6:W25Q_Reset	16	static
../Core/Src/W25Qxx.c:45:10:W25Q_ReadID	16	static
../Core/Src/W25Qxx.c:57:10:W25Q_Read_Manufacturer_ID	24	static
../Core/Src/W25Qxx.c:72:10:W25Q_Read_UID	152	static
../Core/Src/W25Qxx.c:86:6:W25Q_Write_Enable	8	static
../Core/Src/W25Qxx.c:93:6:W25Q_Write_Disable	8	static
../Core/Src/W25Qxx.c:99:6:W25Q_Page_Program	304	static
../Core/Src/W25Qxx.c:130:6:W25Q_Buf_Program	304	static
../Core/Src/W25Qxx.c:161:6:W25Q_Write_DoubleWord	192	static
../Core/Src/W25Qxx.c:190:9:W25Q_Read_Word	40	static
../Core/Src/W25Qxx.c:206:9:W25Q_Read_DoubleWord	160	static
../Core/Src/W25Qxx.c:226:9:W25Q_Read_Page	32	static
../Core/Src/W25Qxx.c:244:9:W25Q_Read_Fast	32	static
../Core/Src/W25Qxx.c:265:6:W25Q_Chip_Erase	16	static
