Archive member included to satisfy reference by file (symbol)

c:/st/stm32cubeide_1.12.1/stm32cubeide/plugins/com.st.stm32cube.ide.mcu.externaltools.gnu-tools-for-stm32.10.3-2021.10.win32_1.0.200.202301161003/tools/bin/../lib/gcc/arm-none-eabi/10.3.1/../../../../arm-none-eabi/lib/thumb/v6-m/nofp\libc_nano.a(lib_a-errno.o)
                              ./Core/Src/syscalls.o (__errno)
c:/st/stm32cubeide_1.12.1/stm32cubeide/plugins/com.st.stm32cube.ide.mcu.externaltools.gnu-tools-for-stm32.10.3-2021.10.win32_1.0.200.202301161003/tools/bin/../lib/gcc/arm-none-eabi/10.3.1/../../../../arm-none-eabi/lib/thumb/v6-m/nofp\libc_nano.a(lib_a-exit.o)
                              c:/st/stm32cubeide_1.12.1/stm32cubeide/plugins/com.st.stm32cube.ide.mcu.externaltools.gnu-tools-for-stm32.10.3-2021.10.win32_1.0.200.202301161003/tools/bin/../lib/gcc/arm-none-eabi/10.3.1/../../../../arm-none-eabi/lib/thumb/v6-m/nofp/crt0.o (exit)
c:/st/stm32cubeide_1.12.1/stm32cubeide/plugins/com.st.stm32cube.ide.mcu.externaltools.gnu-tools-for-stm32.10.3-2021.10.win32_1.0.200.202301161003/tools/bin/../lib/gcc/arm-none-eabi/10.3.1/../../../../arm-none-eabi/lib/thumb/v6-m/nofp\libc_nano.a(lib_a-impure.o)
                              c:/st/stm32cubeide_1.12.1/stm32cubeide/plugins/com.st.stm32cube.ide.mcu.externaltools.gnu-tools-for-stm32.10.3-2021.10.win32_1.0.200.202301161003/tools/bin/../lib/gcc/arm-none-eabi/10.3.1/../../../../arm-none-eabi/lib/thumb/v6-m/nofp\libc_nano.a(lib_a-exit.o) (_global_impure_ptr)
c:/st/stm32cubeide_1.12.1/stm32cubeide/plugins/com.st.stm32cube.ide.mcu.externaltools.gnu-tools-for-stm32.10.3-2021.10.win32_1.0.200.202301161003/tools/bin/../lib/gcc/arm-none-eabi/10.3.1/../../../../arm-none-eabi/lib/thumb/v6-m/nofp\libc_nano.a(lib_a-init.o)
                              c:/st/stm32cubeide_1.12.1/stm32cubeide/plugins/com.st.stm32cube.ide.mcu.externaltools.gnu-tools-for-stm32.10.3-2021.10.win32_1.0.200.202301161003/tools/bin/../lib/gcc/arm-none-eabi/10.3.1/../../../../arm-none-eabi/lib/thumb/v6-m/nofp/crt0.o (__libc_init_array)
c:/st/stm32cubeide_1.12.1/stm32cubeide/plugins/com.st.stm32cube.ide.mcu.externaltools.gnu-tools-for-stm32.10.3-2021.10.win32_1.0.200.202301161003/tools/bin/../lib/gcc/arm-none-eabi/10.3.1/../../../../arm-none-eabi/lib/thumb/v6-m/nofp\libc_nano.a(lib_a-memcpy-stub.o)
                              ./Core/Src/main.o (memcpy)
c:/st/stm32cubeide_1.12.1/stm32cubeide/plugins/com.st.stm32cube.ide.mcu.externaltools.gnu-tools-for-stm32.10.3-2021.10.win32_1.0.200.202301161003/tools/bin/../lib/gcc/arm-none-eabi/10.3.1/../../../../arm-none-eabi/lib/thumb/v6-m/nofp\libc_nano.a(lib_a-memset.o)
                              c:/st/stm32cubeide_1.12.1/stm32cubeide/plugins/com.st.stm32cube.ide.mcu.externaltools.gnu-tools-for-stm32.10.3-2021.10.win32_1.0.200.202301161003/tools/bin/../lib/gcc/arm-none-eabi/10.3.1/../../../../arm-none-eabi/lib/thumb/v6-m/nofp/crt0.o (memset)
c:/st/stm32cubeide_1.12.1/stm32cubeide/plugins/com.st.stm32cube.ide.mcu.externaltools.gnu-tools-for-stm32.10.3-2021.10.win32_1.0.200.202301161003/tools/bin/../lib/gcc/arm-none-eabi/10.3.1/../../../../arm-none-eabi/lib/thumb/v6-m/nofp\libc_nano.a(lib_a-strlen.o)
                              ./Core/Src/bootloader_command_app.o (strlen)
c:/st/stm32cubeide_1.12.1/stm32cubeide/plugins/com.st.stm32cube.ide.mcu.externaltools.gnu-tools-for-stm32.10.3-2021.10.win32_1.0.200.202301161003/tools/bin/../lib/gcc/arm-none-eabi/10.3.1/../../../../arm-none-eabi/lib/thumb/v6-m/nofp\libc_nano.a(lib_a-vsprintf.o)
                              ./Core/Src/main.o (vsprintf)
c:/st/stm32cubeide_1.12.1/stm32cubeide/plugins/com.st.stm32cube.ide.mcu.externaltools.gnu-tools-for-stm32.10.3-2021.10.win32_1.0.200.202301161003/tools/bin/../lib/gcc/arm-none-eabi/10.3.1/../../../../arm-none-eabi/lib/thumb/v6-m/nofp\libc_nano.a(lib_a-nano-svfprintf.o)
                              c:/st/stm32cubeide_1.12.1/stm32cubeide/plugins/com.st.stm32cube.ide.mcu.externaltools.gnu-tools-for-stm32.10.3-2021.10.win32_1.0.200.202301161003/tools/bin/../lib/gcc/arm-none-eabi/10.3.1/../../../../arm-none-eabi/lib/thumb/v6-m/nofp\libc_nano.a(lib_a-vsprintf.o) (_svfprintf_r)
c:/st/stm32cubeide_1.12.1/stm32cubeide/plugins/com.st.stm32cube.ide.mcu.externaltools.gnu-tools-for-stm32.10.3-2021.10.win32_1.0.200.202301161003/tools/bin/../lib/gcc/arm-none-eabi/10.3.1/../../../../arm-none-eabi/lib/thumb/v6-m/nofp\libc_nano.a(lib_a-nano-vfprintf_i.o)
                              c:/st/stm32cubeide_1.12.1/stm32cubeide/plugins/com.st.stm32cube.ide.mcu.externaltools.gnu-tools-for-stm32.10.3-2021.10.win32_1.0.200.202301161003/tools/bin/../lib/gcc/arm-none-eabi/10.3.1/../../../../arm-none-eabi/lib/thumb/v6-m/nofp\libc_nano.a(lib_a-nano-svfprintf.o) (_printf_i)
[...]
Memory Configuration

Name             Origin             Length             Attributes
RAM              0x0000000020000000 0x0000000000009000 xrw
FLASH            0x0000000008000000 0x0000000000020000 xr
*default*        0x0000000000000000 0xffffffffffffffff

Linker script and memory map

LOAD c:/st/stm32cubeide_1.12.1/stm32cubeide/plugins/com.st.stm32cube.ide.mcu.externaltools.gnu-tools-for-stm32.10.3-2021.10.win32_1.0.200.202301161003/tools/bin/../lib/gcc/arm-none-eabi/10.3.1/thumb/v6-m/nofp/crti.o
LOAD c:/st/stm32cubeide_1.12.1/stm32cubeide/plugins/com.st.stm32cube.ide.mcu.externaltools.gnu-tools-for-stm32.10.3-2021.10.win32_1.0.200.202301161003/tools/bin/../lib/gcc/arm-none-eabi/10.3.1/thumb/v6-m/nofp/crtbegin.o
LOAD c:/st/stm32cubeide_1.12.1/stm32cubeide/plugins/com.st.stm32cube.ide.mcu.externaltools.gnu-tools-for-stm32.10.3-2021.10.win32_1.0.200.202301161003/tools/bin/../lib/gcc/arm-none-eabi/10.3.1/../../../../arm-none-eabi/lib/thumb/v6-m/nofp/crt0.o
LOAD ./Core/Src/W25Qxx.o
LOAD ./Core/Src/bootloader_command_app.o
LOAD ./Core/Src/fonts.o
LOAD ./Core/Src/main.o
LOAD ./Core/Src/ssd1306.o
LOAD ./Core/Src/stm32g0xx_hal_msp.o
LOAD ./Core/Src/stm32g0xx_it.o
LOAD ./Core/Src/syscalls.o
LOAD ./Core/Src/sysmem.o
LOAD ./Core/Src/system_stm32g0xx.o
LOAD ./Core/Startup/startup_stm32g070rbtx.o
LOAD ./Drivers/STM32G0xx_HAL_Driver/Src/stm32g0xx_hal.o
LOAD ./Drivers/STM32G0xx_HAL_Driver/Src/stm32g0xx_hal_cortex.o
LOAD ./Drivers/STM32G0xx_HAL_Driver/Src/stm32g0xx_hal_crc.o
LOAD ./Drivers/STM32G0xx_HAL_Driver/Src/stm32g0xx_hal_crc_ex.o
LOAD ./Drivers/STM32G0xx_HAL_Driver/Src/stm32g0xx_hal_dma.o
LOAD ./Drivers/STM32G0xx_HAL_Driver/Src/stm32g0xx_hal_dma_ex.o
LOAD ./Drivers/STM32G0xx_HAL_Driver/Src/stm32g0xx_hal_exti.o
LOAD ./Drivers/STM32G0xx_HAL_Driver/Src/stm32g0xx_hal_flash.o
LOAD ./Drivers/STM32G0xx_HAL_Driver/Src/stm32g0xx_hal_flash_ex.o
LOAD ./Drivers/STM32G0xx_HAL_Driver/Src/stm32g0xx_hal_gpio.o
LOAD ./Drivers/STM32G0xx_HAL_Driver/Src/stm32g0xx_hal_i2c.o
LOAD ./Drivers/STM32G0xx_HAL_Driver/Src/stm32g0xx_hal_i2c_ex.o
LOAD ./Drivers/STM32G0xx_HAL_Driver/Src/stm32g0xx_hal_pwr.o
LOAD ./Drivers/STM32G0xx_HAL_Driver/Src/stm32g0xx_hal_pwr_ex.o
LOAD ./Drivers/STM32G0xx_HAL_Driver/Src/stm32g0xx_hal_rcc.o
LOAD ./Drivers/STM32G0xx_HAL_Driver/Src/stm32g0xx_hal_rcc_ex.o
LOAD ./Drivers/STM32G0xx_HAL_Driver/Src/stm32g0xx_hal_spi.o
LOAD ./Drivers/STM32G0xx_HAL_Driver/Src/stm32g0xx_hal_spi_ex.o
LOAD ./Drivers/STM32G0xx_HAL_Driver/Src/stm32g0xx_hal_tim.o
LOAD ./Drivers/STM32G0xx_HAL_Driver/Src/stm32g0xx_hal_tim_ex.o
LOAD ./Drivers/STM32G0xx_HAL_Driver/Src/stm32g0xx_hal_uart.o
LOAD ./Drivers/STM32G0xx_HAL_Driver/Src/stm32g0xx_hal_uart_ex.o
LOAD ./Drivers/STM32G0xx_HAL_Driver/Src/stm32g0xx_ll_dma.o
LOAD ./Drivers/STM32G0xx_HAL_Driver/Src/stm32g0xx_ll_rcc.o
START GROUP
LOAD c:/st/stm32cubeide_1.12.1/stm32cubeide/plugins/com.st.stm32cube.ide.mcu.externaltools.gnu-tools-for-stm32.10.3-2021.10.win32_1.0.200.202301161003/tools/bin/../lib/gcc/arm-none-eabi/10.3.1/../../../../arm-none-eabi/lib/thumb/v6-m/nofp\libc_nano.a
LOAD c:/st/stm32cubeide_1.12.1/stm32cubeide/plugins/com.st.stm32cube.ide.mcu.externaltools.gnu-tools-for-stm32.10.3-2021.10.win32_1.0.200.202301161003/tools/bin/../lib/gcc/arm-none-eabi/10.3.1/../../../../arm-none-eabi/lib/thumb/v6-m/nofp\libm.a
END GROUP
START GROUP
LOAD c:/st/stm32cubeide_1.12.1/stm32cubeide/plugins/com.st.stm32cube.ide.mcu.externaltools.gnu-tools-for-stm32.10.3-2021.10.win32_1.0.200.202301161003/tools/bin/../lib/gcc/arm-none-eabi/10.3.1/thumb/v6-m/nofp\libgcc.a
LOAD c:/st/stm32cubeide_1.12.1/stm32cubeide/plugins/com.st.stm32cube.ide.mcu.externaltools.gnu-tools-for-stm32.10.3-2021.10.win32_1.0.200.202301161003/tools/bin/../lib/gcc/arm-none-eabi/10.3.1/../../../../arm-none-eabi/lib/thumb/v6-m/nofp\libc_nano.a
END GROUP
START GROUP
LOAD c:/st/stm32cubeide_1.12.1/stm32cubeide/plugins/com.st.stm32cube.ide.mcu.externaltools.gnu-tools-for-stm32.10.3-2021.10.win32_1.0.200.202301161003/tools/bin/../lib/gcc/arm-none-eabi/10.3.1/thumb/v6-m/nofp\libgcc.a
LOAD c:/st/stm32cubeide_1.12.1/stm32cubeide/plugins/com.st.stm32cube.ide.mcu.externaltools.gnu-tools-for-stm32.10.3-2021.10.win32_1.0.200.202301161003/tools/bin/../lib/gcc/arm-none-eabi/10.3.1/../../../../arm-none-eabi/lib/thumb/v6-m/nofp\libc_nano.a
LOAD c:/st/stm32cubeide_1.12.1/stm32cubeide/plugins/com.st.stm32cube.ide.mcu.externaltools.gnu-tools-for-stm32.10.3-2021.10.win32_1.0.200.202301161003/tools/bin/../lib/gcc/arm-none-eabi/10.3.1/../../../../arm-none-eabi/lib/thumb/v6-m/nofp\libnosys.a
END GROUP
START GROUP
LOAD c:/st/stm32cubeide_1.12.1/stm32cubeide/plugins/com.st.stm32cube.ide.mcu.externaltools.gnu-tools-for-stm32.10.3-2021.10.win32_1.0.200.202301161003/tools/bin/../lib/gcc/arm-none-eabi/10.3.1/thumb/v6-m/nofp\libgcc.a
LOAD c:/st/stm32cubeide_1.12.1/stm32cubeide/plugins/com.st.stm32cube.ide.mcu.externaltools.gnu-tools-for-stm32.10.3-2021.10.win32_1.0.200.202301161003/tools/bin/../lib/gcc/arm-none-eabi/10.3.1/../../../../arm-none-eabi/lib/thumb/v6-m/nofp\libc_nano.a
LOAD c:/st/stm32cubeide_1.12.1/stm32cubeide/plugins/com.st.stm32cube.ide.mcu.externaltools.gnu-tools-for-stm32.10.3-2021.10.win32_1.0.200.202301161003/tools/bin/../lib/gcc/arm-none-eabi/10.3.1/../../../../arm-none-eabi/lib/thumb/v6-m/nofp\libnosys.a
END GROUP
LOAD c:/st/stm32cubeide_1.12.1/stm32cubeide/plugins/com.st.stm32cube.ide.mcu.externaltools.gnu-tools-for-stm32.10.3-2021.10.win32_1.0.200.202301161003/tools/bin/../lib/gcc/arm-none-eabi/10.3.1/thumb/v6-m/nofp/crtend.o
LOAD c:/st/stm32cubeide_1.12.1/stm32cubeide/plugins/com.st.stm32cube.ide.mcu.externaltools.gnu-tools-for-stm32.10.3-2021.10.win32_1.0.200.202301161003/tools/bin/../lib/gcc/arm-none-eabi/10.3.1/thumb/v6-m/nofp/crtn.o
                0x0000000020009000                _estack = (ORIGIN (RAM) + LENGTH (RAM))
                0x0000000000000200                _Min_Heap_Size = 0x200
                0x0000000000000400                _Min_Stack_Size = 0x400

.isr_vector     0x0000000008000000       0xb8
                0x0000000008000000                . = ALIGN (0x4)
 *(.isr_vector)
 .isr_vector    0x0000000008000000       0xb8 ./Core/Startup/startup_stm32g070rbtx.o
                0x0000000008000000                g_pfnVectors
                0x00000000080000b8                . = ALIGN (0x4)

.text           0x00000000080000b8     0x91b0
                0x00000000080000b8                . = ALIGN (0x4)
 *(.text)
 .text          0x00000000080000b8       0x48 c:/st/stm32cubeide_1.12.1/stm32cubeide/plugins/com.st.stm32cube.ide.mcu.externaltools.gnu-tools-for-stm32.10.3-2021.10.win32_1.0.200.202301161003/tools/bin/../lib/gcc/arm-none-eabi/10.3.1/thumb/v6-m/nofp/crtbegin.o
 .text          0x0000000008000100        0xe c:/st/stm32cubeide_1.12.1/stm32cubeide/plugins/com.st.stm32cube.ide.mcu.externaltools.gnu-tools-for-stm32.10.3-2021.10.win32_1.0.200.202301161003/tools/bin/../lib/gcc/arm-none-eabi/10.3.1/../../../../arm-none-eabi/lib/thumb/v6-m/nofp\libc_nano.a(lib_a-strlen.o)
                0x0000000008000100                strlen
 *fill*         0x000000000800010e        0x2 
 .text          0x0000000008000110       0x14 c:/st/stm32cubeide_1.12.1/stm32cubeide/plugins/com.st.stm32cube.ide.mcu.externaltools.gnu-tools-for-stm32.10.3-2021.10.win32_1.0.200.202301161003/tools/bin/../lib/gcc/arm-none-eabi/10.3.1/thumb/v6-m/nofp\libgcc.a(_thumb1_case_shi.o)
                0x0000000008000110                __gnu_thumb1_case_shi
 .text          0x0000000008000124      0x114 c:/st/stm32cubeide_1.12.1/stm32cubeide/plugins/com.st.stm32cube.ide.mcu.externaltools.gnu-tools-for-stm32.10.3-2021.10.win32_1.0.200.202301161003/tools/bin/../lib/gcc/arm-none-eabi/10.3.1/thumb/v6-m/nofp\libgcc.a(_udivsi3.o)
                0x0000000008000124                __aeabi_uidiv
                0x0000000008000124                __udivsi3
                0x0000000008000230                __aeabi_uidivmod
 .text          0x0000000008000238      0x1d4 c:/st/stm32cubeide_1.12.1/stm32cubeide/plugins/com.st.stm32cube.ide.mcu.externaltools.gnu-tools-for-stm32.10.3-2021.10.win32_1.0.200.202301161003/tools/bin/../lib/gcc/arm-none-eabi/10.3.1/thumb/v6-m/nofp\libgcc.a(_divsi3.o)
                0x0000000008000238                __divsi3
                0x0000000008000238                __aeabi_idiv
                0x0000000008000404                __aeabi_idivmod
 .text          0x000000000800040c        0x4 c:/st/stm32cubeide_1.12.1/stm32cubeide/plugins/com.st.stm32cube.ide.mcu.externaltools.gnu-tools-for-stm32.10.3-2021.10.win32_1.0.200.202301161003/tools/bin/../lib/gcc/arm-none-eabi/10.3.1/thumb/v6-m/nofp\libgcc.a(_dvmd_tls.o)
                0x000000000800040c                __aeabi_idiv0
                0x000000000800040c                __aeabi_ldiv0
 *(.text*)
 .text.W25qxx_Spi
                0x0000000008000410       0x30 ./Core/Src/W25Qxx.o
                0x0000000008000410                W25qxx_Spi
 .text.W25qxx_WaitForWriteEnd
                0x0000000008000440       0x68 ./Core/Src/W25Qxx.o
                0x0000000008000440                W25qxx_WaitForWriteEnd
 .text.W25Q_Write_Enable
                0x00000000080004a8       0x2c ./Core/Src/W25Qxx.o
                0x00000000080004a8                W25Q_Write_Enable
 .text.W25Q_Write_Disable
                0x00000000080004d4       0x2c ./Core/Src/W25Qxx.o
                0x00000000080004d4                W25Q_Write_Disable
 .text.W25Q_Buf_Program
                0x0000000008000500      0x14c ./Core/Src/W25Qxx.o
                0x0000000008000500                W25Q_Buf_Program
 .text.W25Q_Read_Fast
                0x000000000800064c       0xbc ./Core/Src/W25Qxx.o
                0x000000000800064c                W25Q_Read_Fast
 .text.W25Q_Chip_Erase
                0x0000000008000708       0x44 ./Core/Src/W25Qxx.o
                0x0000000008000708                W25Q_Chip_Erase
 .text.bootloader_get_ver_cmd
                0x000000000800074c       0xfc ./Core/Src/bootloader_command_app.o
                0x000000000800074c                bootloader_get_ver_cmd
 .text.bootloader_get_help_cmd
                0x0000000008000848       0xf0 ./Core/Src/bootloader_command_app.o
                0x0000000008000848                bootloader_get_help_cmd
 .text.bootloader_get_cid_cmd
                0x0000000008000938      0x108 ./Core/Src/bootloader_command_app.o
                0x0000000008000938                bootloader_get_cid_cmd
 .text.bootloader_go_to_addr_cmd
                0x0000000008000a40      0x1cc ./Core/Src/bootloader_command_app.o
                0x0000000008000a40                bootloader_go_to_addr_cmd
 .text.bootloader_flash_erase_cmd
                0x0000000008000c0c      0x118 ./Core/Src/bootloader_command_app.o
                0x0000000008000c0c                bootloader_flash_erase_cmd
 .text.bootloader_mem_write_cmd
                0x0000000008000d24      0x1b8 ./Core/Src/bootloader_command_app.o
                0x0000000008000d24                bootloader_mem_write_cmd
 .text.bootloader_enable_read_write_protect_cmd
                0x0000000008000edc       0xd8 ./Core/Src/bootloader_command_app.o
                0x0000000008000edc                bootloader_enable_read_write_protect_cmd
 .text.bootloader_go_to_bootloader_cmd
                0x0000000008000fb4       0xbc ./Core/Src/bootloader_command_app.o
                0x0000000008000fb4                bootloader_go_to_bootloader_cmd
 .text.bootloader_ext_mem_to_mem_write_cmd
                0x0000000008001070      0x124 ./Core/Src/bootloader_command_app.o
                0x0000000008001070                bootloader_ext_mem_to_mem_write_cmd
 .text.bootloader_ext_mem_write_cmd
                0x0000000008001194      0x1d8 ./Core/Src/bootloader_command_app.o
                0x0000000008001194                bootloader_ext_mem_write_cmd
 .text.bootloader_disable_read_write_protect_cmd
                0x000000000800136c       0xd0 ./Core/Src/bootloader_command_app.o
                0x000000000800136c                bootloader_disable_read_write_protect_cmd
 .text.bootloader_uart_write_data
                0x000000000800143c       0x28 ./Core/Src/bootloader_command_app.o
                0x000000000800143c                bootloader_uart_write_data
 .text.bootloader_verify_crc
                0x0000000008001464       0x70 ./Core/Src/bootloader_command_app.o
                0x0000000008001464                bootloader_verify_crc
 .text.bootloader_get_rdp_cmd
                0x00000000080014d4       0xdc ./Core/Src/bootloader_command_app.o
                0x00000000080014d4                bootloader_get_rdp_cmd
 .text.bootloader_send_ack
                0x00000000080015b0       0x48 ./Core/Src/bootloader_command_app.o
                0x00000000080015b0                bootloader_send_ack
 .text.bootloader_send_nack
                0x00000000080015f8       0x38 ./Core/Src/bootloader_command_app.o
                0x00000000080015f8                bootloader_send_nack
 .text.bootloader_get_version
                0x0000000008001630        0xc ./Core/Src/bootloader_command_app.o
                0x0000000008001630                bootloader_get_version
 .text.get_mcu_chip_id
                0x000000000800163c       0x24 ./Core/Src/bootloader_command_app.o
                0x000000000800163c                get_mcu_chip_id
 .text.get_flash_rdp_level
                0x0000000008001660       0x28 ./Core/Src/bootloader_command_app.o
                0x0000000008001660                get_flash_rdp_level
 .text.bootloader_verify_address
                0x0000000008001688       0x2c ./Core/Src/bootloader_command_app.o
                0x0000000008001688                bootloader_verify_address
 .text.execute_flash_erase
                0x00000000080016b4       0xe0 ./Core/Src/bootloader_command_app.o
                0x00000000080016b4                execute_flash_erase
 .text.execute_memory_write
                0x0000000008001794      0x488 ./Core/Src/bootloader_command_app.o
                0x0000000008001794                execute_memory_write
 .text.execute_ext_mem_write
                0x0000000008001c1c       0x34 ./Core/Src/bootloader_command_app.o
                0x0000000008001c1c                execute_ext_mem_write
 .text.configure_flash_sector_r_w_protection
                0x0000000008001c50      0x130 ./Core/Src/bootloader_command_app.o
                0x0000000008001c50                configure_flash_sector_r_w_protection
 .text.HAL_UARTEx_RxEventCallback
                0x0000000008001d80       0x44 ./Core/Src/main.o
                0x0000000008001d80                HAL_UARTEx_RxEventCallback
 .text.printMessage
                0x0000000008001dc4       0x58 ./Core/Src/main.o
                0x0000000008001dc4                printMessage
 .text.bootloader_jump_to_user_application
                0x0000000008001e1c       0xd4 ./Core/Src/main.o
                0x0000000008001e1c                bootloader_jump_to_user_application
 .text.main     0x0000000008001ef0      0x310 ./Core/Src/main.o
                0x0000000008001ef0                main
 .text.SystemClock_Config
                0x0000000008002200       0xb4 ./Core/Src/main.o
                0x0000000008002200                SystemClock_Config
 .text.MX_CRC_Init
                0x00000000080022b4       0x48 ./Core/Src/main.o
 .text.MX_I2C1_Init
                0x00000000080022fc       0x80 ./Core/Src/main.o
 .text.MX_SPI1_Init
                0x000000000800237c       0x7c ./Core/Src/main.o
 .text.MX_USART2_UART_Init
                0x00000000080023f8       0x9c ./Core/Src/main.o
 .text.MX_USART3_UART_Init
                0x0000000008002494       0x68 ./Core/Src/main.o
 .text.MX_DMA_Init
                0x00000000080024fc       0x3c ./Core/Src/main.o
 .text.MX_GPIO_Init
                0x0000000008002538       0xf4 ./Core/Src/main.o
 .text.Error_Handler
                0x000000000800262c        0xa ./Core/Src/main.o
                0x000000000800262c                Error_Handler
 *fill*         0x0000000008002636        0x2 
 .text.SSD1306_Init
                0x0000000008002638      0x188 ./Core/Src/ssd1306.o
                0x0000000008002638                SSD1306_Init
 .text.SSD1306_UpdateScreen
                0x00000000080027c0       0x68 ./Core/Src/ssd1306.o
                0x00000000080027c0                SSD1306_UpdateScreen
 .text.SSD1306_Fill
                0x0000000008002828       0x34 ./Core/Src/ssd1306.o
                0x0000000008002828                SSD1306_Fill
 .text.SSD1306_DrawPixel
                0x000000000800285c       0xdc ./Core/Src/ssd1306.o
                0x000000000800285c                SSD1306_DrawPixel
 .text.SSD1306_GotoXY
                0x0000000008002938       0x30 ./Core/Src/ssd1306.o
                0x0000000008002938                SSD1306_GotoXY
 .text.SSD1306_Putc
                0x0000000008002968      0x104 ./Core/Src/ssd1306.o
                0x0000000008002968                SSD1306_Putc
 .text.SSD1306_Puts
                0x0000000008002a6c       0x4c ./Core/Src/ssd1306.o
                0x0000000008002a6c                SSD1306_Puts
 .text.ssd1306_I2C_Init
                0x0000000008002ab8       0x28 ./Core/Src/ssd1306.o
                0x0000000008002ab8                ssd1306_I2C_Init
 .text.ssd1306_I2C_WriteMulti
                0x0000000008002ae0       0xd8 ./Core/Src/ssd1306.o
                0x0000000008002ae0                ssd1306_I2C_WriteMulti
 .text.ssd1306_I2C_Write
                0x0000000008002bb8       0x50 ./Core/Src/ssd1306.o
                0x0000000008002bb8                ssd1306_I2C_Write
 .text.HAL_MspInit
                0x0000000008002c08       0x58 ./Core/Src/stm32g0xx_hal_msp.o
                0x0000000008002c08                HAL_MspInit
 .text.HAL_CRC_MspInit
                0x0000000008002c60       0x40 ./Core/Src/stm32g0xx_hal_msp.o
                0x0000000008002c60                HAL_CRC_MspInit
 .text.HAL_CRC_MspDeInit
                0x0000000008002ca0       0x34 ./Core/Src/stm32g0xx_hal_msp.o
                0x0000000008002ca0                HAL_CRC_MspDeInit
 .text.HAL_I2C_MspInit
                0x0000000008002cd4       0xc4 ./Core/Src/stm32g0xx_hal_msp.o
                0x0000000008002cd4                HAL_I2C_MspInit
 .text.HAL_I2C_MspDeInit
                0x0000000008002d98       0x54 ./Core/Src/stm32g0xx_hal_msp.o
                0x0000000008002d98                HAL_I2C_MspDeInit
 .text.HAL_SPI_MspInit
                0x0000000008002dec       0x94 ./Core/Src/stm32g0xx_hal_msp.o
                0x0000000008002dec                HAL_SPI_MspInit
 .text.HAL_UART_MspInit
                0x0000000008002e80      0x1a4 ./Core/Src/stm32g0xx_hal_msp.o
                0x0000000008002e80                HAL_UART_MspInit
 .text.HAL_UART_MspDeInit
                0x0000000008003024       0x84 ./Core/Src/stm32g0xx_hal_msp.o
                0x0000000008003024                HAL_UART_MspDeInit
 .text.NMI_Handler
                0x00000000080030a8        0x6 ./Core/Src/stm32g0xx_it.o
                0x00000000080030a8                NMI_Handler
 .text.HardFault_Handler
                0x00000000080030ae        0x6 ./Core/Src/stm32g0xx_it.o
                0x00000000080030ae                HardFault_Handler
 .text.SVC_Handler
                0x00000000080030b4        0xa ./Core/Src/stm32g0xx_it.o
                0x00000000080030b4                SVC_Handler
 .text.PendSV_Handler
                0x00000000080030be        0xa ./Core/Src/stm32g0xx_it.o
                0x00000000080030be                PendSV_Handler
 .text.SysTick_Handler
                0x00000000080030c8        0xe ./Core/Src/stm32g0xx_it.o
                0x00000000080030c8                SysTick_Handler
 .text.FLASH_IRQHandler
                0x00000000080030d6        0xe ./Core/Src/stm32g0xx_it.o
                0x00000000080030d6                FLASH_IRQHandler
 .text.DMA1_Channel1_IRQHandler
                0x00000000080030e4       0x18 ./Core/Src/stm32g0xx_it.o
                0x00000000080030e4                DMA1_Channel1_IRQHandler
 .text.USART3_4_IRQHandler
                0x00000000080030fc       0x18 ./Core/Src/stm32g0xx_it.o
                0x00000000080030fc                USART3_4_IRQHandler
 .text._sbrk    0x0000000008003114       0x6c ./Core/Src/sysmem.o
                0x0000000008003114                _sbrk
 .text.SystemInit
                0x0000000008003180        0xa ./Core/Src/system_stm32g0xx.o
                0x0000000008003180                SystemInit
 *fill*         0x000000000800318a        0x2 
 .text.Reset_Handler
                0x000000000800318c       0x50 ./Core/Startup/startup_stm32g070rbtx.o
                0x000000000800318c                Reset_Handler
 .text.Default_Handler
                0x00000000080031dc        0x2 ./Core/Startup/startup_stm32g070rbtx.o
                0x00000000080031dc                TIM1_CC_IRQHandler
                0x00000000080031dc                TIM6_IRQHandler
                0x00000000080031dc                I2C1_IRQHandler
                0x00000000080031dc                RTC_TAMP_IRQHandler
                0x00000000080031dc                SPI1_IRQHandler
                0x00000000080031dc                EXTI2_3_IRQHandler
                0x00000000080031dc                ADC1_IRQHandler
                0x00000000080031dc                I2C2_IRQHandler
                0x00000000080031dc                TIM17_IRQHandler
                0x00000000080031dc                TIM16_IRQHandler
                0x00000000080031dc                TIM3_IRQHandler
                0x00000000080031dc                EXTI4_15_IRQHandler
                0x00000000080031dc                RCC_IRQHandler
                0x00000000080031dc                Default_Handler
                0x00000000080031dc                TIM14_IRQHandler
                0x00000000080031dc                TIM7_IRQHandler
                0x00000000080031dc                TIM15_IRQHandler
                0x00000000080031dc                EXTI0_1_IRQHandler
                0x00000000080031dc                SPI2_IRQHandler
                0x00000000080031dc                WWDG_IRQHandler
                0x00000000080031dc                DMA1_Ch4_7_DMAMUX1_OVR_IRQHandler
                0x00000000080031dc                DMA1_Channel2_3_IRQHandler
                0x00000000080031dc                USART2_IRQHandler
                0x00000000080031dc                USART1_IRQHandler
                0x00000000080031dc                TIM1_BRK_UP_TRG_COM_IRQHandler
 *fill*         0x00000000080031de        0x2 
 .text.HAL_Init
                0x00000000080031e0       0x40 ./Drivers/STM32G0xx_HAL_Driver/Src/stm32g0xx_hal.o
                0x00000000080031e0                HAL_Init
 .text.HAL_DeInit
                0x0000000008003220       0x4c ./Drivers/STM32G0xx_HAL_Driver/Src/stm32g0xx_hal.o
                0x0000000008003220                HAL_DeInit
 .text.HAL_MspDeInit
                0x000000000800326c        0xa ./Drivers/STM32G0xx_HAL_Driver/Src/stm32g0xx_hal.o
                0x000000000800326c                HAL_MspDeInit
 *fill*         0x0000000008003276        0x2 
 .text.HAL_InitTick
                0x0000000008003278       0x94 ./Drivers/STM32G0xx_HAL_Driver/Src/stm32g0xx_hal.o
                0x0000000008003278                HAL_InitTick
 .text.HAL_IncTick
                0x000000000800330c       0x24 ./Drivers/STM32G0xx_HAL_Driver/Src/stm32g0xx_hal.o
                0x000000000800330c                HAL_IncTick
 .text.HAL_GetTick
                0x0000000008003330       0x14 ./Drivers/STM32G0xx_HAL_Driver/Src/stm32g0xx_hal.o
                0x0000000008003330                HAL_GetTick
 .text.HAL_Delay
                0x0000000008003344       0x48 ./Drivers/STM32G0xx_HAL_Driver/Src/stm32g0xx_hal.o
                0x0000000008003344                HAL_Delay
 .text.__NVIC_EnableIRQ
                0x000000000800338c       0x34 ./Drivers/STM32G0xx_HAL_Driver/Src/stm32g0xx_hal_cortex.o
 .text.__NVIC_DisableIRQ
                0x00000000080033c0       0x44 ./Drivers/STM32G0xx_HAL_Driver/Src/stm32g0xx_hal_cortex.o
 .text.__NVIC_SetPriority
                0x0000000008003404       0xdc ./Drivers/STM32G0xx_HAL_Driver/Src/stm32g0xx_hal_cortex.o
 .text.SysTick_Config
                0x00000000080034e0       0x48 ./Drivers/STM32G0xx_HAL_Driver/Src/stm32g0xx_hal_cortex.o
 .text.HAL_NVIC_SetPriority
                0x0000000008003528       0x2a ./Drivers/STM32G0xx_HAL_Driver/Src/stm32g0xx_hal_cortex.o
                0x0000000008003528                HAL_NVIC_SetPriority
 .text.HAL_NVIC_EnableIRQ
                0x0000000008003552       0x20 ./Drivers/STM32G0xx_HAL_Driver/Src/stm32g0xx_hal_cortex.o
                0x0000000008003552                HAL_NVIC_EnableIRQ
 .text.HAL_NVIC_DisableIRQ
                0x0000000008003572       0x20 ./Drivers/STM32G0xx_HAL_Driver/Src/stm32g0xx_hal_cortex.o
                0x0000000008003572                HAL_NVIC_DisableIRQ
 .text.HAL_SYSTICK_Config
                0x0000000008003592       0x1a ./Drivers/STM32G0xx_HAL_Driver/Src/stm32g0xx_hal_cortex.o
                0x0000000008003592                HAL_SYSTICK_Config
 .text.HAL_CRC_Init
                0x00000000080035ac       0xcc ./Drivers/STM32G0xx_HAL_Driver/Src/stm32g0xx_hal_crc.o
                0x00000000080035ac                HAL_CRC_Init
 .text.HAL_CRC_DeInit
                0x0000000008003678       0x62 ./Drivers/STM32G0xx_HAL_Driver/Src/stm32g0xx_hal_crc.o
                0x0000000008003678                HAL_CRC_DeInit
 .text.HAL_CRC_Accumulate
                0x00000000080036da       0x8e ./Drivers/STM32G0xx_HAL_Driver/Src/stm32g0xx_hal_crc.o
                0x00000000080036da                HAL_CRC_Accumulate
 .text.CRC_Handle_8
                0x0000000008003768      0x122 ./Drivers/STM32G0xx_HAL_Driver/Src/stm32g0xx_hal_crc.o
 .text.CRC_Handle_16
                0x000000000800388a       0x6e ./Drivers/STM32G0xx_HAL_Driver/Src/stm32g0xx_hal_crc.o
 .text.HAL_CRCEx_Polynomial_Set
                0x00000000080038f8       0xda ./Drivers/STM32G0xx_HAL_Driver/Src/stm32g0xx_hal_crc_ex.o
                0x00000000080038f8                HAL_CRCEx_Polynomial_Set
 *fill*         0x00000000080039d2        0x2 
 .text.HAL_DMA_Init
                0x00000000080039d4      0x114 ./Drivers/STM32G0xx_HAL_Driver/Src/stm32g0xx_hal_dma.o
                0x00000000080039d4                HAL_DMA_Init
 .text.HAL_DMA_DeInit
                0x0000000008003ae8       0xf0 ./Drivers/STM32G0xx_HAL_Driver/Src/stm32g0xx_hal_dma.o
                0x0000000008003ae8                HAL_DMA_DeInit
 .text.HAL_DMA_Start_IT
                0x0000000008003bd8      0x10c ./Drivers/STM32G0xx_HAL_Driver/Src/stm32g0xx_hal_dma.o
                0x0000000008003bd8                HAL_DMA_Start_IT
 .text.HAL_DMA_Abort
                0x0000000008003ce4       0xc4 ./Drivers/STM32G0xx_HAL_Driver/Src/stm32g0xx_hal_dma.o
                0x0000000008003ce4                HAL_DMA_Abort
 .text.HAL_DMA_Abort_IT
                0x0000000008003da8       0xd4 ./Drivers/STM32G0xx_HAL_Driver/Src/stm32g0xx_hal_dma.o
                0x0000000008003da8                HAL_DMA_Abort_IT
 .text.HAL_DMA_IRQHandler
                0x0000000008003e7c      0x164 ./Drivers/STM32G0xx_HAL_Driver/Src/stm32g0xx_hal_dma.o
                0x0000000008003e7c                HAL_DMA_IRQHandler
 .text.DMA_SetConfig
                0x0000000008003fe0       0x80 ./Drivers/STM32G0xx_HAL_Driver/Src/stm32g0xx_hal_dma.o
 .text.DMA_CalcDMAMUXChannelBaseAndMask
                0x0000000008004060       0x58 ./Drivers/STM32G0xx_HAL_Driver/Src/stm32g0xx_hal_dma.o
 .text.DMA_CalcDMAMUXRequestGenBaseAndMask
                0x00000000080040b8       0x48 ./Drivers/STM32G0xx_HAL_Driver/Src/stm32g0xx_hal_dma.o
 .text.HAL_FLASH_Program
                0x0000000008004100       0x9c ./Drivers/STM32G0xx_HAL_Driver/Src/stm32g0xx_hal_flash.o
                0x0000000008004100                HAL_FLASH_Program
 .text.HAL_FLASH_IRQHandler
                0x000000000800419c      0x104 ./Drivers/STM32G0xx_HAL_Driver/Src/stm32g0xx_hal_flash.o
                0x000000000800419c                HAL_FLASH_IRQHandler
 .text.HAL_FLASH_EndOfOperationCallback
                0x00000000080042a0       0x10 ./Drivers/STM32G0xx_HAL_Driver/Src/stm32g0xx_hal_flash.o
                0x00000000080042a0                HAL_FLASH_EndOfOperationCallback
 .text.HAL_FLASH_OperationErrorCallback
                0x00000000080042b0       0x10 ./Drivers/STM32G0xx_HAL_Driver/Src/stm32g0xx_hal_flash.o
                0x00000000080042b0                HAL_FLASH_OperationErrorCallback
 .text.HAL_FLASH_Unlock
                0x00000000080042c0       0x48 ./Drivers/STM32G0xx_HAL_Driver/Src/stm32g0xx_hal_flash.o
                0x00000000080042c0                HAL_FLASH_Unlock
 .text.HAL_FLASH_Lock
                0x0000000008004308       0x38 ./Drivers/STM32G0xx_HAL_Driver/Src/stm32g0xx_hal_flash.o
                0x0000000008004308                HAL_FLASH_Lock
 .text.HAL_FLASH_OB_Unlock
                0x0000000008004340       0x50 ./Drivers/STM32G0xx_HAL_Driver/Src/stm32g0xx_hal_flash.o
                0x0000000008004340                HAL_FLASH_OB_Unlock
 .text.HAL_FLASH_OB_Lock
                0x0000000008004390       0x3c ./Drivers/STM32G0xx_HAL_Driver/Src/stm32g0xx_hal_flash.o
                0x0000000008004390                HAL_FLASH_OB_Lock
 .text.FLASH_WaitForLastOperation
                0x00000000080043cc       0x9c ./Drivers/STM32G0xx_HAL_Driver/Src/stm32g0xx_hal_flash.o
                0x00000000080043cc                FLASH_WaitForLastOperation
 .text.FLASH_Program_DoubleWord
                0x0000000008004468       0x40 ./Drivers/STM32G0xx_HAL_Driver/Src/stm32g0xx_hal_flash.o
 .text.HAL_FLASHEx_Erase
                0x00000000080044a8       0xe8 ./Drivers/STM32G0xx_HAL_Driver/Src/stm32g0xx_hal_flash_ex.o
                0x00000000080044a8                HAL_FLASHEx_Erase
 .text.FLASH_MassErase
                0x0000000008004590       0x28 ./Drivers/STM32G0xx_HAL_Driver/Src/stm32g0xx_hal_flash_ex.o
 .text.FLASH_PageErase
                0x00000000080045b8       0x38 ./Drivers/STM32G0xx_HAL_Driver/Src/stm32g0xx_hal_flash_ex.o
                0x00000000080045b8                FLASH_PageErase
 .text.HAL_GPIO_Init
                0x00000000080045f0      0x2c8 ./Drivers/STM32G0xx_HAL_Driver/Src/stm32g0xx_hal_gpio.o
                0x00000000080045f0                HAL_GPIO_Init
 .text.HAL_GPIO_DeInit
                0x00000000080048b8      0x1a0 ./Drivers/STM32G0xx_HAL_Driver/Src/stm32g0xx_hal_gpio.o
                0x00000000080048b8                HAL_GPIO_DeInit
 .text.HAL_GPIO_ReadPin
                0x0000000008004a58       0x3a ./Drivers/STM32G0xx_HAL_Driver/Src/stm32g0xx_hal_gpio.o
                0x0000000008004a58                HAL_GPIO_ReadPin
 .text.HAL_GPIO_WritePin
                0x0000000008004a92       0x3a ./Drivers/STM32G0xx_HAL_Driver/Src/stm32g0xx_hal_gpio.o
                0x0000000008004a92                HAL_GPIO_WritePin
 .text.HAL_I2C_Init
                0x0000000008004acc      0x12c ./Drivers/STM32G0xx_HAL_Driver/Src/stm32g0xx_hal_i2c.o
                0x0000000008004acc                HAL_I2C_Init
 .text.HAL_I2C_DeInit
                0x0000000008004bf8       0x60 ./Drivers/STM32G0xx_HAL_Driver/Src/stm32g0xx_hal_i2c.o
                0x0000000008004bf8                HAL_I2C_DeInit
 .text.HAL_I2C_Master_Transmit
                0x0000000008004c58      0x210 ./Drivers/STM32G0xx_HAL_Driver/Src/stm32g0xx_hal_i2c.o
                0x0000000008004c58                HAL_I2C_Master_Transmit
 .text.HAL_I2C_IsDeviceReady
                0x0000000008004e68      0x234 ./Drivers/STM32G0xx_HAL_Driver/Src/stm32g0xx_hal_i2c.o
                0x0000000008004e68                HAL_I2C_IsDeviceReady
 .text.I2C_Flush_TXDR
                0x000000000800509c       0x44 ./Drivers/STM32G0xx_HAL_Driver/Src/stm32g0xx_hal_i2c.o
 .text.I2C_WaitOnFlagUntilTimeout
                0x00000000080050e0       0x7e ./Drivers/STM32G0xx_HAL_Driver/Src/stm32g0xx_hal_i2c.o
 .text.I2C_WaitOnTXISFlagUntilTimeout
                0x000000000800515e       0x7e ./Drivers/STM32G0xx_HAL_Driver/Src/stm32g0xx_hal_i2c.o
 .text.I2C_WaitOnSTOPFlagUntilTimeout
                0x00000000080051dc       0x78 ./Drivers/STM32G0xx_HAL_Driver/Src/stm32g0xx_hal_i2c.o
 .text.I2C_IsErrorOccurred
                0x0000000008005254      0x200 ./Drivers/STM32G0xx_HAL_Driver/Src/stm32g0xx_hal_i2c.o
 .text.I2C_TransferConfig
                0x0000000008005454       0x74 ./Drivers/STM32G0xx_HAL_Driver/Src/stm32g0xx_hal_i2c.o
 .text.HAL_I2CEx_ConfigAnalogFilter
                0x00000000080054c8       0x98 ./Drivers/STM32G0xx_HAL_Driver/Src/stm32g0xx_hal_i2c_ex.o
                0x00000000080054c8                HAL_I2CEx_ConfigAnalogFilter
 .text.HAL_I2CEx_ConfigDigitalFilter
                0x0000000008005560       0x98 ./Drivers/STM32G0xx_HAL_Driver/Src/stm32g0xx_hal_i2c_ex.o
                0x0000000008005560                HAL_I2CEx_ConfigDigitalFilter
 .text.HAL_PWREx_ControlVoltageScaling
                0x00000000080055f8       0x80 ./Drivers/STM32G0xx_HAL_Driver/Src/stm32g0xx_hal_pwr_ex.o
                0x00000000080055f8                HAL_PWREx_ControlVoltageScaling
 .text.LL_RCC_GetAPB1Prescaler
                0x0000000008005678       0x18 ./Drivers/STM32G0xx_HAL_Driver/Src/stm32g0xx_hal_rcc.o
 .text.HAL_RCC_DeInit
                0x0000000008005690       0xf8 ./Drivers/STM32G0xx_HAL_Driver/Src/stm32g0xx_hal_rcc.o
                0x0000000008005690                HAL_RCC_DeInit
 .text.HAL_RCC_OscConfig
                0x0000000008005788      0x620 ./Drivers/STM32G0xx_HAL_Driver/Src/stm32g0xx_hal_rcc.o
                0x0000000008005788                HAL_RCC_OscConfig
 .text.HAL_RCC_ClockConfig
                0x0000000008005da8      0x210 ./Drivers/STM32G0xx_HAL_Driver/Src/stm32g0xx_hal_rcc.o
                0x0000000008005da8                HAL_RCC_ClockConfig
 .text.HAL_RCC_GetSysClockFreq
                0x0000000008005fb8      0x104 ./Drivers/STM32G0xx_HAL_Driver/Src/stm32g0xx_hal_rcc.o
                0x0000000008005fb8                HAL_RCC_GetSysClockFreq
 .text.HAL_RCC_GetHCLKFreq
                0x00000000080060bc       0x14 ./Drivers/STM32G0xx_HAL_Driver/Src/stm32g0xx_hal_rcc.o
                0x00000000080060bc                HAL_RCC_GetHCLKFreq
 .text.HAL_RCC_GetPCLK1Freq
                0x00000000080060d0       0x2c ./Drivers/STM32G0xx_HAL_Driver/Src/stm32g0xx_hal_rcc.o
                0x00000000080060d0                HAL_RCC_GetPCLK1Freq
 .text.HAL_RCCEx_PeriphCLKConfig
                0x00000000080060fc      0x268 ./Drivers/STM32G0xx_HAL_Driver/Src/stm32g0xx_hal_rcc_ex.o
                0x00000000080060fc                HAL_RCCEx_PeriphCLKConfig
 .text.HAL_SPI_Init
                0x0000000008006364      0x170 ./Drivers/STM32G0xx_HAL_Driver/Src/stm32g0xx_hal_spi.o
                0x0000000008006364                HAL_SPI_Init
 .text.HAL_SPI_Transmit
                0x00000000080064d4      0x2b0 ./Drivers/STM32G0xx_HAL_Driver/Src/stm32g0xx_hal_spi.o
                0x00000000080064d4                HAL_SPI_Transmit
 .text.HAL_SPI_Receive
                0x0000000008006784      0x298 ./Drivers/STM32G0xx_HAL_Driver/Src/stm32g0xx_hal_spi.o
                0x0000000008006784                HAL_SPI_Receive
 .text.HAL_SPI_TransmitReceive
                0x0000000008006a1c      0x3a4 ./Drivers/STM32G0xx_HAL_Driver/Src/stm32g0xx_hal_spi.o
                0x0000000008006a1c                HAL_SPI_TransmitReceive
 .text.SPI_WaitFlagStateUntilTimeout
                0x0000000008006dc0      0x11c ./Drivers/STM32G0xx_HAL_Driver/Src/stm32g0xx_hal_spi.o
 .text.SPI_WaitFifoStateUntilTimeout
                0x0000000008006edc      0x144 ./Drivers/STM32G0xx_HAL_Driver/Src/stm32g0xx_hal_spi.o
 .text.SPI_EndRxTransaction
                0x0000000008007020       0xbc ./Drivers/STM32G0xx_HAL_Driver/Src/stm32g0xx_hal_spi.o
 .text.SPI_EndRxTxTransaction
                0x00000000080070dc       0x8c ./Drivers/STM32G0xx_HAL_Driver/Src/stm32g0xx_hal_spi.o
 .text.HAL_UART_Init
                0x0000000008007168       0xac ./Drivers/STM32G0xx_HAL_Driver/Src/stm32g0xx_hal_uart.o
                0x0000000008007168                HAL_UART_Init
 .text.HAL_UART_Transmit
                0x0000000008007214      0x138 ./Drivers/STM32G0xx_HAL_Driver/Src/stm32g0xx_hal_uart.o
                0x0000000008007214                HAL_UART_Transmit
 .text.HAL_UART_IRQHandler
                0x000000000800734c      0x64c ./Drivers/STM32G0xx_HAL_Driver/Src/stm32g0xx_hal_uart.o
                0x000000000800734c                HAL_UART_IRQHandler
 .text.HAL_UART_TxCpltCallback
                0x0000000008007998       0x10 ./Drivers/STM32G0xx_HAL_Driver/Src/stm32g0xx_hal_uart.o
                0x0000000008007998                HAL_UART_TxCpltCallback
 .text.HAL_UART_RxCpltCallback
                0x00000000080079a8       0x10 ./Drivers/STM32G0xx_HAL_Driver/Src/stm32g0xx_hal_uart.o
                0x00000000080079a8                HAL_UART_RxCpltCallback
 .text.HAL_UART_RxHalfCpltCallback
                0x00000000080079b8       0x10 ./Drivers/STM32G0xx_HAL_Driver/Src/stm32g0xx_hal_uart.o
                0x00000000080079b8                HAL_UART_RxHalfCpltCallback
 .text.HAL_UART_ErrorCallback
                0x00000000080079c8       0x10 ./Drivers/STM32G0xx_HAL_Driver/Src/stm32g0xx_hal_uart.o
                0x00000000080079c8                HAL_UART_ErrorCallback
 .text.UART_SetConfig
                0x00000000080079d8      0x348 ./Drivers/STM32G0xx_HAL_Driver/Src/stm32g0xx_hal_uart.o
                0x00000000080079d8                UART_SetConfig
 .text.UART_AdvFeatureConfig
                0x0000000008007d20      0x168 ./Drivers/STM32G0xx_HAL_Driver/Src/stm32g0xx_hal_uart.o
                0x0000000008007d20                UART_AdvFeatureConfig
 .text.UART_CheckIdleState
                0x0000000008007e88       0x9c ./Drivers/STM32G0xx_HAL_Driver/Src/stm32g0xx_hal_uart.o
                0x0000000008007e88                UART_CheckIdleState
 .text.UART_WaitOnFlagUntilTimeout
                0x0000000008007f24      0x190 ./Drivers/STM32G0xx_HAL_Driver/Src/stm32g0xx_hal_uart.o
                0x0000000008007f24                UART_WaitOnFlagUntilTimeout
 .text.UART_Start_Receive_DMA
                0x00000000080080b4      0x14c ./Drivers/STM32G0xx_HAL_Driver/Src/stm32g0xx_hal_uart.o
                0x00000000080080b4                UART_Start_Receive_DMA
 .text.UART_EndTxTransfer
                0x0000000008008200       0x80 ./Drivers/STM32G0xx_HAL_Driver/Src/stm32g0xx_hal_uart.o
 .text.UART_EndRxTransfer
                0x0000000008008280       0xcc ./Drivers/STM32G0xx_HAL_Driver/Src/stm32g0xx_hal_uart.o
 .text.UART_DMAReceiveCplt
                0x000000000800834c      0x130 ./Drivers/STM32G0xx_HAL_Driver/Src/stm32g0xx_hal_uart.o
 .text.UART_DMARxHalfCplt
                0x000000000800847c       0x42 ./Drivers/STM32G0xx_HAL_Driver/Src/stm32g0xx_hal_uart.o
 .text.UART_DMAError
                0x00000000080084be       0x86 ./Drivers/STM32G0xx_HAL_Driver/Src/stm32g0xx_hal_uart.o
 .text.UART_DMAAbortOnError
                0x0000000008008544       0x2e ./Drivers/STM32G0xx_HAL_Driver/Src/stm32g0xx_hal_uart.o
 .text.UART_EndTransmit_IT
                0x0000000008008572       0x58 ./Drivers/STM32G0xx_HAL_Driver/Src/stm32g0xx_hal_uart.o
 .text.HAL_UARTEx_WakeupCallback
                0x00000000080085ca       0x10 ./Drivers/STM32G0xx_HAL_Driver/Src/stm32g0xx_hal_uart_ex.o
                0x00000000080085ca                HAL_UARTEx_WakeupCallback
 .text.HAL_UARTEx_RxFifoFullCallback
                0x00000000080085da       0x10 ./Drivers/STM32G0xx_HAL_Driver/Src/stm32g0xx_hal_uart_ex.o
                0x00000000080085da                HAL_UARTEx_RxFifoFullCallback
 .text.HAL_UARTEx_TxFifoEmptyCallback
                0x00000000080085ea       0x10 ./Drivers/STM32G0xx_HAL_Driver/Src/stm32g0xx_hal_uart_ex.o
                0x00000000080085ea                HAL_UARTEx_TxFifoEmptyCallback
 *fill*         0x00000000080085fa        0x2 
 .text.HAL_UARTEx_DisableFifoMode
                0x00000000080085fc       0x74 ./Drivers/STM32G0xx_HAL_Driver/Src/stm32g0xx_hal_uart_ex.o
                0x00000000080085fc                HAL_UARTEx_DisableFifoMode
 .text.HAL_UARTEx_SetTxFifoThreshold
                0x0000000008008670       0x7e ./Drivers/STM32G0xx_HAL_Driver/Src/stm32g0xx_hal_uart_ex.o
                0x0000000008008670                HAL_UARTEx_SetTxFifoThreshold
 *fill*         0x00000000080086ee        0x2 
 .text.HAL_UARTEx_SetRxFifoThreshold
                0x00000000080086f0       0x84 ./Drivers/STM32G0xx_HAL_Driver/Src/stm32g0xx_hal_uart_ex.o
                0x00000000080086f0                HAL_UARTEx_SetRxFifoThreshold
 .text.HAL_UARTEx_ReceiveToIdle_DMA
                0x0000000008008774       0xd0 ./Drivers/STM32G0xx_HAL_Driver/Src/stm32g0xx_hal_uart_ex.o
                0x0000000008008774                HAL_UARTEx_ReceiveToIdle_DMA
 .text.UARTEx_SetNbDataToProcess
                0x0000000008008844       0xbc ./Drivers/STM32G0xx_HAL_Driver/Src/stm32g0xx_hal_uart_ex.o
 .text.__errno  0x0000000008008900        0xc c:/st/stm32cubeide_1.12.1/stm32cubeide/plugins/com.st.stm32cube.ide.mcu.externaltools.gnu-tools-for-stm32.10.3-2021.10.win32_1.0.200.202301161003/tools/bin/../lib/gcc/arm-none-eabi/10.3.1/../../../../arm-none-eabi/lib/thumb/v6-m/nofp\libc_nano.a(lib_a-errno.o)
                0x0000000008008900                __errno
 .text.__libc_init_array
                0x000000000800890c       0x48 c:/st/stm32cubeide_1.12.1/stm32cubeide/plugins/com.st.stm32cube.ide.mcu.externaltools.gnu-tools-for-stm32.10.3-2021.10.win32_1.0.200.202301161003/tools/bin/../lib/gcc/arm-none-eabi/10.3.1/../../../../arm-none-eabi/lib/thumb/v6-m/nofp\libc_nano.a(lib_a-init.o)
                0x000000000800890c                __libc_init_array
 .text.memcpy   0x0000000008008954       0x12 c:/st/stm32cubeide_1.12.1/stm32cubeide/plugins/com.st.stm32cube.ide.mcu.externaltools.gnu-tools-for-stm32.10.3-2021.10.win32_1.0.200.202301161003/tools/bin/../lib/gcc/arm-none-eabi/10.3.1/../../../../arm-none-eabi/lib/thumb/v6-m/nofp\libc_nano.a(lib_a-memcpy-stub.o)
                0x0000000008008954                memcpy
 .text.memset   0x0000000008008966       0x10 c:/st/stm32cubeide_1.12.1/stm32cubeide/plugins/com.st.stm32cube.ide.mcu.externaltools.gnu-tools-for-stm32.10.3-2021.10.win32_1.0.200.202301161003/tools/bin/../lib/gcc/arm-none-eabi/10.3.1/../../../../arm-none-eabi/lib/thumb/v6-m/nofp\libc_nano.a(lib_a-memset.o)
                0x0000000008008966                memset
 *fill*         0x0000000008008976        0x2 
 .text._vsprintf_r
                0x0000000008008978       0x2c c:/st/stm32cubeide_1.12.1/stm32cubeide/plugins/com.st.stm32cube.ide.mcu.externaltools.gnu-tools-for-stm32.10.3-2021.10.win32_1.0.200.202301161003/tools/bin/../lib/gcc/arm-none-eabi/10.3.1/../../../../arm-none-eabi/lib/thumb/v6-m/nofp\libc_nano.a(lib_a-vsprintf.o)
                0x0000000008008978                _vsprintf_r
                0x0000000008008978                _vsiprintf_r
 .text.vsprintf
                0x00000000080089a4       0x18 c:/st/stm32cubeide_1.12.1/stm32cubeide/plugins/com.st.stm32cube.ide.mcu.externaltools.gnu-tools-for-stm32.10.3-2021.10.win32_1.0.200.202301161003/tools/bin/../lib/gcc/arm-none-eabi/10.3.1/../../../../arm-none-eabi/lib/thumb/v6-m/nofp\libc_nano.a(lib_a-vsprintf.o)
                0x00000000080089a4                vsiprintf
                0x00000000080089a4                vsprintf
 .text.__ssputs_r
                0x00000000080089bc       0xc4 c:/st/stm32cubeide_1.12.1/stm32cubeide/plugins/com.st.stm32cube.ide.mcu.externaltools.gnu-tools-for-stm32.10.3-2021.10.win32_1.0.200.202301161003/tools/bin/../lib/gcc/arm-none-eabi/10.3.1/../../../../arm-none-eabi/lib/thumb/v6-m/nofp\libc_nano.a(lib_a-nano-svfprintf.o)
                0x00000000080089bc                __ssputs_r
 .text._svfprintf_r
                0x0000000008008a80      0x200 c:/st/stm32cubeide_1.12.1/stm32cubeide/plugins/com.st.stm32cube.ide.mcu.externaltools.gnu-tools-for-stm32.10.3-2021.10.win32_1.0.200.202301161003/tools/bin/../lib/gcc/arm-none-eabi/10.3.1/../../../../arm-none-eabi/lib/thumb/v6-m/nofp\libc_nano.a(lib_a-nano-svfprintf.o)
                0x0000000008008a80                _svfiprintf_r
                0x0000000008008a80                _svfprintf_r
 .text._printf_common
                0x0000000008008c80       0xde c:/st/stm32cubeide_1.12.1/stm32cubeide/plugins/com.st.stm32cube.ide.mcu.externaltools.gnu-tools-for-stm32.10.3-2021.10.win32_1.0.200.202301161003/tools/bin/../lib/gcc/arm-none-eabi/10.3.1/../../../../arm-none-eabi/lib/thumb/v6-m/nofp\libc_nano.a(lib_a-nano-vfprintf_i.o)
                0x0000000008008c80                _printf_common
 *fill*         0x0000000008008d5e        0x2 
 .text._printf_i
                0x0000000008008d60      0x224 c:/st/stm32cubeide_1.12.1/stm32cubeide/plugins/com.st.stm32cube.ide.mcu.externaltools.gnu-tools-for-stm32.10.3-2021.10.win32_1.0.200.202301161003/tools/bin/../lib/gcc/arm-none-eabi/10.3.1/../../../../arm-none-eabi/lib/thumb/v6-m/nofp\libc_nano.a(lib_a-nano-vfprintf_i.o)
                0x0000000008008d60                _printf_i
 .text.memchr   0x0000000008008f84       0x16 c:/st/stm32cubeide_1.12.1/stm32cubeide/plugins/com.st.stm32cube.ide.mcu.externaltools.gnu-tools-for-stm32.10.3-2021.10.win32_1.0.200.202301161003/tools/bin/../lib/gcc/arm-none-eabi/10.3.1/../../../../arm-none-eabi/lib/thumb/v6-m/nofp\libc_nano.a(lib_a-memchr-stub.o)
                0x0000000008008f84                memchr
 .text.memmove  0x0000000008008f9a       0x26 c:/st/stm32cubeide_1.12.1/stm32cubeide/plugins/com.st.stm32cube.ide.mcu.externaltools.gnu-tools-for-stm32.10.3-2021.10.win32_1.0.200.202301161003/tools/bin/../lib/gcc/arm-none-eabi/10.3.1/../../../../arm-none-eabi/lib/thumb/v6-m/nofp\libc_nano.a(lib_a-memmove.o)
                0x0000000008008f9a                memmove
 .text._free_r  0x0000000008008fc0       0x94 c:/st/stm32cubeide_1.12.1/stm32cubeide/plugins/com.st.stm32cube.ide.mcu.externaltools.gnu-tools-for-stm32.10.3-2021.10.win32_1.0.200.202301161003/tools/bin/../lib/gcc/arm-none-eabi/10.3.1/../../../../arm-none-eabi/lib/thumb/v6-m/nofp\libc_nano.a(lib_a-nano-freer.o)
                0x0000000008008fc0                _free_r
 .text.sbrk_aligned
                0x0000000008009054       0x44 c:/st/stm32cubeide_1.12.1/stm32cubeide/plugins/com.st.stm32cube.ide.mcu.externaltools.gnu-tools-for-stm32.10.3-2021.10.win32_1.0.200.202301161003/tools/bin/../lib/gcc/arm-none-eabi/10.3.1/../../../../arm-none-eabi/lib/thumb/v6-m/nofp\libc_nano.a(lib_a-nano-mallocr.o)
 .text._malloc_r
                0x0000000008009098       0xec c:/st/stm32cubeide_1.12.1/stm32cubeide/plugins/com.st.stm32cube.ide.mcu.externaltools.gnu-tools-for-stm32.10.3-2021.10.win32_1.0.200.202301161003/tools/bin/../lib/gcc/arm-none-eabi/10.3.1/../../../../arm-none-eabi/lib/thumb/v6-m/nofp\libc_nano.a(lib_a-nano-mallocr.o)
                0x0000000008009098                _malloc_r
 .text._realloc_r
                0x0000000008009184       0x5e c:/st/stm32cubeide_1.12.1/stm32cubeide/plugins/com.st.stm32cube.ide.mcu.externaltools.gnu-tools-for-stm32.10.3-2021.10.win32_1.0.200.202301161003/tools/bin/../lib/gcc/arm-none-eabi/10.3.1/../../../../arm-none-eabi/lib/thumb/v6-m/nofp\libc_nano.a(lib_a-nano-reallocr.o)
                0x0000000008009184                _realloc_r
 *fill*         0x00000000080091e2        0x2 
 .text._sbrk_r  0x00000000080091e4       0x24 c:/st/stm32cubeide_1.12.1/stm32cubeide/plugins/com.st.stm32cube.ide.mcu.externaltools.gnu-tools-for-stm32.10.3-2021.10.win32_1.0.200.202301161003/tools/bin/../lib/gcc/arm-none-eabi/10.3.1/../../../../arm-none-eabi/lib/thumb/v6-m/nofp\libc_nano.a(lib_a-sbrkr.o)
                0x00000000080091e4                _sbrk_r
 .text.__malloc_lock
                0x0000000008009208       0x10 c:/st/stm32cubeide_1.12.1/stm32cubeide/plugins/com.st.stm32cube.ide.mcu.externaltools.gnu-tools-for-stm32.10.3-2021.10.win32_1.0.200.202301161003/tools/bin/../lib/gcc/arm-none-eabi/10.3.1/../../../../arm-none-eabi/lib/thumb/v6-m/nofp\libc_nano.a(lib_a-mlock.o)
                0x0000000008009208                __malloc_lock
 .text.__malloc_unlock
                0x0000000008009218       0x10 c:/st/stm32cubeide_1.12.1/stm32cubeide/plugins/com.st.stm32cube.ide.mcu.externaltools.gnu-tools-for-stm32.10.3-2021.10.win32_1.0.200.202301161003/tools/bin/../lib/gcc/arm-none-eabi/10.3.1/../../../../arm-none-eabi/lib/thumb/v6-m/nofp\libc_nano.a(lib_a-mlock.o)
                0x0000000008009218                __malloc_unlock
 .text._malloc_usable_size_r
                0x0000000008009228       0x10 c:/st/stm32cubeide_1.12.1/stm32cubeide/plugins/com.st.stm32cube.ide.mcu.externaltools.gnu-tools-for-stm32.10.3-2021.10.win32_1.0.200.202301161003/tools/bin/../lib/gcc/arm-none-eabi/10.3.1/../../../../arm-none-eabi/lib/thumb/v6-m/nofp\libc_nano.a(lib_a-nano-msizer.o)
                0x0000000008009228                _malloc_usable_size_r
 .text.__retarget_lock_acquire_recursive
                0x0000000008009238        0x2 c:/st/stm32cubeide_1.12.1/stm32cubeide/plugins/com.st.stm32cube.ide.mcu.externaltools.gnu-tools-for-stm32.10.3-2021.10.win32_1.0.200.202301161003/tools/bin/../lib/gcc/arm-none-eabi/10.3.1/../../../../arm-none-eabi/lib/thumb/v6-m/nofp\libc_nano.a(lib_a-lock.o)
                0x0000000008009238                __retarget_lock_acquire_recursive
 .text.__retarget_lock_release_recursive
                0x000000000800923a        0x2 c:/st/stm32cubeide_1.12.1/stm32cubeide/plugins/com.st.stm32cube.ide.mcu.externaltools.gnu-tools-for-stm32.10.3-2021.10.win32_1.0.200.202301161003/tools/bin/../lib/gcc/arm-none-eabi/10.3.1/../../../../arm-none-eabi/lib/thumb/v6-m/nofp\libc_nano.a(lib_a-lock.o)
                0x000000000800923a                __retarget_lock_release_recursive
 *(.glue_7)
 .glue_7        0x000000000800923c        0x0 linker stubs
 *(.glue_7t)
 .glue_7t       0x000000000800923c        0x0 linker stubs
 *(.eh_frame)
 .eh_frame      0x000000000800923c        0x0 c:/st/stm32cubeide_1.12.1/stm32cubeide/plugins/com.st.stm32cube.ide.mcu.externaltools.gnu-tools-for-stm32.10.3-2021.10.win32_1.0.200.202301161003/tools/bin/../lib/gcc/arm-none-eabi/10.3.1/thumb/v6-m/nofp/crtbegin.o
 *(.init)
 .init          0x000000000800923c        0x4 c:/st/stm32cubeide_1.12.1/stm32cubeide/plugins/com.st.stm32cube.ide.mcu.externaltools.gnu-tools-for-stm32.10.3-2021.10.win32_1.0.200.202301161003/tools/bin/../lib/gcc/arm-none-eabi/10.3.1/thumb/v6-m/nofp/crti.o
                0x000000000800923c                _init
 .init          0x0000000008009240        0x8 c:/st/stm32cubeide_1.12.1/stm32cubeide/plugins/com.st.stm32cube.ide.mcu.externaltools.gnu-tools-for-stm32.10.3-2021.10.win32_1.0.200.202301161003/tools/bin/../lib/gcc/arm-none-eabi/10.3.1/thumb/v6-m/nofp/crtn.o
 *(.fini)
 .fini          0x0000000008009248        0x4 c:/st/stm32cubeide_1.12.1/stm32cubeide/plugins/com.st.stm32cube.ide.mcu.externaltools.gnu-tools-for-stm32.10.3-2021.10.win32_1.0.200.202301161003/tools/bin/../lib/gcc/arm-none-eabi/10.3.1/thumb/v6-m/nofp/crti.o
                0x0000000008009248                _fini
 .fini          0x000000000800924c        0x8 c:/st/stm32cubeide_1.12.1/stm32cubeide/plugins/com.st.stm32cube.ide.mcu.externaltools.gnu-tools-for-stm32.10.3-2021.10.win32_1.0.200.202301161003/tools/bin/../lib/gcc/arm-none-eabi/10.3.1/thumb/v6-m/nofp/crtn.o
 *fill*         0x0000000008009254        0x4 
 .fini.__stub   0x0000000008009258       0x10 linker stubs
                0x0000000008009268                . = ALIGN (0x4)
                0x0000000008009268                _etext = .

.vfp11_veneer   0x0000000008009268        0x0
 .vfp11_veneer  0x0000000008009268        0x0 linker stubs

.v4_bx          0x0000000008009268        0x0
 .v4_bx         0x0000000008009268        0x0 linker stubs

.iplt           0x0000000008009268        0x0
 .iplt          0x0000000008009268        0x0 c:/st/stm32cubeide_1.12.1/stm32cubeide/plugins/com.st.stm32cube.ide.mcu.externaltools.gnu-tools-for-stm32.10.3-2021.10.win32_1.0.200.202301161003/tools/bin/../lib/gcc/arm-none-eabi/10.3.1/thumb/v6-m/nofp/crtbegin.o

.rodata         0x0000000008009268      0xc44
                0x0000000008009268                . = ALIGN (0x4)
 *(.rodata)
 .rodata        0x0000000008009268        0x3 ./Core/Src/W25Qxx.o
 *fill*         0x000000000800926b        0x1 
 .rodata        0x000000000800926c      0x33a ./Core/Src/bootloader_command_app.o
 *fill*         0x00000000080095a6        0x2 
 .rodata        0x00000000080095a8       0xa0 ./Core/Src/main.o
 *(.rodata*)
 .rodata.Font7x10
                0x0000000008009648      0x76c ./Core/Src/fonts.o
                0x0000000008009648                Font7x10
 .rodata.main   0x0000000008009db4       0x3c ./Core/Src/main.o
 .rodata.AHBPrescTable
                0x0000000008009df0       0x40 ./Core/Src/system_stm32g0xx.o
                0x0000000008009df0                AHBPrescTable
 .rodata.APBPrescTable
                0x0000000008009e30       0x20 ./Core/Src/system_stm32g0xx.o
                0x0000000008009e30                APBPrescTable
 .rodata.UARTPrescTable
                0x0000000008009e50       0x18 ./Drivers/STM32G0xx_HAL_Driver/Src/stm32g0xx_hal_uart.o
                0x0000000008009e50                UARTPrescTable
 .rodata.numerator.1
                0x0000000008009e68        0x8 ./Drivers/STM32G0xx_HAL_Driver/Src/stm32g0xx_hal_uart_ex.o
 .rodata.denominator.0
                0x0000000008009e70        0x8 ./Drivers/STM32G0xx_HAL_Driver/Src/stm32g0xx_hal_uart_ex.o
 .rodata._svfprintf_r.str1.1
                0x0000000008009e78       0x11 c:/st/stm32cubeide_1.12.1/stm32cubeide/plugins/com.st.stm32cube.ide.mcu.externaltools.gnu-tools-for-stm32.10.3-2021.10.win32_1.0.200.202301161003/tools/bin/../lib/gcc/arm-none-eabi/10.3.1/../../../../arm-none-eabi/lib/thumb/v6-m/nofp\libc_nano.a(lib_a-nano-svfprintf.o)
 .rodata._printf_i.str1.1
                0x0000000008009e89       0x22 c:/st/stm32cubeide_1.12.1/stm32cubeide/plugins/com.st.stm32cube.ide.mcu.externaltools.gnu-tools-for-stm32.10.3-2021.10.win32_1.0.200.202301161003/tools/bin/../lib/gcc/arm-none-eabi/10.3.1/../../../../arm-none-eabi/lib/thumb/v6-m/nofp\libc_nano.a(lib_a-nano-vfprintf_i.o)
                0x0000000008009eac                . = ALIGN (0x4)
 *fill*         0x0000000008009eab        0x1 

.rel.dyn        0x0000000008009eac        0x0
 .rel.iplt      0x0000000008009eac        0x0 c:/st/stm32cubeide_1.12.1/stm32cubeide/plugins/com.st.stm32cube.ide.mcu.externaltools.gnu-tools-for-stm32.10.3-2021.10.win32_1.0.200.202301161003/tools/bin/../lib/gcc/arm-none-eabi/10.3.1/thumb/v6-m/nofp/crtbegin.o

.ARM.extab      0x0000000008009eac        0x0
                0x0000000008009eac                . = ALIGN (0x4)
 *(.ARM.extab* .gnu.linkonce.armextab.*)
                0x0000000008009eac                . = ALIGN (0x4)

.ARM            0x0000000008009eac        0x0
                0x0000000008009eac                . = ALIGN (0x4)
                0x0000000008009eac                __exidx_start = .
 *(.ARM.exidx*)
                0x0000000008009eac                __exidx_end = .
                0x0000000008009eac                . = ALIGN (0x4)

.preinit_array  0x0000000008009eac        0x0
                0x0000000008009eac                . = ALIGN (0x4)
                0x0000000008009eac                PROVIDE (__preinit_array_start = .)
 *(.preinit_array*)
                0x0000000008009eac                PROVIDE (__preinit_array_end = .)
                0x0000000008009eac                . = ALIGN (0x4)

.init_array     0x0000000008009eac        0x4
                0x0000000008009eac                . = ALIGN (0x4)
                0x0000000008009eac                PROVIDE (__init_array_start = .)
 *(SORT_BY_NAME(.init_array.*))
 *(.init_array*)
 .init_array    0x0000000008009eac        0x4 c:/st/stm32cubeide_1.12.1/stm32cubeide/plugins/com.st.stm32cube.ide.mcu.externaltools.gnu-tools-for-stm32.10.3-2021.10.win32_1.0.200.202301161003/tools/bin/../lib/gcc/arm-none-eabi/10.3.1/thumb/v6-m/nofp/crtbegin.o
                0x0000000008009eb0                PROVIDE (__init_array_end = .)
                0x0000000008009eb0                . = ALIGN (0x4)

.fini_array     0x0000000008009eb0        0x4
                0x0000000008009eb0                . = ALIGN (0x4)
                [!provide]                        PROVIDE (__fini_array_start = .)
 *(SORT_BY_NAME(.fini_array.*))
 *(.fini_array*)
 .fini_array    0x0000000008009eb0        0x4 c:/st/stm32cubeide_1.12.1/stm32cubeide/plugins/com.st.stm32cube.ide.mcu.externaltools.gnu-tools-for-stm32.10.3-2021.10.win32_1.0.200.202301161003/tools/bin/../lib/gcc/arm-none-eabi/10.3.1/thumb/v6-m/nofp/crtbegin.o
                [!provide]                        PROVIDE (__fini_array_end = .)
                0x0000000008009eb4                . = ALIGN (0x4)
                0x0000000008009eb4                _sidata = LOADADDR (.data)

.data           0x0000000020000000      0x10c load address 0x0000000008009eb4
                0x0000000020000000                . = ALIGN (0x4)
                0x0000000020000000                _sdata = .
 *(.data)
 *(.data*)
 .data.Font_7x10
                0x0000000020000000        0x8 ./Core/Src/fonts.o
                0x0000000020000000                Font_7x10
 .data.supported_commands
                0x0000000020000008        0xc ./Core/Src/main.o
                0x0000000020000008                supported_commands
 .data.SystemCoreClock
                0x0000000020000014        0x4 ./Core/Src/system_stm32g0xx.o
                0x0000000020000014                SystemCoreClock
 .data.uwTickPrio
                0x0000000020000018        0x4 ./Drivers/STM32G0xx_HAL_Driver/Src/stm32g0xx_hal.o
                0x0000000020000018                uwTickPrio
 .data.uwTickFreq
                0x000000002000001c        0x1 ./Drivers/STM32G0xx_HAL_Driver/Src/stm32g0xx_hal.o
                0x000000002000001c                uwTickFreq
 *fill*         0x000000002000001d        0x3 
 .data._impure_ptr
                0x0000000020000020        0x4 c:/st/stm32cubeide_1.12.1/stm32cubeide/plugins/com.st.stm32cube.ide.mcu.externaltools.gnu-tools-for-stm32.10.3-2021.10.win32_1.0.200.202301161003/tools/bin/../lib/gcc/arm-none-eabi/10.3.1/../../../../arm-none-eabi/lib/thumb/v6-m/nofp\libc_nano.a(lib_a-impure.o)
                0x0000000020000020                _impure_ptr
 .data.impure_data
                0x0000000020000024       0x60 c:/st/stm32cubeide_1.12.1/stm32cubeide/plugins/com.st.stm32cube.ide.mcu.externaltools.gnu-tools-for-stm32.10.3-2021.10.win32_1.0.200.202301161003/tools/bin/../lib/gcc/arm-none-eabi/10.3.1/../../../../arm-none-eabi/lib/thumb/v6-m/nofp\libc_nano.a(lib_a-impure.o)
 *(.RamFunc)
 .RamFunc       0x0000000020000084       0x88 ./Drivers/STM32G0xx_HAL_Driver/Src/stm32g0xx_hal_flash.o
 *(.RamFunc*)
                0x000000002000010c                . = ALIGN (0x4)
                0x000000002000010c                _edata = .

.igot.plt       0x000000002000010c        0x0 load address 0x0000000008009fc0
 .igot.plt      0x000000002000010c        0x0 c:/st/stm32cubeide_1.12.1/stm32cubeide/plugins/com.st.stm32cube.ide.mcu.externaltools.gnu-tools-for-stm32.10.3-2021.10.win32_1.0.200.202301161003/tools/bin/../lib/gcc/arm-none-eabi/10.3.1/thumb/v6-m/nofp/crtbegin.o
                0x000000002000010c                . = ALIGN (0x4)

.bss            0x0000000020000110     0x108c load address 0x0000000008009fc0
                0x0000000020000110                _sbss = .
                0x0000000020000110                __bss_start__ = _sbss
 *(.bss)
 .bss           0x0000000020000110       0x1c c:/st/stm32cubeide_1.12.1/stm32cubeide/plugins/com.st.stm32cube.ide.mcu.externaltools.gnu-tools-for-stm32.10.3-2021.10.win32_1.0.200.202301161003/tools/bin/../lib/gcc/arm-none-eabi/10.3.1/thumb/v6-m/nofp/crtbegin.o
 *(.bss*)
 *fill*         0x000000002000012c        0x4 
 .bss.w25qxx    0x0000000020000130       0x30 ./Core/Src/W25Qxx.o
                0x0000000020000130                w25qxx
 .bss.EXT_Flash_Buf
                0x0000000020000160      0x100 ./Core/Src/bootloader_command_app.o
                0x0000000020000160                EXT_Flash_Buf
 .bss.EXT_Flash_Write_Start_Addr
                0x0000000020000260        0x4 ./Core/Src/bootloader_command_app.o
                0x0000000020000260                EXT_Flash_Write_Start_Addr
 .bss.hcrc      0x0000000020000264       0x24 ./Core/Src/main.o
                0x0000000020000264                hcrc
 .bss.hi2c1     0x0000000020000288       0x54 ./Core/Src/main.o
                0x0000000020000288                hi2c1
 .bss.hspi1     0x00000000200002dc       0x64 ./Core/Src/main.o
                0x00000000200002dc                hspi1
 .bss.huart2    0x0000000020000340       0x94 ./Core/Src/main.o
                0x0000000020000340                huart2
 .bss.huart3    0x00000000200003d4       0x94 ./Core/Src/main.o
                0x00000000200003d4                huart3
 .bss.hdma_usart3_rx
                0x0000000020000468       0x5c ./Core/Src/main.o
                0x0000000020000468                hdma_usart3_rx
 .bss.bootloader_rx_data
                0x00000000200004c4       0xc8 ./Core/Src/main.o
                0x00000000200004c4                bootloader_rx_data
 .bss.Bootloader_Main_Buf
                0x000000002000058c      0x7d0 ./Core/Src/main.o
                0x000000002000058c                Bootloader_Main_Buf
 .bss.Boot_Receive_Flag
                0x0000000020000d5c        0x1 ./Core/Src/main.o
                0x0000000020000d5c                Boot_Receive_Flag
 *fill*         0x0000000020000d5d        0x3 
 .bss.SSD1306_Buffer
                0x0000000020000d60      0x400 ./Core/Src/ssd1306.o
 .bss.SSD1306   0x0000000020001160        0x6 ./Core/Src/ssd1306.o
 *fill*         0x0000000020001166        0x2 
 .bss.__sbrk_heap_end
                0x0000000020001168        0x4 ./Core/Src/sysmem.o
 .bss.uwTick    0x000000002000116c        0x4 ./Drivers/STM32G0xx_HAL_Driver/Src/stm32g0xx_hal.o
                0x000000002000116c                uwTick
 .bss.pFlash    0x0000000020001170       0x1c ./Drivers/STM32G0xx_HAL_Driver/Src/stm32g0xx_hal_flash.o
                0x0000000020001170                pFlash
 .bss.__malloc_free_list
                0x000000002000118c        0x4 c:/st/stm32cubeide_1.12.1/stm32cubeide/plugins/com.st.stm32cube.ide.mcu.externaltools.gnu-tools-for-stm32.10.3-2021.10.win32_1.0.200.202301161003/tools/bin/../lib/gcc/arm-none-eabi/10.3.1/../../../../arm-none-eabi/lib/thumb/v6-m/nofp\libc_nano.a(lib_a-nano-mallocr.o)
                0x000000002000118c                __malloc_free_list
 .bss.__malloc_sbrk_start
                0x0000000020001190        0x4 c:/st/stm32cubeide_1.12.1/stm32cubeide/plugins/com.st.stm32cube.ide.mcu.externaltools.gnu-tools-for-stm32.10.3-2021.10.win32_1.0.200.202301161003/tools/bin/../lib/gcc/arm-none-eabi/10.3.1/../../../../arm-none-eabi/lib/thumb/v6-m/nofp\libc_nano.a(lib_a-nano-mallocr.o)
                0x0000000020001190                __malloc_sbrk_start
 .bss.errno     0x0000000020001194        0x4 c:/st/stm32cubeide_1.12.1/stm32cubeide/plugins/com.st.stm32cube.ide.mcu.externaltools.gnu-tools-for-stm32.10.3-2021.10.win32_1.0.200.202301161003/tools/bin/../lib/gcc/arm-none-eabi/10.3.1/../../../../arm-none-eabi/lib/thumb/v6-m/nofp\libc_nano.a(lib_a-reent.o)
                0x0000000020001194                errno
 .bss.__lock___malloc_recursive_mutex
                0x0000000020001198        0x1 c:/st/stm32cubeide_1.12.1/stm32cubeide/plugins/com.st.stm32cube.ide.mcu.externaltools.gnu-tools-for-stm32.10.3-2021.10.win32_1.0.200.202301161003/tools/bin/../lib/gcc/arm-none-eabi/10.3.1/../../../../arm-none-eabi/lib/thumb/v6-m/nofp\libc_nano.a(lib_a-lock.o)
                0x0000000020001198                __lock___malloc_recursive_mutex
 *(COMMON)
                0x000000002000119c                . = ALIGN (0x4)
 *fill*         0x0000000020001199        0x3 
                0x000000002000119c                _ebss = .
                0x000000002000119c                __bss_end__ = _ebss

._user_heap_stack
                0x000000002000119c      0x604 load address 0x0000000008009fc0
                0x00000000200011a0                . = ALIGN (0x8)
 *fill*         0x000000002000119c        0x4 
                [!provide]                        PROVIDE (end = .)
                0x00000000200011a0                PROVIDE (_end = .)
                0x00000000200013a0                . = (. + _Min_Heap_Size)
 *fill*         0x00000000200011a0      0x200 
                0x00000000200017a0                . = (. + _Min_Stack_Size)
 *fill*         0x00000000200013a0      0x400 
                0x00000000200017a0                . = ALIGN (0x8)

/DISCARD/
 libc.a(*)
 libm.a(*)
 libgcc.a(*)

.ARM.attributes
                0x0000000000000000       0x28
 *(.ARM.attributes)
 .ARM.attributes
                0x0000000000000000       0x1e c:/st/stm32cubeide_1.12.1/stm32cubeide/plugins/com.st.stm32cube.ide.mcu.externaltools.gnu-tools-for-stm32.10.3-2021.10.win32_1.0.200.202301161003/tools/bin/../lib/gcc/arm-none-eabi/10.3.1/thumb/v6-m/nofp/crti.o
 .ARM.attributes
                0x000000000000001e       0x2c c:/st/stm32cubeide_1.12.1/stm32cubeide/plugins/com.st.stm32cube.ide.mcu.externaltools.gnu-tools-for-stm32.10.3-2021.10.win32_1.0.200.202301161003/tools/bin/../lib/gcc/arm-none-eabi/10.3.1/thumb/v6-m/nofp/crtbegin.o
 .ARM.attributes
                0x000000000000004a       0x2c ./Core/Src/W25Qxx.o
 .ARM.attributes
                0x0000000000000076       0x2c ./Core/Src/bootloader_command_app.o
 .ARM.attributes
                0x00000000000000a2       0x2c ./Core/Src/fonts.o
 .ARM.attributes
                0x00000000000000ce       0x2c ./Core/Src/main.o
 .ARM.attributes
                0x00000000000000fa       0x2c ./Core/Src/ssd1306.o
 .ARM.attributes
                0x0000000000000126       0x2c ./Core/Src/stm32g0xx_hal_msp.o
 .ARM.attributes
                0x0000000000000152       0x2c ./Core/Src/stm32g0xx_it.o
 .ARM.attributes
                0x000000000000017e       0x2c ./Core/Src/sysmem.o
 .ARM.attributes
                0x00000000000001aa       0x2c ./Core/Src/system_stm32g0xx.o
 .ARM.attributes
                0x00000000000001d6       0x22 ./Core/Startup/startup_stm32g070rbtx.o
 .ARM.attributes
                0x00000000000001f8       0x2c ./Drivers/STM32G0xx_HAL_Driver/Src/stm32g0xx_hal.o
 .ARM.attributes
                0x0000000000000224       0x2c ./Drivers/STM32G0xx_HAL_Driver/Src/stm32g0xx_hal_cortex.o
 .ARM.attributes
                0x0000000000000250       0x2c ./Drivers/STM32G0xx_HAL_Driver/Src/stm32g0xx_hal_crc.o
 .ARM.attributes
                0x000000000000027c       0x2c ./Drivers/STM32G0xx_HAL_Driver/Src/stm32g0xx_hal_crc_ex.o
 .ARM.attributes
                0x00000000000002a8       0x2c ./Drivers/STM32G0xx_HAL_Driver/Src/stm32g0xx_hal_dma.o
 .ARM.attributes
                0x00000000000002d4       0x2c ./Drivers/STM32G0xx_HAL_Driver/Src/stm32g0xx_hal_flash.o
 .ARM.attributes
                0x0000000000000300       0x2c ./Drivers/STM32G0xx_HAL_Driver/Src/stm32g0xx_hal_flash_ex.o
 .ARM.attributes
                0x000000000000032c       0x2c ./Drivers/STM32G0xx_HAL_Driver/Src/stm32g0xx_hal_gpio.o
 .ARM.attributes
                0x0000000000000358       0x2c ./Drivers/STM32G0xx_HAL_Driver/Src/stm32g0xx_hal_i2c.o
 .ARM.attributes
                0x0000000000000384       0x2c ./Drivers/STM32G0xx_HAL_Driver/Src/stm32g0xx_hal_i2c_ex.o
 .ARM.attributes
                0x00000000000003b0       0x2c ./Drivers/STM32G0xx_HAL_Driver/Src/stm32g0xx_hal_pwr_ex.o
 .ARM.attributes
                0x00000000000003dc       0x2c ./Drivers/STM32G0xx_HAL_Driver/Src/stm32g0xx_hal_rcc.o
 .ARM.attributes
                0x0000000000000408       0x2c ./Drivers/STM32G0xx_HAL_Driver/Src/stm32g0xx_hal_rcc_ex.o
 .ARM.attributes
                0x0000000000000434       0x2c ./Drivers/STM32G0xx_HAL_Driver/Src/stm32g0xx_hal_spi.o
 .ARM.attributes
                0x0000000000000460       0x2c ./Drivers/STM32G0xx_HAL_Driver/Src/stm32g0xx_hal_uart.o
 .ARM.attributes
                0x000000000000048c       0x2c ./Drivers/STM32G0xx_HAL_Driver/Src/stm32g0xx_hal_uart_ex.o
 .ARM.attributes
                0x00000000000004b8       0x2c c:/st/stm32cubeide_1.12.1/stm32cubeide/plugins/com.st.stm32cube.ide.mcu.externaltools.gnu-tools-for-stm32.10.3-2021.10.win32_1.0.200.202301161003/tools/bin/../lib/gcc/arm-none-eabi/10.3.1/../../../../arm-none-eabi/lib/thumb/v6-m/nofp\libc_nano.a(lib_a-errno.o)
 .ARM.attributes
                0x00000000000004e4       0x2c c:/st/stm32cubeide_1.12.1/stm32cubeide/plugins/com.st.stm32cube.ide.mcu.externaltools.gnu-tools-for-stm32.10.3-2021.10.win32_1.0.200.202301161003/tools/bin/../lib/gcc/arm-none-eabi/10.3.1/../../../../arm-none-eabi/lib/thumb/v6-m/nofp\libc_nano.a(lib_a-impure.o)
 .ARM.attributes
                0x0000000000000510       0x2c c:/st/stm32cubeide_1.12.1/stm32cubeide/plugins/com.st.stm32cube.ide.mcu.externaltools.gnu-tools-for-stm32.10.3-2021.10.win32_1.0.200.202301161003/tools/bin/../lib/gcc/arm-none-eabi/10.3.1/../../../../arm-none-eabi/lib/thumb/v6-m/nofp\libc_nano.a(lib_a-init.o)
 .ARM.attributes
                0x000000000000053c       0x2c c:/st/stm32cubeide_1.12.1/stm32cubeide/plugins/com.st.stm32cube.ide.mcu.externaltools.gnu-tools-for-stm32.10.3-2021.10.win32_1.0.200.202301161003/tools/bin/../lib/gcc/arm-none-eabi/10.3.1/../../../../arm-none-eabi/lib/thumb/v6-m/nofp\libc_nano.a(lib_a-memcpy-stub.o)
 .ARM.attributes
                0x0000000000000568       0x2c c:/st/stm32cubeide_1.12.1/stm32cubeide/plugins/com.st.stm32cube.ide.mcu.externaltools.gnu-tools-for-stm32.10.3-2021.10.win32_1.0.200.202301161003/tools/bin/../lib/gcc/arm-none-eabi/10.3.1/../../../../arm-none-eabi/lib/thumb/v6-m/nofp\libc_nano.a(lib_a-memset.o)
 .ARM.attributes
                0x0000000000000594       0x1c c:/st/stm32cubeide_1.12.1/stm32cubeide/plugins/com.st.stm32cube.ide.mcu.externaltools.gnu-tools-for-stm32.10.3-2021.10.win32_1.0.200.202301161003/tools/bin/../lib/gcc/arm-none-eabi/10.3.1/../../../../arm-none-eabi/lib/thumb/v6-m/nofp\libc_nano.a(lib_a-strlen.o)
 .ARM.attributes
                0x00000000000005b0       0x2c c:/st/stm32cubeide_1.12.1/stm32cubeide/plugins/com.st.stm32cube.ide.mcu.externaltools.gnu-tools-for-stm32.10.3-2021.10.win32_1.0.200.202301161003/tools/bin/../lib/gcc/arm-none-eabi/10.3.1/../../../../arm-none-eabi/lib/thumb/v6-m/nofp\libc_nano.a(lib_a-vsprintf.o)
 .ARM.attributes
                0x00000000000005dc       0x2c c:/st/stm32cubeide_1.12.1/stm32cubeide/plugins/com.st.stm32cube.ide.mcu.externaltools.gnu-tools-for-stm32.10.3-2021.10.win32_1.0.200.202301161003/tools/bin/../lib/gcc/arm-none-eabi/10.3.1/../../../../arm-none-eabi/lib/thumb/v6-m/nofp\libc_nano.a(lib_a-nano-svfprintf.o)
 .ARM.attributes
                0x0000000000000608       0x2c c:/st/stm32cubeide_1.12.1/stm32cubeide/plugins/com.st.stm32cube.ide.mcu.externaltools.gnu-tools-for-stm32.10.3-2021.10.win32_1.0.200.202301161003/tools/bin/../lib/gcc/arm-none-eabi/10.3.1/../../../../arm-none-eabi/lib/thumb/v6-m/nofp\libc_nano.a(lib_a-nano-vfprintf_i.o)
 .ARM.attributes
                0x0000000000000634       0x2c c:/st/stm32cubeide_1.12.1/stm32cubeide/plugins/com.st.stm32cube.ide.mcu.externaltools.gnu-tools-for-stm32.10.3-2021.10.win32_1.0.200.202301161003/tools/bin/../lib/gcc/arm-none-eabi/10.3.1/../../../../arm-none-eabi/lib/thumb/v6-m/nofp\libc_nano.a(lib_a-memchr-stub.o)
 .ARM.attributes
                0x0000000000000660       0x2c c:/st/stm32cubeide_1.12.1/stm32cubeide/plugins/com.st.stm32cube.ide.mcu.externaltools.gnu-tools-for-stm32.10.3-2021.10.win32_1.0.200.202301161003/tools/bin/../lib/gcc/arm-none-eabi/10.3.1/../../../../arm-none-eabi/lib/thumb/v6-m/nofp\libc_nano.a(lib_a-memmove.o)
 .ARM.attributes
                0x000000000000068c       0x2c c:/st/stm32cubeide_1.12.1/stm32cubeide/plugins/com.st.stm32cube.ide.mcu.externaltools.gnu-tools-for-stm32.10.3-2021.10.win32_1.0.200.202301161003/tools/bin/../lib/gcc/arm-none-eabi/10.3.1/../../../../arm-none-eabi/lib/thumb/v6-m/nofp\libc_nano.a(lib_a-nano-freer.o)
 .ARM.attributes
                0x00000000000006b8       0x2c c:/st/stm32cubeide_1.12.1/stm32cubeide/plugins/com.st.stm32cube.ide.mcu.externaltools.gnu-tools-for-stm32.10.3-2021.10.win32_1.0.200.202301161003/tools/bin/../lib/gcc/arm-none-eabi/10.3.1/../../../../arm-none-eabi/lib/thumb/v6-m/nofp\libc_nano.a(lib_a-nano-mallocr.o)
 .ARM.attributes
                0x00000000000006e4       0x2c c:/st/stm32cubeide_1.12.1/stm32cubeide/plugins/com.st.stm32cube.ide.mcu.externaltools.gnu-tools-for-stm32.10.3-2021.10.win32_1.0.200.202301161003/tools/bin/../lib/gcc/arm-none-eabi/10.3.1/../../../../arm-none-eabi/lib/thumb/v6-m/nofp\libc_nano.a(lib_a-nano-reallocr.o)
 .ARM.attributes
                0x0000000000000710       0x2c c:/st/stm32cubeide_1.12.1/stm32cubeide/plugins/com.st.stm32cube.ide.mcu.externaltools.gnu-tools-for-stm32.10.3-2021.10.win32_1.0.200.202301161003/tools/bin/../lib/gcc/arm-none-eabi/10.3.1/../../../../arm-none-eabi/lib/thumb/v6-m/nofp\libc_nano.a(lib_a-sbrkr.o)
 .ARM.attributes
                0x000000000000073c       0x2c c:/st/stm32cubeide_1.12.1/stm32cubeide/plugins/com.st.stm32cube.ide.mcu.externaltools.gnu-tools-for-stm32.10.3-2021.10.win32_1.0.200.202301161003/tools/bin/../lib/gcc/arm-none-eabi/10.3.1/../../../../arm-none-eabi/lib/thumb/v6-m/nofp\libc_nano.a(lib_a-mlock.o)
 .ARM.attributes
                0x0000000000000768       0x2c c:/st/stm32cubeide_1.12.1/stm32cubeide/plugins/com.st.stm32cube.ide.mcu.externaltools.gnu-tools-for-stm32.10.3-2021.10.win32_1.0.200.202301161003/tools/bin/../lib/gcc/arm-none-eabi/10.3.1/../../../../arm-none-eabi/lib/thumb/v6-m/nofp\libc_nano.a(lib_a-nano-msizer.o)
 .ARM.attributes
                0x0000000000000794       0x2c c:/st/stm32cubeide_1.12.1/stm32cubeide/plugins/com.st.stm32cube.ide.mcu.externaltools.gnu-tools-for-stm32.10.3-2021.10.win32_1.0.200.202301161003/tools/bin/../lib/gcc/arm-none-eabi/10.3.1/../../../../arm-none-eabi/lib/thumb/v6-m/nofp\libc_nano.a(lib_a-reent.o)
 .ARM.attributes
                0x00000000000007c0       0x2c c:/st/stm32cubeide_1.12.1/stm32cubeide/plugins/com.st.stm32cube.ide.mcu.externaltools.gnu-tools-for-stm32.10.3-2021.10.win32_1.0.200.202301161003/tools/bin/../lib/gcc/arm-none-eabi/10.3.1/../../../../arm-none-eabi/lib/thumb/v6-m/nofp\libc_nano.a(lib_a-lock.o)
 .ARM.attributes
                0x00000000000007ec       0x1e c:/st/stm32cubeide_1.12.1/stm32cubeide/plugins/com.st.stm32cube.ide.mcu.externaltools.gnu-tools-for-stm32.10.3-2021.10.win32_1.0.200.202301161003/tools/bin/../lib/gcc/arm-none-eabi/10.3.1/thumb/v6-m/nofp\libgcc.a(_thumb1_case_shi.o)
 .ARM.attributes
                0x000000000000080a       0x1e c:/st/stm32cubeide_1.12.1/stm32cubeide/plugins/com.st.stm32cube.ide.mcu.externaltools.gnu-tools-for-stm32.10.3-2021.10.win32_1.0.200.202301161003/tools/bin/../lib/gcc/arm-none-eabi/10.3.1/thumb/v6-m/nofp\libgcc.a(_udivsi3.o)
 .ARM.attributes
                0x0000000000000828       0x1e c:/st/stm32cubeide_1.12.1/stm32cubeide/plugins/com.st.stm32cube.ide.mcu.externaltools.gnu-tools-for-stm32.10.3-2021.10.win32_1.0.200.202301161003/tools/bin/../lib/gcc/arm-none-eabi/10.3.1/thumb/v6-m/nofp\libgcc.a(_divsi3.o)
 .ARM.attributes
                0x0000000000000846       0x1e c:/st/stm32cubeide_1.12.1/stm32cubeide/plugins/com.st.stm32cube.ide.mcu.externaltools.gnu-tools-for-stm32.10.3-2021.10.win32_1.0.200.202301161003/tools/bin/../lib/gcc/arm-none-eabi/10.3.1/thumb/v6-m/nofp\libgcc.a(_dvmd_tls.o)
 .ARM.attributes
                0x0000000000000864       0x1e c:/st/stm32cubeide_1.12.1/stm32cubeide/plugins/com.st.stm32cube.ide.mcu.externaltools.gnu-tools-for-stm32.10.3-2021.10.win32_1.0.200.202301161003/tools/bin/../lib/gcc/arm-none-eabi/10.3.1/thumb/v6-m/nofp/crtn.o
OUTPUT(NUC.G070_LORA_BOOTLOADER.elf elf32-littlearm)
LOAD linker stubs
LOAD c:/st/stm32cubeide_1.12.1/stm32cubeide/plugins/com.st.stm32cube.ide.mcu.externaltools.gnu-tools-for-stm32.10.3-2021.10.win32_1.0.200.202301161003/tools/bin/../lib/gcc/arm-none-eabi/10.3.1/../../../../arm-none-eabi/lib/thumb/v6-m/nofp\libc.a
LOAD c:/st/stm32cubeide_1.12.1/stm32cubeide/plugins/com.st.stm32cube.ide.mcu.externaltools.gnu-tools-for-stm32.10.3-2021.10.win32_1.0.200.202301161003/tools/bin/../lib/gcc/arm-none-eabi/10.3.1/../../../../arm-none-eabi/lib/thumb/v6-m/nofp\libm.a
LOAD c:/st/stm32cubeide_1.12.1/stm32cubeide/plugins/com.st.stm32cube.ide.mcu.externaltools.gnu-tools-for-stm32.10.3-2021.10.win32_1.0.200.202301161003/tools/bin/../lib/gcc/arm-none-eabi/10.3.1/thumb/v6-m/nofp\libgcc.a

.debug_info     0x0000000000000000    0x16f1c
 .debug_info    0x0000000000000000      0xfb6 ./Core/Src/W25Qxx.o
 .debug_info    0x0000000000000fb6     0x1aa6 ./Core/Src/bootloader_command_app.o
 .debug_info    0x0000000000002a5c      0x2a6 ./Core/Src/fonts.o
 .debug_info    0x0000000000002d02     0x1d23 ./Core/Src/main.o
 .debug_info    0x0000000000004a25     0x1255 ./Core/Src/ssd1306.o
 .debug_info    0x0000000000005c7a     0x1646 ./Core/Src/stm32g0xx_hal_msp.o
 .debug_info    0x00000000000072c0      0x866 ./Core/Src/stm32g0xx_it.o
 .debug_info    0x0000000000007b26      0x171 ./Core/Src/sysmem.o
 .debug_info    0x0000000000007c97      0x34d ./Core/Src/system_stm32g0xx.o
 .debug_info    0x0000000000007fe4       0x22 ./Core/Startup/startup_stm32g070rbtx.o
 .debug_info    0x0000000000008006      0x942 ./Drivers/STM32G0xx_HAL_Driver/Src/stm32g0xx_hal.o
 .debug_info    0x0000000000008948      0x8f5 ./Drivers/STM32G0xx_HAL_Driver/Src/stm32g0xx_hal_cortex.o
 .debug_info    0x000000000000923d      0x57f ./Drivers/STM32G0xx_HAL_Driver/Src/stm32g0xx_hal_crc.o
 .debug_info    0x00000000000097bc      0x37a ./Drivers/STM32G0xx_HAL_Driver/Src/stm32g0xx_hal_crc_ex.o
 .debug_info    0x0000000000009b36      0x8c8 ./Drivers/STM32G0xx_HAL_Driver/Src/stm32g0xx_hal_dma.o
 .debug_info    0x000000000000a3fe      0x687 ./Drivers/STM32G0xx_HAL_Driver/Src/stm32g0xx_hal_flash.o
 .debug_info    0x000000000000aa85      0x67a ./Drivers/STM32G0xx_HAL_Driver/Src/stm32g0xx_hal_flash_ex.o
 .debug_info    0x000000000000b0ff      0x5d7 ./Drivers/STM32G0xx_HAL_Driver/Src/stm32g0xx_hal_gpio.o
 .debug_info    0x000000000000b6d6     0x235d ./Drivers/STM32G0xx_HAL_Driver/Src/stm32g0xx_hal_i2c.o
 .debug_info    0x000000000000da33      0xa7f ./Drivers/STM32G0xx_HAL_Driver/Src/stm32g0xx_hal_i2c_ex.o
 .debug_info    0x000000000000e4b2      0x4e8 ./Drivers/STM32G0xx_HAL_Driver/Src/stm32g0xx_hal_pwr_ex.o
 .debug_info    0x000000000000e99a      0xb1c ./Drivers/STM32G0xx_HAL_Driver/Src/stm32g0xx_hal_rcc.o
 .debug_info    0x000000000000f4b6      0x7dd ./Drivers/STM32G0xx_HAL_Driver/Src/stm32g0xx_hal_rcc_ex.o
 .debug_info    0x000000000000fc93     0x1879 ./Drivers/STM32G0xx_HAL_Driver/Src/stm32g0xx_hal_spi.o
 .debug_info    0x000000000001150c     0x49de ./Drivers/STM32G0xx_HAL_Driver/Src/stm32g0xx_hal_uart.o
 .debug_info    0x0000000000015eea     0x1032 ./Drivers/STM32G0xx_HAL_Driver/Src/stm32g0xx_hal_uart_ex.o

.debug_abbrev   0x0000000000000000     0x374c
 .debug_abbrev  0x0000000000000000      0x272 ./Core/Src/W25Qxx.o
 .debug_abbrev  0x0000000000000272      0x329 ./Core/Src/bootloader_command_app.o
 .debug_abbrev  0x000000000000059b      0x12b ./Core/Src/fonts.o
 .debug_abbrev  0x00000000000006c6      0x339 ./Core/Src/main.o
 .debug_abbrev  0x00000000000009ff      0x314 ./Core/Src/ssd1306.o
 .debug_abbrev  0x0000000000000d13      0x25b ./Core/Src/stm32g0xx_hal_msp.o
 .debug_abbrev  0x0000000000000f6e      0x19a ./Core/Src/stm32g0xx_it.o
 .debug_abbrev  0x0000000000001108       0xbb ./Core/Src/sysmem.o
 .debug_abbrev  0x00000000000011c3      0x116 ./Core/Src/system_stm32g0xx.o
 .debug_abbrev  0x00000000000012d9       0x12 ./Core/Startup/startup_stm32g070rbtx.o
 .debug_abbrev  0x00000000000012eb      0x2a9 ./Drivers/STM32G0xx_HAL_Driver/Src/stm32g0xx_hal.o
 .debug_abbrev  0x0000000000001594      0x29f ./Drivers/STM32G0xx_HAL_Driver/Src/stm32g0xx_hal_cortex.o
 .debug_abbrev  0x0000000000001833      0x1d3 ./Drivers/STM32G0xx_HAL_Driver/Src/stm32g0xx_hal_crc.o
 .debug_abbrev  0x0000000000001a06      0x130 ./Drivers/STM32G0xx_HAL_Driver/Src/stm32g0xx_hal_crc_ex.o
 .debug_abbrev  0x0000000000001b36      0x1db ./Drivers/STM32G0xx_HAL_Driver/Src/stm32g0xx_hal_dma.o
 .debug_abbrev  0x0000000000001d11      0x2e8 ./Drivers/STM32G0xx_HAL_Driver/Src/stm32g0xx_hal_flash.o
 .debug_abbrev  0x0000000000001ff9      0x254 ./Drivers/STM32G0xx_HAL_Driver/Src/stm32g0xx_hal_flash_ex.o
 .debug_abbrev  0x000000000000224d      0x1b9 ./Drivers/STM32G0xx_HAL_Driver/Src/stm32g0xx_hal_gpio.o
 .debug_abbrev  0x0000000000002406      0x27e ./Drivers/STM32G0xx_HAL_Driver/Src/stm32g0xx_hal_i2c.o
 .debug_abbrev  0x0000000000002684      0x1d7 ./Drivers/STM32G0xx_HAL_Driver/Src/stm32g0xx_hal_i2c_ex.o
 .debug_abbrev  0x000000000000285b      0x1d1 ./Drivers/STM32G0xx_HAL_Driver/Src/stm32g0xx_hal_pwr_ex.o
 .debug_abbrev  0x0000000000002a2c      0x2a3 ./Drivers/STM32G0xx_HAL_Driver/Src/stm32g0xx_hal_rcc.o
 .debug_abbrev  0x0000000000002ccf      0x21a ./Drivers/STM32G0xx_HAL_Driver/Src/stm32g0xx_hal_rcc_ex.o
 .debug_abbrev  0x0000000000002ee9      0x27e ./Drivers/STM32G0xx_HAL_Driver/Src/stm32g0xx_hal_spi.o
 .debug_abbrev  0x0000000000003167      0x310 ./Drivers/STM32G0xx_HAL_Driver/Src/stm32g0xx_hal_uart.o
 .debug_abbrev  0x0000000000003477      0x2d5 ./Drivers/STM32G0xx_HAL_Driver/Src/stm32g0xx_hal_uart_ex.o

.debug_aranges  0x0000000000000000     0x11b8
 .debug_aranges
                0x0000000000000000       0x98 ./Core/Src/W25Qxx.o
 .debug_aranges
                0x0000000000000098       0xd8 ./Core/Src/bootloader_command_app.o
 .debug_aranges
                0x0000000000000170       0x20 ./Core/Src/fonts.o
 .debug_aranges
                0x0000000000000190       0x80 ./Core/Src/main.o
 .debug_aranges
                0x0000000000000210       0xf8 ./Core/Src/ssd1306.o
 .debug_aranges
                0x0000000000000308       0x60 ./Core/Src/stm32g0xx_hal_msp.o
 .debug_aranges
                0x0000000000000368       0x58 ./Core/Src/stm32g0xx_it.o
 .debug_aranges
                0x00000000000003c0       0x20 ./Core/Src/sysmem.o
 .debug_aranges
                0x00000000000003e0       0x28 ./Core/Src/system_stm32g0xx.o
 .debug_aranges
                0x0000000000000408       0x28 ./Core/Startup/startup_stm32g070rbtx.o
 .debug_aranges
                0x0000000000000430       0xf8 ./Drivers/STM32G0xx_HAL_Driver/Src/stm32g0xx_hal.o
 .debug_aranges
                0x0000000000000528       0xd8 ./Drivers/STM32G0xx_HAL_Driver/Src/stm32g0xx_hal_cortex.o
 .debug_aranges
                0x0000000000000600       0x60 ./Drivers/STM32G0xx_HAL_Driver/Src/stm32g0xx_hal_crc.o
 .debug_aranges
                0x0000000000000660       0x30 ./Drivers/STM32G0xx_HAL_Driver/Src/stm32g0xx_hal_crc_ex.o
 .debug_aranges
                0x0000000000000690       0x90 ./Drivers/STM32G0xx_HAL_Driver/Src/stm32g0xx_hal_dma.o
 .debug_aranges
                0x0000000000000720       0x88 ./Drivers/STM32G0xx_HAL_Driver/Src/stm32g0xx_hal_flash.o
 .debug_aranges
                0x00000000000007a8       0x88 ./Drivers/STM32G0xx_HAL_Driver/Src/stm32g0xx_hal_flash_ex.o
 .debug_aranges
                0x0000000000000830       0x60 ./Drivers/STM32G0xx_HAL_Driver/Src/stm32g0xx_hal_gpio.o
 .debug_aranges
                0x0000000000000890      0x2a0 ./Drivers/STM32G0xx_HAL_Driver/Src/stm32g0xx_hal_i2c.o
 .debug_aranges
                0x0000000000000b30       0x48 ./Drivers/STM32G0xx_HAL_Driver/Src/stm32g0xx_hal_i2c_ex.o
 .debug_aranges
                0x0000000000000b78       0x98 ./Drivers/STM32G0xx_HAL_Driver/Src/stm32g0xx_hal_pwr_ex.o
 .debug_aranges
                0x0000000000000c10       0xa0 ./Drivers/STM32G0xx_HAL_Driver/Src/stm32g0xx_hal_rcc.o
 .debug_aranges
                0x0000000000000cb0       0x40 ./Drivers/STM32G0xx_HAL_Driver/Src/stm32g0xx_hal_rcc_ex.o
 .debug_aranges
                0x0000000000000cf0      0x1d8 ./Drivers/STM32G0xx_HAL_Driver/Src/stm32g0xx_hal_spi.o
 .debug_aranges
                0x0000000000000ec8      0x248 ./Drivers/STM32G0xx_HAL_Driver/Src/stm32g0xx_hal_uart.o
 .debug_aranges
                0x0000000000001110       0xa8 ./Drivers/STM32G0xx_HAL_Driver/Src/stm32g0xx_hal_uart_ex.o

.debug_ranges   0x0000000000000000     0x1050
 .debug_ranges  0x0000000000000000       0x88 ./Core/Src/W25Qxx.o
 .debug_ranges  0x0000000000000088       0xc8 ./Core/Src/bootloader_command_app.o
 .debug_ranges  0x0000000000000150       0x10 ./Core/Src/fonts.o
 .debug_ranges  0x0000000000000160       0x70 ./Core/Src/main.o
 .debug_ranges  0x00000000000001d0       0xe8 ./Core/Src/ssd1306.o
 .debug_ranges  0x00000000000002b8       0x50 ./Core/Src/stm32g0xx_hal_msp.o
 .debug_ranges  0x0000000000000308       0x48 ./Core/Src/stm32g0xx_it.o
 .debug_ranges  0x0000000000000350       0x10 ./Core/Src/sysmem.o
 .debug_ranges  0x0000000000000360       0x18 ./Core/Src/system_stm32g0xx.o
 .debug_ranges  0x0000000000000378       0x20 ./Core/Startup/startup_stm32g070rbtx.o
 .debug_ranges  0x0000000000000398       0xe8 ./Drivers/STM32G0xx_HAL_Driver/Src/stm32g0xx_hal.o
 .debug_ranges  0x0000000000000480       0xc8 ./Drivers/STM32G0xx_HAL_Driver/Src/stm32g0xx_hal_cortex.o
 .debug_ranges  0x0000000000000548       0x50 ./Drivers/STM32G0xx_HAL_Driver/Src/stm32g0xx_hal_crc.o
 .debug_ranges  0x0000000000000598       0x20 ./Drivers/STM32G0xx_HAL_Driver/Src/stm32g0xx_hal_crc_ex.o
 .debug_ranges  0x00000000000005b8       0x80 ./Drivers/STM32G0xx_HAL_Driver/Src/stm32g0xx_hal_dma.o
 .debug_ranges  0x0000000000000638       0x78 ./Drivers/STM32G0xx_HAL_Driver/Src/stm32g0xx_hal_flash.o
 .debug_ranges  0x00000000000006b0       0x78 ./Drivers/STM32G0xx_HAL_Driver/Src/stm32g0xx_hal_flash_ex.o
 .debug_ranges  0x0000000000000728       0x50 ./Drivers/STM32G0xx_HAL_Driver/Src/stm32g0xx_hal_gpio.o
 .debug_ranges  0x0000000000000778      0x290 ./Drivers/STM32G0xx_HAL_Driver/Src/stm32g0xx_hal_i2c.o
 .debug_ranges  0x0000000000000a08       0x38 ./Drivers/STM32G0xx_HAL_Driver/Src/stm32g0xx_hal_i2c_ex.o
 .debug_ranges  0x0000000000000a40       0x88 ./Drivers/STM32G0xx_HAL_Driver/Src/stm32g0xx_hal_pwr_ex.o
 .debug_ranges  0x0000000000000ac8       0x90 ./Drivers/STM32G0xx_HAL_Driver/Src/stm32g0xx_hal_rcc.o
 .debug_ranges  0x0000000000000b58       0x30 ./Drivers/STM32G0xx_HAL_Driver/Src/stm32g0xx_hal_rcc_ex.o
 .debug_ranges  0x0000000000000b88      0x1c8 ./Drivers/STM32G0xx_HAL_Driver/Src/stm32g0xx_hal_spi.o
 .debug_ranges  0x0000000000000d50      0x268 ./Drivers/STM32G0xx_HAL_Driver/Src/stm32g0xx_hal_uart.o
 .debug_ranges  0x0000000000000fb8       0x98 ./Drivers/STM32G0xx_HAL_Driver/Src/stm32g0xx_hal_uart_ex.o

.debug_macro    0x0000000000000000    0x17ef7
 .debug_macro   0x0000000000000000      0x225 ./Core/Src/W25Qxx.o
 .debug_macro   0x0000000000000225      0xa4e ./Core/Src/W25Qxx.o
 .debug_macro   0x0000000000000c73      0x129 ./Core/Src/W25Qxx.o
 .debug_macro   0x0000000000000d9c       0x2e ./Core/Src/W25Qxx.o
 .debug_macro   0x0000000000000dca       0x28 ./Core/Src/W25Qxx.o
 .debug_macro   0x0000000000000df2       0x22 ./Core/Src/W25Qxx.o
 .debug_macro   0x0000000000000e14       0x8e ./Core/Src/W25Qxx.o
 .debug_macro   0x0000000000000ea2       0x51 ./Core/Src/W25Qxx.o
 .debug_macro   0x0000000000000ef3      0x103 ./Core/Src/W25Qxx.o
 .debug_macro   0x0000000000000ff6       0x6a ./Core/Src/W25Qxx.o
 .debug_macro   0x0000000000001060      0x1df ./Core/Src/W25Qxx.o
 .debug_macro   0x000000000000123f       0x1c ./Core/Src/W25Qxx.o
 .debug_macro   0x000000000000125b       0x22 ./Core/Src/W25Qxx.o
 .debug_macro   0x000000000000127d       0xd1 ./Core/Src/W25Qxx.o
 .debug_macro   0x000000000000134e      0x4da ./Core/Src/W25Qxx.o
 .debug_macro   0x0000000000001828      0x11f ./Core/Src/W25Qxx.o
 .debug_macro   0x0000000000001947     0xa6de ./Core/Src/W25Qxx.o
 .debug_macro   0x000000000000c025       0x66 ./Core/Src/W25Qxx.o
 .debug_macro   0x000000000000c08b     0x34fd ./Core/Src/W25Qxx.o
 .debug_macro   0x000000000000f588      0x174 ./Core/Src/W25Qxx.o
 .debug_macro   0x000000000000f6fc       0x5c ./Core/Src/W25Qxx.o
 .debug_macro   0x000000000000f758      0x485 ./Core/Src/W25Qxx.o
 .debug_macro   0x000000000000fbdd      0xe67 ./Core/Src/W25Qxx.o
 .debug_macro   0x0000000000010a44      0x13e ./Core/Src/W25Qxx.o
 .debug_macro   0x0000000000010b82      0x1cf ./Core/Src/W25Qxx.o
 .debug_macro   0x0000000000010d51      0x13e ./Core/Src/W25Qxx.o
 .debug_macro   0x0000000000010e8f      0x3a8 ./Core/Src/W25Qxx.o
 .debug_macro   0x0000000000011237      0x280 ./Core/Src/W25Qxx.o
 .debug_macro   0x00000000000114b7      0x345 ./Core/Src/W25Qxx.o
 .debug_macro   0x00000000000117fc      0x198 ./Core/Src/W25Qxx.o
 .debug_macro   0x0000000000011994       0x43 ./Core/Src/W25Qxx.o
 .debug_macro   0x00000000000119d7      0x1f1 ./Core/Src/W25Qxx.o
 .debug_macro   0x0000000000011bc8       0xc7 ./Core/Src/W25Qxx.o
 .debug_macro   0x0000000000011c8f       0x4c ./Core/Src/W25Qxx.o
 .debug_macro   0x0000000000011cdb      0x1d6 ./Core/Src/W25Qxx.o
 .debug_macro   0x0000000000011eb1      0x2a3 ./Core/Src/W25Qxx.o
 .debug_macro   0x0000000000012154       0x28 ./Core/Src/W25Qxx.o
 .debug_macro   0x000000000001217c       0xcf ./Core/Src/W25Qxx.o
 .debug_macro   0x000000000001224b      0x22c ./Core/Src/W25Qxx.o
 .debug_macro   0x0000000000012477       0x67 ./Core/Src/W25Qxx.o
 .debug_macro   0x00000000000124de       0xa5 ./Core/Src/W25Qxx.o
 .debug_macro   0x0000000000012583      0x118 ./Core/Src/W25Qxx.o
 .debug_macro   0x000000000001269b      0x10d ./Core/Src/W25Qxx.o
 .debug_macro   0x00000000000127a8      0x2fe ./Core/Src/W25Qxx.o
 .debug_macro   0x0000000000012aa6      0x693 ./Core/Src/W25Qxx.o
 .debug_macro   0x0000000000013139       0xa6 ./Core/Src/W25Qxx.o
 .debug_macro   0x00000000000131df      0x43d ./Core/Src/W25Qxx.o
 .debug_macro   0x000000000001361c       0x4c ./Core/Src/W25Qxx.o
 .debug_macro   0x0000000000013668      0x17e ./Core/Src/W25Qxx.o
 .debug_macro   0x00000000000137e6      0x418 ./Core/Src/bootloader_command_app.o
 .debug_macro   0x0000000000013bfe       0x52 ./Core/Src/bootloader_command_app.o
 .debug_macro   0x0000000000013c50       0x18 ./Core/Src/bootloader_command_app.o
 .debug_macro   0x0000000000013c68       0x3c ./Core/Src/bootloader_command_app.o
 .debug_macro   0x0000000000013ca4       0x34 ./Core/Src/bootloader_command_app.o
 .debug_macro   0x0000000000013cd8       0x16 ./Core/Src/bootloader_command_app.o
 .debug_macro   0x0000000000013cee       0x35 ./Core/Src/bootloader_command_app.o
 .debug_macro   0x0000000000013d23      0x341 ./Core/Src/bootloader_command_app.o
 .debug_macro   0x0000000000014064       0x10 ./Core/Src/bootloader_command_app.o
 .debug_macro   0x0000000000014074       0x16 ./Core/Src/bootloader_command_app.o
 .debug_macro   0x000000000001408a       0x43 ./Core/Src/bootloader_command_app.o
 .debug_macro   0x00000000000140cd       0x34 ./Core/Src/bootloader_command_app.o
 .debug_macro   0x0000000000014101       0x10 ./Core/Src/bootloader_command_app.o
 .debug_macro   0x0000000000014111       0x58 ./Core/Src/bootloader_command_app.o
 .debug_macro   0x0000000000014169       0x71 ./Core/Src/bootloader_command_app.o
 .debug_macro   0x00000000000141da       0x1c ./Core/Src/bootloader_command_app.o
 .debug_macro   0x00000000000141f6      0x12a ./Core/Src/bootloader_command_app.o
 .debug_macro   0x0000000000014320       0x10 ./Core/Src/bootloader_command_app.o
 .debug_macro   0x0000000000014330       0x1c ./Core/Src/bootloader_command_app.o
 .debug_macro   0x000000000001434c       0x52 ./Core/Src/bootloader_command_app.o
 .debug_macro   0x000000000001439e       0x22 ./Core/Src/bootloader_command_app.o
 .debug_macro   0x00000000000143c0       0x10 ./Core/Src/bootloader_command_app.o
 .debug_macro   0x00000000000143d0       0x52 ./Core/Src/bootloader_command_app.o
 .debug_macro   0x0000000000014422       0xd5 ./Core/Src/bootloader_command_app.o
 .debug_macro   0x00000000000144f7       0x1c ./Core/Src/bootloader_command_app.o
 .debug_macro   0x0000000000014513       0x3d ./Core/Src/bootloader_command_app.o
 .debug_macro   0x0000000000014550       0x16 ./Core/Src/bootloader_command_app.o
 .debug_macro   0x0000000000014566      0x145 ./Core/Src/bootloader_command_app.o
 .debug_macro   0x00000000000146ab       0x16 ./Core/Src/bootloader_command_app.o
 .debug_macro   0x00000000000146c1       0x20 ./Core/Src/bootloader_command_app.o
 .debug_macro   0x00000000000146e1       0x76 ./Core/Src/bootloader_command_app.o
 .debug_macro   0x0000000000014757       0x16 ./Core/Src/bootloader_command_app.o
 .debug_macro   0x000000000001476d       0x16 ./Core/Src/bootloader_command_app.o
 .debug_macro   0x0000000000014783       0x29 ./Core/Src/bootloader_command_app.o
 .debug_macro   0x00000000000147ac       0x1d ./Core/Src/bootloader_command_app.o
 .debug_macro   0x00000000000147c9      0x2e5 ./Core/Src/fonts.o
 .debug_macro   0x0000000000014aae       0x10 ./Core/Src/fonts.o
 .debug_macro   0x0000000000014abe      0x430 ./Core/Src/main.o
 .debug_macro   0x0000000000014eee       0x5e ./Core/Src/main.o
 .debug_macro   0x0000000000014f4c       0x4c ./Core/Src/main.o
 .debug_macro   0x0000000000014f98      0x370 ./Core/Src/ssd1306.o
 .debug_macro   0x0000000000015308      0x21c ./Core/Src/stm32g0xx_hal_msp.o
 .debug_macro   0x0000000000015524      0x226 ./Core/Src/stm32g0xx_it.o
 .debug_macro   0x000000000001574a       0xff ./Core/Src/sysmem.o
 .debug_macro   0x0000000000015849      0x23b ./Core/Src/sysmem.o
 .debug_macro   0x0000000000015a84      0x20d ./Core/Src/system_stm32g0xx.o
 .debug_macro   0x0000000000015c91      0x22b ./Drivers/STM32G0xx_HAL_Driver/Src/stm32g0xx_hal.o
 .debug_macro   0x0000000000015ebc      0x20d ./Drivers/STM32G0xx_HAL_Driver/Src/stm32g0xx_hal_cortex.o
 .debug_macro   0x00000000000160c9      0x20d ./Drivers/STM32G0xx_HAL_Driver/Src/stm32g0xx_hal_crc.o
 .debug_macro   0x00000000000162d6      0x20d ./Drivers/STM32G0xx_HAL_Driver/Src/stm32g0xx_hal_crc_ex.o
 .debug_macro   0x00000000000164e3      0x20d ./Drivers/STM32G0xx_HAL_Driver/Src/stm32g0xx_hal_dma.o
 .debug_macro   0x00000000000166f0      0x20d ./Drivers/STM32G0xx_HAL_Driver/Src/stm32g0xx_hal_flash.o
 .debug_macro   0x00000000000168fd      0x20d ./Drivers/STM32G0xx_HAL_Driver/Src/stm32g0xx_hal_flash_ex.o
 .debug_macro   0x0000000000016b0a      0x214 ./Drivers/STM32G0xx_HAL_Driver/Src/stm32g0xx_hal_gpio.o
 .debug_macro   0x0000000000016d1e      0x2d9 ./Drivers/STM32G0xx_HAL_Driver/Src/stm32g0xx_hal_i2c.o