Archive member included to satisfy reference by file (symbol)

C:/ST/STM32CubeIDE_1.19.0/STM32CubeIDE/plugins/com.st.stm32cube.ide.mcu.externaltools.gnu-tools-for-stm32.13.3.rel1.win32_1.0.0.202411081344/tools/bin/../lib/gcc/arm-none-eabi/13.3.1/../../../../arm-none-eabi/lib/thumb/v6-m/nofp\libc_nano.a(libc_a-exit.o)
                              C:/ST/STM32CubeIDE_1.19.0/STM32CubeIDE/plugins/com.st.stm32cube.ide.mcu.externaltools.gnu-tools-for-stm32.13.3.rel1.win32_1.0.0.202411081344/tools/bin/../lib/gcc/arm-none-eabi/13.3.1/../../../../arm-none-eabi/lib/thumb/v6-m/nofp/crt0.o (exit)
C:/ST/STM32CubeIDE_1.19.0/STM32CubeIDE/plugins/com.st.stm32cube.ide.mcu.externaltools.gnu-tools-for-stm32.13.3.rel1.win32_1.0.0.202411081344/tools/bin/../lib/gcc/arm-none-eabi/13.3.1/../../../../arm-none-eabi/lib/thumb/v6-m/nofp\libc_nano.a(libc_a-findfp.o)
                              C:/ST/STM32CubeIDE_1.19.0/STM32CubeIDE/plugins/com.st.stm32cube.ide.mcu.externaltools.gnu-tools-for-stm32.13.3.rel1.win32_1.0.0.202411081344/tools/bin/../lib/gcc/arm-none-eabi/13.3.1/../../../../arm-none-eabi/lib/thumb/v6-m/nofp\libc_nano.a(libc_a-exit.o) (__stdio_exit_handler)
C:/ST/STM32CubeIDE_1.19.0/STM32CubeIDE/plugins/com.st.stm32cube.ide.mcu.externaltools.gnu-tools-for-stm32.13.3.rel1.win32_1.0.0.202411081344/tools/bin/../lib/gcc/arm-none-eabi/13.3.1/../../../../arm-none-eabi/lib/thumb/v6-m/nofp\libc_nano.a(libc_a-fwalk.o)
                              C:/ST/STM32CubeIDE_1.19.0/STM32CubeIDE/plugins/com.st.stm32cube.ide.mcu.externaltools.gnu-tools-for-stm32.13.3.rel1.win32_1.0.0.202411081344/tools/bin/../lib/gcc/arm-none-eabi/13.3.1/../../../../arm-none-eabi/lib/thumb/v6-m/nofp\libc_nano.a(libc_a-findfp.o) (_fwalk_sglue)
C:/ST/STM32CubeIDE_1.19.0/STM32CubeIDE/plugins/com.st.stm32cube.ide.mcu.externaltools.gnu-tools-for-stm32.13.3.rel1.win32_1.0.0.202411081344/tools/bin/../lib/gcc/arm-none-eabi/13.3.1/../../../../arm-none-eabi/lib/thumb/v6-m/nofp\libc_nano.a(libc_a-stdio.o)
                              C:/ST/STM32CubeIDE_1.19.0/STM32CubeIDE/plugins/com.st.stm32cube.ide.mcu.externaltools.gnu-tools-for-stm32.13.3.rel1.win32_1.0.0.202411081344/tools/bin/../lib/gcc/arm-none-eabi/13.3.1/../../../../arm-none-eabi/lib/thumb/v6-m/nofp\libc_nano.a(libc_a-findfp.o) (__sread)
C:/ST/STM32CubeIDE_1.19.0/STM32CubeIDE/plugins/com.st.stm32cube.ide.mcu.externaltools.gnu-tools-for-stm32.13.3.rel1.win32_1.0.0.202411081344/tools/bin/../lib/gcc/arm-none-eabi/13.3.1/../../../../arm-none-eabi/lib/thumb/v6-m/nofp\libc_nano.a(libc_a-vsprintf.o)
                              ./Core/Src/main.o (vsprintf)
C:/ST/STM32CubeIDE_1.19.0/STM32CubeIDE/plugins/com.st.stm32cube.ide.mcu.externaltools.gnu-tools-for-stm32.13.3.rel1.win32_1.0.0.202411081344/tools/bin/../lib/gcc/arm-none-eabi/13.3.1/../../../../arm-none-eabi/lib/thumb/v6-m/nofp\libc_nano.a(libc_a-memset.o)
                              C:/ST/STM32CubeIDE_1.19.0/STM32CubeIDE/plugins/com.st.stm32cube.ide.mcu.externaltools.gnu-tools-for-stm32.13.3.rel1.win32_1.0.0.202411081344/tools/bin/../lib/gcc/arm-none-eabi/13.3.1/../../../../arm-none-eabi/lib/thumb/v6-m/nofp/crt0.o (memset)
C:/ST/STM32CubeIDE_1.19.0/STM32CubeIDE/plugins/com.st.stm32cube.ide.mcu.externaltools.gnu-tools-for-stm32.13.3.rel1.win32_1.0.0.202411081344/tools/bin/../lib/gcc/arm-none-eabi/13.3.1/../../../../arm-none-eabi/lib/thumb/v6-m/nofp\libc_nano.a(libc_a-closer.o)
                              C:/ST/STM32CubeIDE_1.19.0/STM32CubeIDE/plugins/com.st.stm32cube.ide.mcu.externaltools.gnu-tools-for-stm32.13.3.rel1.win32_1.0.0.202411081344/tools/bin/../lib/gcc/arm-none-eabi/13.3.1/../../../../arm-none-eabi/lib/thumb/v6-m/nofp\libc_nano.a(libc_a-stdio.o) (_close_r)
C:/ST/STM32CubeIDE_1.19.0/STM32CubeIDE/plugins/com.st.stm32cube.ide.mcu.externaltools.gnu-tools-for-stm32.13.3.rel1.win32_1.0.0.202411081344/tools/bin/../lib/gcc/arm-none-eabi/13.3.1/../../../../arm-none-eabi/lib/thumb/v6-m/nofp\libc_nano.a(libc_a-reent.o)
                              C:/ST/STM32CubeIDE_1.19.0/STM32CubeIDE/plugins/com.st.stm32cube.ide.mcu.externaltools.gnu-tools-for-stm32.13.3.rel1.win32_1.0.0.202411081344/tools/bin/../lib/gcc/arm-none-eabi/13.3.1/../../../../arm-none-eabi/lib/thumb/v6-m/nofp\libc_nano.a(libc_a-closer.o) (errno)
C:/ST/STM32CubeIDE_1.19.0/STM32CubeIDE/plugins/com.st.stm32cube.ide.mcu.externaltools.gnu-tools-for-stm32.13.3.rel1.win32_1.0.0.202411081344/tools/bin/../lib/gcc/arm-none-eabi/13.3.1/../../../../arm-none-eabi/lib/thumb/v6-m/nofp\libc_nano.a(libc_a-impure.o)
                              C:/ST/STM32CubeIDE_1.19.0/STM32CubeIDE/plugins/com.st.stm32cube.ide.mcu.externaltools.gnu-tools-for-stm32.13.3.rel1.win32_1.0.0.202411081344/tools/bin/../lib/gcc/arm-none-eabi/13.3.1/../../../../arm-none-eabi/lib/thumb/v6-m/nofp\libc_nano.a(libc_a-vsprintf.o) (_impure_ptr)
[...]
Memory Configuration

Name             Origin             Length             Attributes
RAM              0x20000000         0x00009000         xrw
FLASH            0x08000000         0x00020000         xr
*default*        0x00000000         0xffffffff

Linker script and memory map

LOAD C:/ST/STM32CubeIDE_1.19.0/STM32CubeIDE/plugins/com.st.stm32cube.ide.mcu.externaltools.gnu-tools-for-stm32.13.3.rel1.win32_1.0.0.202411081344/tools/bin/../lib/gcc/arm-none-eabi/13.3.1/thumb/v6-m/nofp/crti.o
LOAD C:/ST/STM32CubeIDE_1.19.0/STM32CubeIDE/plugins/com.st.stm32cube.ide.mcu.externaltools.gnu-tools-for-stm32.13.3.rel1.win32_1.0.0.202411081344/tools/bin/../lib/gcc/arm-none-eabi/13.3.1/thumb/v6-m/nofp/crtbegin.o
LOAD C:/ST/STM32CubeIDE_1.19.0/STM32CubeIDE/plugins/com.st.stm32cube.ide.mcu.externaltools.gnu-tools-for-stm32.13.3.rel1.win32_1.0.0.202411081344/tools/bin/../lib/gcc/arm-none-eabi/13.3.1/../../../../arm-none-eabi/lib/thumb/v6-m/nofp/crt0.o
LOAD ./Core/Src/W25Qxx.o
LOAD ./Core/Src/bootloader_command_app.o
LOAD ./Core/Src/bootloader_command_code.o
LOAD ./Core/Src/fonts.o
LOAD ./Core/Src/main.o
LOAD ./Core/Src/ssd1306.o
LOAD ./Core/Src/stm32g0xx_hal_msp.o
LOAD ./Core/Src/stm32g0xx_it.o
LOAD ./Core/Src/syscalls.o
LOAD ./Core/Src/sysmem.o
LOAD ./Core/Src/system_stm32g0xx.o
LOAD ./Core/Startup/startup_stm32g070rbtx.o
LOAD ./Drivers/STM32G0xx_HAL_Driver/Src/stm32g0xx_hal.o
LOAD ./Drivers/STM32G0xx_HAL_Driver/Src/stm32g0xx_hal_cortex.o
LOAD ./Drivers/STM32G0xx_HAL_Driver/Src/stm32g0xx_hal_crc.o
LOAD ./Drivers/STM32G0xx_HAL_Driver/Src/stm32g0xx_hal_crc_ex.o
LOAD ./Drivers/STM32G0xx_HAL_Driver/Src/stm32g0xx_hal_dma.o
LOAD ./Drivers/STM32G0xx_HAL_Driver/Src/stm32g0xx_hal_dma_ex.o
LOAD ./Drivers/STM32G0xx_HAL_Driver/Src/stm32g0xx_hal_exti.o
LOAD ./Drivers/STM32G0xx_HAL_Driver/Src/stm32g0xx_hal_flash.o
LOAD ./Drivers/STM32G0xx_HAL_Driver/Src/stm32g0xx_hal_flash_ex.o
LOAD ./Drivers/STM32G0xx_HAL_Driver/Src/stm32g0xx_hal_gpio.o
LOAD ./Drivers/STM32G0xx_HAL_Driver/Src/stm32g0xx_hal_i2c.o
LOAD ./Drivers/STM32G0xx_HAL_Driver/Src/stm32g0xx_hal_i2c_ex.o
LOAD ./Drivers/STM32G0xx_HAL_Driver/Src/stm32g0xx_hal_pwr.o
LOAD ./Drivers/STM32G0xx_HAL_Driver/Src/stm32g0xx_hal_pwr_ex.o
LOAD ./Drivers/STM32G0xx_HAL_Driver/Src/stm32g0xx_hal_rcc.o
LOAD ./Drivers/STM32G0xx_HAL_Driver/Src/stm32g0xx_hal_rcc_ex.o
LOAD ./Drivers/STM32G0xx_HAL_Driver/Src/stm32g0xx_hal_spi.o
LOAD ./Drivers/STM32G0xx_HAL_Driver/Src/stm32g0xx_hal_spi_ex.o
LOAD ./Drivers/STM32G0xx_HAL_Driver/Src/stm32g0xx_hal_uart.o
LOAD ./Drivers/STM32G0xx_HAL_Driver/Src/stm32g0xx_hal_uart_ex.o
LOAD ./Drivers/STM32G0xx_HAL_Driver/Src/stm32g0xx_ll_rcc.o
START GROUP
LOAD C:/ST/STM32CubeIDE_1.19.0/STM32CubeIDE/plugins/com.st.stm32cube.ide.mcu.externaltools.gnu-tools-for-stm32.13.3.rel1.win32_1.0.0.202411081344/tools/bin/../lib/gcc/arm-none-eabi/13.3.1/../../../../arm-none-eabi/lib/thumb/v6-m/nofp\libc_nano.a
LOAD C:/ST/STM32CubeIDE_1.19.0/STM32CubeIDE/plugins/com.st.stm32cube.ide.mcu.externaltools.gnu-tools-for-stm32.13.3.rel1.win32_1.0.0.202411081344/tools/bin/../lib/gcc/arm-none-eabi/13.3.1/../../../../arm-none-eabi/lib/thumb/v6-m/nofp\libm.a
END GROUP
START GROUP
LOAD C:/ST/STM32CubeIDE_1.19.0/STM32CubeIDE/plugins/com.st.stm32cube.ide.mcu.externaltools.gnu-tools-for-stm32.13.3.rel1.win32_1.0.0.202411081344/tools/bin/../lib/gcc/arm-none-eabi/13.3.1/thumb/v6-m/nofp\libgcc.a
LOAD C:/ST/STM32CubeIDE_1.19.0/STM32CubeIDE/plugins/com.st.stm32cube.ide.mcu.externaltools.gnu-tools-for-stm32.13.3.rel1.win32_1.0.0.202411081344/tools/bin/../lib/gcc/arm-none-eabi/13.3.1/../../../../arm-none-eabi/lib/thumb/v6-m/nofp\libc_nano.a
END GROUP
START GROUP
LOAD C:/ST/STM32CubeIDE_1.19.0/STM32CubeIDE/plugins/com.st.stm32cube.ide.mcu.externaltools.gnu-tools-for-stm32.13.3.rel1.win32_1.0.0.202411081344/tools/bin/../lib/gcc/arm-none-eabi/13.3.1/thumb/v6-m/nofp\libgcc.a
LOAD C:/ST/STM32CubeIDE_1.19.0/STM32CubeIDE/plugins/com.st.stm32cube.ide.mcu.externaltools.gnu-tools-for-stm32.13.3.rel1.win32_1.0.0.202411081344/tools/bin/../lib/gcc/arm-none-eabi/13.3.1/../../../../arm-none-eabi/lib/thumb/v6-m/nofp\libc_nano.a
LOAD C:/ST/STM32CubeIDE_1.19.0/STM32CubeIDE/plugins/com.st.stm32cube.ide.mcu.externaltools.gnu-tools-for-stm32.13.3.rel1.win32_1.0.0.202411081344/tools/bin/../lib/gcc/arm-none-eabi/13.3.1/../../../../arm-none-eabi/lib/thumb/v6-m/nofp\libnosys.a
END GROUP
START GROUP
LOAD C:/ST/STM32CubeIDE_1.19.0/STM32CubeIDE/plugins/com.st.stm32cube.ide.mcu.externaltools.gnu-tools-for-stm32.13.3.rel1.win32_1.0.0.202411081344/tools/bin/../lib/gcc/arm-none-eabi/13.3.1/thumb/v6-m/nofp\libgcc.a
LOAD C:/ST/STM32CubeIDE_1.19.0/STM32CubeIDE/plugins/com.st.stm32cube.ide.mcu.externaltools.gnu-tools-for-stm32.13.3.rel1.win32_1.0.0.202411081344/tools/bin/../lib/gcc/arm-none-eabi/13.3.1/../../../../arm-none-eabi/lib/thumb/v6-m/nofp\libc_nano.a
LOAD C:/ST/STM32CubeIDE_1.19.0/STM32CubeIDE/plugins/com.st.stm32cube.ide.mcu.externaltools.gnu-tools-for-stm32.13.3.rel1.win32_1.0.0.202411081344/tools/bin/../lib/gcc/arm-none-eabi/13.3.1/../../../../arm-none-eabi/lib/thumb/v6-m/nofp\libnosys.a
END GROUP
LOAD C:/ST/STM32CubeIDE_1.19.0/STM32CubeIDE/plugins/com.st.stm32cube.ide.mcu.externaltools.gnu-tools-for-stm32.13.3.rel1.win32_1.0.0.202411081344/tools/bin/../lib/gcc/arm-none-eabi/13.3.1/thumb/v6-m/nofp/crtend.o
LOAD C:/ST/STM32CubeIDE_1.19.0/STM32CubeIDE/plugins/com.st.stm32cube.ide.mcu.externaltools.gnu-tools-for-stm32.13.3.rel1.win32_1.0.0.202411081344/tools/bin/../lib/gcc/arm-none-eabi/13.3.1/thumb/v6-m/nofp/crtn.o
                0x20009000                        _estack = (ORIGIN (RAM) + LENGTH (RAM))
                0x00000200                        _Min_Heap_Size = 0x200
                0x00000400                        _Min_Stack_Size = 0x400

.isr_vector     0x08000000       0xb8
                0x08000000                        . = ALIGN (0x4)
 *(.isr_vector)
 .isr_vector    0x08000000       0xb8 ./Core/Startup/startup_stm32g070rbtx.o
                0x08000000                g_pfnVectors
                0x080000b8                        . = ALIGN (0x4)

.text           0x080000b8     0x8ab8
                0x080000b8                        . = ALIGN (0x4)
 *(.text)
 .text          0x080000b8       0x48 C:/ST/STM32CubeIDE_1.19.0/STM32CubeIDE/plugins/com.st.stm32cube.ide.mcu.externaltools.gnu-tools-for-stm32.13.3.rel1.win32_1.0.0.202411081344/tools/bin/../lib/gcc/arm-none-eabi/13.3.1/thumb/v6-m/nofp/crtbegin.o
 .text          0x08000100       0x14 C:/ST/STM32CubeIDE_1.19.0/STM32CubeIDE/plugins/com.st.stm32cube.ide.mcu.externaltools.gnu-tools-for-stm32.13.3.rel1.win32_1.0.0.202411081344/tools/bin/../lib/gcc/arm-none-eabi/13.3.1/thumb/v6-m/nofp\libgcc.a(_thumb1_case_shi.o)
                0x08000100                __gnu_thumb1_case_shi
 .text          0x08000114      0x114 C:/ST/STM32CubeIDE_1.19.0/STM32CubeIDE/plugins/com.st.stm32cube.ide.mcu.externaltools.gnu-tools-for-stm32.13.3.rel1.win32_1.0.0.202411081344/tools/bin/../lib/gcc/arm-none-eabi/13.3.1/thumb/v6-m/nofp\libgcc.a(_udivsi3.o)
                0x08000114                __aeabi_uidiv
                0x08000114                __udivsi3
                0x08000220                __aeabi_uidivmod
 .text          0x08000228      0x1d4 C:/ST/STM32CubeIDE_1.19.0/STM32CubeIDE/plugins/com.st.stm32cube.ide.mcu.externaltools.gnu-tools-for-stm32.13.3.rel1.win32_1.0.0.202411081344/tools/bin/../lib/gcc/arm-none-eabi/13.3.1/thumb/v6-m/nofp\libgcc.a(_divsi3.o)
                0x08000228                __divsi3
                0x08000228                __aeabi_idiv
                0x080003f4                __aeabi_idivmod
 .text          0x080003fc        0x4 C:/ST/STM32CubeIDE_1.19.0/STM32CubeIDE/plugins/com.st.stm32cube.ide.mcu.externaltools.gnu-tools-for-stm32.13.3.rel1.win32_1.0.0.202411081344/tools/bin/../lib/gcc/arm-none-eabi/13.3.1/thumb/v6-m/nofp\libgcc.a(_dvmd_tls.o)
                0x080003fc                __aeabi_idiv0
                0x080003fc                __aeabi_ldiv0
 *(.text*)
 .text.W25qxx_Spi
                0x08000400       0x30 ./Core/Src/W25Qxx.o
                0x08000400                W25qxx_Spi
 .text.W25qxx_WaitForWriteEnd
                0x08000430       0x68 ./Core/Src/W25Qxx.o
                0x08000430                W25qxx_WaitForWriteEnd
 .text.W25Q_Write_Enable
                0x08000498       0x2c ./Core/Src/W25Qxx.o
                0x08000498                W25Q_Write_Enable
 .text.W25Q_Write_Disable
                0x080004c4       0x2c ./Core/Src/W25Qxx.o
                0x080004c4                W25Q_Write_Disable
 .text.W25Q_Buf_Program
                0x080004f0      0x144 ./Core/Src/W25Qxx.o
                0x080004f0                W25Q_Buf_Program
 .text.W25Q_Read_Fast
                0x08000634       0xb8 ./Core/Src/W25Qxx.o
                0x08000634                W25Q_Read_Fast
 .text.W25Q_Chip_Erase
                0x080006ec       0x44 ./Core/Src/W25Qxx.o
                0x080006ec                W25Q_Chip_Erase
 .text.send_ack_response
                0x08000730       0xd4 ./Core/Src/bootloader_command_app.o
                0x08000730                send_ack_response
 .text.assemble_crc_from_packet
                0x08000804       0x4a ./Core/Src/bootloader_command_app.o
                0x08000804                assemble_crc_from_packet
 .text.assemble_crc_from_fixed_position
                0x0800084e       0x36 ./Core/Src/bootloader_command_app.o
                0x0800084e                assemble_crc_from_fixed_position
 .text.bootloader_get_ver_cmd
                0x08000884       0x8c ./Core/Src/bootloader_command_app.o
                0x08000884                bootloader_get_ver_cmd
 .text.bootloader_get_help_cmd
                0x08000910       0x64 ./Core/Src/bootloader_command_app.o
                0x08000910                bootloader_get_help_cmd
 .text.bootloader_get_cid_cmd
                0x08000974       0x98 ./Core/Src/bootloader_command_app.o
                0x08000974                bootloader_get_cid_cmd
 .text.bootloader_go_to_addr_cmd
                0x08000a0c      0x138 ./Core/Src/bootloader_command_app.o
                0x08000a0c                bootloader_go_to_addr_cmd
 .text.bootloader_flash_erase_cmd
                0x08000b44       0xa0 ./Core/Src/bootloader_command_app.o
                0x08000b44                bootloader_flash_erase_cmd
 .text.bootloader_mem_write_cmd
                0x08000be4       0xfc ./Core/Src/bootloader_command_app.o
                0x08000be4                bootloader_mem_write_cmd
 .text.bootloader_enable_read_write_protect_cmd
                0x08000ce0       0xa8 ./Core/Src/bootloader_command_app.o
                0x08000ce0                bootloader_enable_read_write_protect_cmd
 .text.bootloader_go_to_bootloader_cmd
                0x08000d88       0x6c ./Core/Src/bootloader_command_app.o
                0x08000d88                bootloader_go_to_bootloader_cmd
 .text.bootloader_ext_mem_to_mem_write_cmd
                0x08000df4       0xcc ./Core/Src/bootloader_command_app.o
                0x08000df4                bootloader_ext_mem_to_mem_write_cmd
 .text.bootloader_ext_mem_write_cmd
                0x08000ec0      0x10c ./Core/Src/bootloader_command_app.o
                0x08000ec0                bootloader_ext_mem_write_cmd
 .text.bootloader_disable_read_write_protect_cmd
                0x08000fcc       0x90 ./Core/Src/bootloader_command_app.o
                0x08000fcc                bootloader_disable_read_write_protect_cmd
 .text.bootloader_verify_crc
                0x0800105c       0x70 ./Core/Src/bootloader_command_app.o
                0x0800105c                bootloader_verify_crc
 .text.bootloader_get_rdp_cmd
                0x080010cc       0x84 ./Core/Src/bootloader_command_app.o
                0x080010cc                bootloader_get_rdp_cmd
 .text.bootloader_send_nack
                0x08001150       0x30 ./Core/Src/bootloader_command_app.o
                0x08001150                bootloader_send_nack
 .text.bootloader_get_version
                0x08001180        0xc ./Core/Src/bootloader_command_app.o
                0x08001180                bootloader_get_version
 .text.get_mcu_chip_id
                0x0800118c       0x24 ./Core/Src/bootloader_command_app.o
                0x0800118c                get_mcu_chip_id
 .text.get_flash_rdp_level
                0x080011b0       0x28 ./Core/Src/bootloader_command_app.o
                0x080011b0                get_flash_rdp_level
 .text.bootloader_verify_address
                0x080011d8       0x2c ./Core/Src/bootloader_command_app.o
                0x080011d8                bootloader_verify_address
 .text.execute_flash_erase
                0x08001204      0x104 ./Core/Src/bootloader_command_app.o
                0x08001204                execute_flash_erase
 .text.execute_memory_write
                0x08001308      0x2be ./Core/Src/bootloader_command_app.o
                0x08001308                execute_memory_write
 *fill*         0x080015c6        0x2 
 .text.execute_ext_mem_write
                0x080015c8       0x34 ./Core/Src/bootloader_command_app.o
                0x080015c8                execute_ext_mem_write
 .text.configure_flash_sector_r_w_protection
                0x080015fc       0xe0 ./Core/Src/bootloader_command_app.o
                0x080015fc                configure_flash_sector_r_w_protection
 .text.HAL_UARTEx_RxEventCallback
                0x080016dc       0x44 ./Core/Src/main.o
                0x080016dc                HAL_UARTEx_RxEventCallback
 .text.main     0x08001720      0x1ac ./Core/Src/main.o
                0x08001720                main
 .text.SystemClock_Config
                0x080018cc       0xb4 ./Core/Src/main.o
                0x080018cc                SystemClock_Config
 .text.MX_CRC_Init
                0x08001980       0x48 ./Core/Src/main.o
 .text.MX_I2C1_Init
                0x080019c8       0x80 ./Core/Src/main.o
 .text.MX_SPI1_Init
                0x08001a48       0x7c ./Core/Src/main.o
 .text.MX_USART2_UART_Init
                0x08001ac4       0x9c ./Core/Src/main.o
 .text.MX_USART3_UART_Init
                0x08001b60       0x68 ./Core/Src/main.o
 .text.MX_DMA_Init
                0x08001bc8       0x3c ./Core/Src/main.o
 .text.MX_GPIO_Init
                0x08001c04       0xf4 ./Core/Src/main.o
 .text.restart_RxDMA
                0x08001cf8       0x34 ./Core/Src/main.o
                0x08001cf8                restart_RxDMA
 .text.printMessage
                0x08001d2c       0x54 ./Core/Src/main.o
                0x08001d2c                printMessage
 .text.bootloader_jump_to_user_application
                0x08001d80       0xd4 ./Core/Src/main.o
                0x08001d80                bootloader_jump_to_user_application
 .text.Error_Handler
                0x08001e54        0xc ./Core/Src/main.o
                0x08001e54                Error_Handler
 .text.SSD1306_Init
                0x08001e60      0x188 ./Core/Src/ssd1306.o
                0x08001e60                SSD1306_Init
 .text.SSD1306_UpdateScreen
                0x08001fe8       0x68 ./Core/Src/ssd1306.o
                0x08001fe8                SSD1306_UpdateScreen
 .text.SSD1306_Fill
                0x08002050       0x34 ./Core/Src/ssd1306.o
                0x08002050                SSD1306_Fill
 .text.SSD1306_DrawPixel
                0x08002084       0xdc ./Core/Src/ssd1306.o
                0x08002084                SSD1306_DrawPixel
 .text.SSD1306_GotoXY
                0x08002160       0x30 ./Core/Src/ssd1306.o
                0x08002160                SSD1306_GotoXY
 .text.SSD1306_Putc
                0x08002190      0x104 ./Core/Src/ssd1306.o
                0x08002190                SSD1306_Putc
 .text.SSD1306_Puts
                0x08002294       0x4c ./Core/Src/ssd1306.o
                0x08002294                SSD1306_Puts
 .text.ssd1306_I2C_Init
                0x080022e0       0x28 ./Core/Src/ssd1306.o
                0x080022e0                ssd1306_I2C_Init
 .text.ssd1306_I2C_WriteMulti
                0x08002308       0xd8 ./Core/Src/ssd1306.o
                0x08002308                ssd1306_I2C_WriteMulti
 .text.ssd1306_I2C_Write
                0x080023e0       0x50 ./Core/Src/ssd1306.o
                0x080023e0                ssd1306_I2C_Write
 .text.HAL_MspInit
                0x08002430       0x58 ./Core/Src/stm32g0xx_hal_msp.o
                0x08002430                HAL_MspInit
 .text.HAL_CRC_MspInit
                0x08002488       0x40 ./Core/Src/stm32g0xx_hal_msp.o
                0x08002488                HAL_CRC_MspInit
 .text.HAL_CRC_MspDeInit
                0x080024c8       0x34 ./Core/Src/stm32g0xx_hal_msp.o
                0x080024c8                HAL_CRC_MspDeInit
 .text.HAL_I2C_MspInit
                0x080024fc       0xc4 ./Core/Src/stm32g0xx_hal_msp.o
                0x080024fc                HAL_I2C_MspInit
 .text.HAL_I2C_MspDeInit
                0x080025c0       0x54 ./Core/Src/stm32g0xx_hal_msp.o
                0x080025c0                HAL_I2C_MspDeInit
 .text.HAL_SPI_MspInit
                0x08002614       0x94 ./Core/Src/stm32g0xx_hal_msp.o
                0x08002614                HAL_SPI_MspInit
 .text.HAL_UART_MspInit
                0x080026a8      0x1a4 ./Core/Src/stm32g0xx_hal_msp.o
                0x080026a8                HAL_UART_MspInit
 .text.HAL_UART_MspDeInit
                0x0800284c       0x84 ./Core/Src/stm32g0xx_hal_msp.o
                0x0800284c                HAL_UART_MspDeInit
 .text.NMI_Handler
                0x080028d0        0x8 ./Core/Src/stm32g0xx_it.o
                0x080028d0                NMI_Handler
 .text.HardFault_Handler
                0x080028d8        0x8 ./Core/Src/stm32g0xx_it.o
                0x080028d8                HardFault_Handler
 .text.SVC_Handler
                0x080028e0        0xa ./Core/Src/stm32g0xx_it.o
                0x080028e0                SVC_Handler
 .text.PendSV_Handler
                0x080028ea        0xa ./Core/Src/stm32g0xx_it.o
                0x080028ea                PendSV_Handler
 .text.SysTick_Handler
                0x080028f4        0xe ./Core/Src/stm32g0xx_it.o
                0x080028f4                SysTick_Handler
 .text.FLASH_IRQHandler
                0x08002902        0xe ./Core/Src/stm32g0xx_it.o
                0x08002902                FLASH_IRQHandler
 .text.DMA1_Channel1_IRQHandler
                0x08002910       0x18 ./Core/Src/stm32g0xx_it.o
                0x08002910                DMA1_Channel1_IRQHandler
 .text.USART3_4_IRQHandler
                0x08002928       0x18 ./Core/Src/stm32g0xx_it.o
                0x08002928                USART3_4_IRQHandler
 .text._sbrk    0x08002940       0x6c ./Core/Src/sysmem.o
                0x08002940                _sbrk
 .text.SystemInit
                0x080029ac        0xa ./Core/Src/system_stm32g0xx.o
                0x080029ac                SystemInit
 *fill*         0x080029b6        0x2 
 .text.Reset_Handler
                0x080029b8       0x50 ./Core/Startup/startup_stm32g070rbtx.o
                0x080029b8                Reset_Handler
 .text.Default_Handler
                0x08002a08        0x2 ./Core/Startup/startup_stm32g070rbtx.o
                0x08002a08                TIM1_CC_IRQHandler
                0x08002a08                TIM6_IRQHandler
                0x08002a08                I2C1_IRQHandler
                0x08002a08                RTC_TAMP_IRQHandler
                0x08002a08                SPI1_IRQHandler
                0x08002a08                EXTI2_3_IRQHandler
                0x08002a08                ADC1_IRQHandler
                0x08002a08                I2C2_IRQHandler
                0x08002a08                TIM17_IRQHandler
                0x08002a08                TIM16_IRQHandler
                0x08002a08                TIM3_IRQHandler
                0x08002a08                EXTI4_15_IRQHandler
                0x08002a08                RCC_IRQHandler
                0x08002a08                Default_Handler
                0x08002a08                TIM14_IRQHandler
                0x08002a08                TIM7_IRQHandler
                0x08002a08                TIM15_IRQHandler
                0x08002a08                EXTI0_1_IRQHandler
                0x08002a08                SPI2_IRQHandler
                0x08002a08                WWDG_IRQHandler
                0x08002a08                DMA1_Ch4_7_DMAMUX1_OVR_IRQHandler
                0x08002a08                DMA1_Channel2_3_IRQHandler
                0x08002a08                USART2_IRQHandler
                0x08002a08                USART1_IRQHandler
                0x08002a08                TIM1_BRK_UP_TRG_COM_IRQHandler
 *fill*         0x08002a0a        0x2 
 .text.HAL_Init
                0x08002a0c       0x40 ./Drivers/STM32G0xx_HAL_Driver/Src/stm32g0xx_hal.o
                0x08002a0c                HAL_Init
 .text.HAL_DeInit
                0x08002a4c       0x4c ./Drivers/STM32G0xx_HAL_Driver/Src/stm32g0xx_hal.o
                0x08002a4c                HAL_DeInit
 .text.HAL_MspDeInit
                0x08002a98        0xa ./Drivers/STM32G0xx_HAL_Driver/Src/stm32g0xx_hal.o
                0x08002a98                HAL_MspDeInit
 *fill*         0x08002aa2        0x2 
 .text.HAL_InitTick
                0x08002aa4       0x94 ./Drivers/STM32G0xx_HAL_Driver/Src/stm32g0xx_hal.o
                0x08002aa4                HAL_InitTick
 .text.HAL_IncTick
                0x08002b38       0x24 ./Drivers/STM32G0xx_HAL_Driver/Src/stm32g0xx_hal.o
                0x08002b38                HAL_IncTick
 .text.HAL_GetTick
                0x08002b5c       0x14 ./Drivers/STM32G0xx_HAL_Driver/Src/stm32g0xx_hal.o
                0x08002b5c                HAL_GetTick
 .text.HAL_Delay
                0x08002b70       0x48 ./Drivers/STM32G0xx_HAL_Driver/Src/stm32g0xx_hal.o
                0x08002b70                HAL_Delay
 .text.__NVIC_EnableIRQ
                0x08002bb8       0x34 ./Drivers/STM32G0xx_HAL_Driver/Src/stm32g0xx_hal_cortex.o
 .text.__NVIC_DisableIRQ
                0x08002bec       0x44 ./Drivers/STM32G0xx_HAL_Driver/Src/stm32g0xx_hal_cortex.o
 .text.__NVIC_SetPriority
                0x08002c30       0xdc ./Drivers/STM32G0xx_HAL_Driver/Src/stm32g0xx_hal_cortex.o
 .text.SysTick_Config
                0x08002d0c       0x48 ./Drivers/STM32G0xx_HAL_Driver/Src/stm32g0xx_hal_cortex.o
 .text.HAL_NVIC_SetPriority
                0x08002d54       0x2a ./Drivers/STM32G0xx_HAL_Driver/Src/stm32g0xx_hal_cortex.o
                0x08002d54                HAL_NVIC_SetPriority
 .text.HAL_NVIC_EnableIRQ
                0x08002d7e       0x20 ./Drivers/STM32G0xx_HAL_Driver/Src/stm32g0xx_hal_cortex.o
                0x08002d7e                HAL_NVIC_EnableIRQ
 .text.HAL_NVIC_DisableIRQ
                0x08002d9e       0x20 ./Drivers/STM32G0xx_HAL_Driver/Src/stm32g0xx_hal_cortex.o
                0x08002d9e                HAL_NVIC_DisableIRQ
 .text.HAL_SYSTICK_Config
                0x08002dbe       0x1a ./Drivers/STM32G0xx_HAL_Driver/Src/stm32g0xx_hal_cortex.o
                0x08002dbe                HAL_SYSTICK_Config
 .text.HAL_CRC_Init
                0x08002dd8       0xcc ./Drivers/STM32G0xx_HAL_Driver/Src/stm32g0xx_hal_crc.o
                0x08002dd8                HAL_CRC_Init
 .text.HAL_CRC_DeInit
                0x08002ea4       0x5c ./Drivers/STM32G0xx_HAL_Driver/Src/stm32g0xx_hal_crc.o
                0x08002ea4                HAL_CRC_DeInit
 .text.HAL_CRC_Accumulate
                0x08002f00       0x8e ./Drivers/STM32G0xx_HAL_Driver/Src/stm32g0xx_hal_crc.o
                0x08002f00                HAL_CRC_Accumulate
 .text.CRC_Handle_8
                0x08002f8e      0x126 ./Drivers/STM32G0xx_HAL_Driver/Src/stm32g0xx_hal_crc.o
 .text.CRC_Handle_16
                0x080030b4       0x6e ./Drivers/STM32G0xx_HAL_Driver/Src/stm32g0xx_hal_crc.o
 .text.HAL_CRCEx_Polynomial_Set
                0x08003122       0xea ./Drivers/STM32G0xx_HAL_Driver/Src/stm32g0xx_hal_crc_ex.o
                0x08003122                HAL_CRCEx_Polynomial_Set
 .text.HAL_DMA_Init
                0x0800320c      0x114 ./Drivers/STM32G0xx_HAL_Driver/Src/stm32g0xx_hal_dma.o
                0x0800320c                HAL_DMA_Init
 .text.HAL_DMA_DeInit
                0x08003320       0xf0 ./Drivers/STM32G0xx_HAL_Driver/Src/stm32g0xx_hal_dma.o
                0x08003320                HAL_DMA_DeInit
 .text.HAL_DMA_Start_IT
                0x08003410      0x10c ./Drivers/STM32G0xx_HAL_Driver/Src/stm32g0xx_hal_dma.o
                0x08003410                HAL_DMA_Start_IT
 .text.HAL_DMA_Abort
                0x0800351c       0xc4 ./Drivers/STM32G0xx_HAL_Driver/Src/stm32g0xx_hal_dma.o
                0x0800351c                HAL_DMA_Abort
 .text.HAL_DMA_Abort_IT
                0x080035e0       0xd4 ./Drivers/STM32G0xx_HAL_Driver/Src/stm32g0xx_hal_dma.o
                0x080035e0                HAL_DMA_Abort_IT
 .text.HAL_DMA_IRQHandler
                0x080036b4      0x164 ./Drivers/STM32G0xx_HAL_Driver/Src/stm32g0xx_hal_dma.o
                0x080036b4                HAL_DMA_IRQHandler
 .text.DMA_SetConfig
                0x08003818       0x80 ./Drivers/STM32G0xx_HAL_Driver/Src/stm32g0xx_hal_dma.o
 .text.DMA_CalcDMAMUXChannelBaseAndMask
                0x08003898       0x58 ./Drivers/STM32G0xx_HAL_Driver/Src/stm32g0xx_hal_dma.o
 .text.DMA_CalcDMAMUXRequestGenBaseAndMask
                0x080038f0       0x48 ./Drivers/STM32G0xx_HAL_Driver/Src/stm32g0xx_hal_dma.o
 .text.HAL_FLASH_Program
                0x08003938       0x9c ./Drivers/STM32G0xx_HAL_Driver/Src/stm32g0xx_hal_flash.o
                0x08003938                HAL_FLASH_Program
 .text.HAL_FLASH_IRQHandler
                0x080039d4      0x104 ./Drivers/STM32G0xx_HAL_Driver/Src/stm32g0xx_hal_flash.o
                0x080039d4                HAL_FLASH_IRQHandler
 .text.HAL_FLASH_EndOfOperationCallback
                0x08003ad8       0x10 ./Drivers/STM32G0xx_HAL_Driver/Src/stm32g0xx_hal_flash.o
                0x08003ad8                HAL_FLASH_EndOfOperationCallback
 .text.HAL_FLASH_OperationErrorCallback
                0x08003ae8       0x10 ./Drivers/STM32G0xx_HAL_Driver/Src/stm32g0xx_hal_flash.o
                0x08003ae8                HAL_FLASH_OperationErrorCallback
 .text.HAL_FLASH_Unlock
                0x08003af8       0x48 ./Drivers/STM32G0xx_HAL_Driver/Src/stm32g0xx_hal_flash.o
                0x08003af8                HAL_FLASH_Unlock
 .text.HAL_FLASH_Lock
                0x08003b40       0x44 ./Drivers/STM32G0xx_HAL_Driver/Src/stm32g0xx_hal_flash.o
                0x08003b40                HAL_FLASH_Lock
 .text.HAL_FLASH_OB_Unlock
                0x08003b84       0x50 ./Drivers/STM32G0xx_HAL_Driver/Src/stm32g0xx_hal_flash.o
                0x08003b84                HAL_FLASH_OB_Unlock
 .text.HAL_FLASH_OB_Lock
                0x08003bd4       0x48 ./Drivers/STM32G0xx_HAL_Driver/Src/stm32g0xx_hal_flash.o
                0x08003bd4                HAL_FLASH_OB_Lock
 .text.FLASH_WaitForLastOperation
                0x08003c1c       0x9c ./Drivers/STM32G0xx_HAL_Driver/Src/stm32g0xx_hal_flash.o
                0x08003c1c                FLASH_WaitForLastOperation
 .text.FLASH_Program_DoubleWord
                0x08003cb8       0x40 ./Drivers/STM32G0xx_HAL_Driver/Src/stm32g0xx_hal_flash.o
 .text.HAL_FLASHEx_Erase
                0x08003cf8       0xe8 ./Drivers/STM32G0xx_HAL_Driver/Src/stm32g0xx_hal_flash_ex.o
                0x08003cf8                HAL_FLASHEx_Erase
 .text.FLASH_MassErase
                0x08003de0       0x28 ./Drivers/STM32G0xx_HAL_Driver/Src/stm32g0xx_hal_flash_ex.o
 .text.FLASH_PageErase
                0x08003e08       0x38 ./Drivers/STM32G0xx_HAL_Driver/Src/stm32g0xx_hal_flash_ex.o
                0x08003e08                FLASH_PageErase
 .text.HAL_GPIO_Init
                0x08003e40      0x2c8 ./Drivers/STM32G0xx_HAL_Driver/Src/stm32g0xx_hal_gpio.o
                0x08003e40                HAL_GPIO_Init
 .text.HAL_GPIO_DeInit
                0x08004108      0x1a0 ./Drivers/STM32G0xx_HAL_Driver/Src/stm32g0xx_hal_gpio.o
                0x08004108                HAL_GPIO_DeInit
 .text.HAL_GPIO_ReadPin
                0x080042a8       0x3a ./Drivers/STM32G0xx_HAL_Driver/Src/stm32g0xx_hal_gpio.o
                0x080042a8                HAL_GPIO_ReadPin
 .text.HAL_GPIO_WritePin
                0x080042e2       0x3a ./Drivers/STM32G0xx_HAL_Driver/Src/stm32g0xx_hal_gpio.o
                0x080042e2                HAL_GPIO_WritePin
 .text.HAL_I2C_Init
                0x0800431c      0x14c ./Drivers/STM32G0xx_HAL_Driver/Src/stm32g0xx_hal_i2c.o
                0x0800431c                HAL_I2C_Init
 .text.HAL_I2C_DeInit
                0x08004468       0x60 ./Drivers/STM32G0xx_HAL_Driver/Src/stm32g0xx_hal_i2c.o
                0x08004468                HAL_I2C_DeInit
 .text.HAL_I2C_Master_Transmit
                0x080044c8      0x254 ./Drivers/STM32G0xx_HAL_Driver/Src/stm32g0xx_hal_i2c.o
                0x080044c8                HAL_I2C_Master_Transmit
 .text.HAL_I2C_IsDeviceReady
                0x0800471c      0x1f8 ./Drivers/STM32G0xx_HAL_Driver/Src/stm32g0xx_hal_i2c.o
                0x0800471c                HAL_I2C_IsDeviceReady
 .text.I2C_Flush_TXDR
                0x08004914       0x44 ./Drivers/STM32G0xx_HAL_Driver/Src/stm32g0xx_hal_i2c.o
 .text.I2C_WaitOnFlagUntilTimeout
                0x08004958       0xb0 ./Drivers/STM32G0xx_HAL_Driver/Src/stm32g0xx_hal_i2c.o
 .text.I2C_WaitOnTXISFlagUntilTimeout
                0x08004a08       0x8c ./Drivers/STM32G0xx_HAL_Driver/Src/stm32g0xx_hal_i2c.o
 .text.I2C_WaitOnSTOPFlagUntilTimeout
                0x08004a94       0x86 ./Drivers/STM32G0xx_HAL_Driver/Src/stm32g0xx_hal_i2c.o
 *fill*         0x08004b1a        0x2 
 .text.I2C_IsErrorOccurred
                0x08004b1c      0x1f0 ./Drivers/STM32G0xx_HAL_Driver/Src/stm32g0xx_hal_i2c.o
 .text.I2C_TransferConfig
                0x08004d0c       0x74 ./Drivers/STM32G0xx_HAL_Driver/Src/stm32g0xx_hal_i2c.o
 .text.HAL_I2CEx_ConfigAnalogFilter
                0x08004d80       0x98 ./Drivers/STM32G0xx_HAL_Driver/Src/stm32g0xx_hal_i2c_ex.o
                0x08004d80                HAL_I2CEx_ConfigAnalogFilter
 .text.HAL_I2CEx_ConfigDigitalFilter
                0x08004e18       0x98 ./Drivers/STM32G0xx_HAL_Driver/Src/stm32g0xx_hal_i2c_ex.o
                0x08004e18                HAL_I2CEx_ConfigDigitalFilter
 .text.HAL_PWREx_ControlVoltageScaling
                0x08004eb0       0x80 ./Drivers/STM32G0xx_HAL_Driver/Src/stm32g0xx_hal_pwr_ex.o
                0x08004eb0                HAL_PWREx_ControlVoltageScaling
 .text.LL_RCC_GetAPB1Prescaler
                0x08004f30       0x18 ./Drivers/STM32G0xx_HAL_Driver/Src/stm32g0xx_hal_rcc.o
 .text.HAL_RCC_DeInit
                0x08004f48       0xf8 ./Drivers/STM32G0xx_HAL_Driver/Src/stm32g0xx_hal_rcc.o
                0x08004f48                HAL_RCC_DeInit
 .text.HAL_RCC_OscConfig
                0x08005040      0x620 ./Drivers/STM32G0xx_HAL_Driver/Src/stm32g0xx_hal_rcc.o
                0x08005040                HAL_RCC_OscConfig
 .text.HAL_RCC_ClockConfig
                0x08005660      0x210 ./Drivers/STM32G0xx_HAL_Driver/Src/stm32g0xx_hal_rcc.o
                0x08005660                HAL_RCC_ClockConfig
 .text.HAL_RCC_GetSysClockFreq
                0x08005870      0x104 ./Drivers/STM32G0xx_HAL_Driver/Src/stm32g0xx_hal_rcc.o
                0x08005870                HAL_RCC_GetSysClockFreq
 .text.HAL_RCC_GetHCLKFreq
                0x08005974       0x14 ./Drivers/STM32G0xx_HAL_Driver/Src/stm32g0xx_hal_rcc.o
                0x08005974                HAL_RCC_GetHCLKFreq
 .text.HAL_RCC_GetPCLK1Freq
                0x08005988       0x2c ./Drivers/STM32G0xx_HAL_Driver/Src/stm32g0xx_hal_rcc.o
                0x08005988                HAL_RCC_GetPCLK1Freq
 .text.HAL_RCCEx_PeriphCLKConfig
                0x080059b4      0x268 ./Drivers/STM32G0xx_HAL_Driver/Src/stm32g0xx_hal_rcc_ex.o
                0x080059b4                HAL_RCCEx_PeriphCLKConfig
 .text.HAL_SPI_Init
                0x08005c1c      0x170 ./Drivers/STM32G0xx_HAL_Driver/Src/stm32g0xx_hal_spi.o
                0x08005c1c                HAL_SPI_Init
 .text.HAL_SPI_Transmit
                0x08005d8c      0x2be ./Drivers/STM32G0xx_HAL_Driver/Src/stm32g0xx_hal_spi.o
                0x08005d8c                HAL_SPI_Transmit
 *fill*         0x0800604a        0x2 
 .text.HAL_SPI_Receive
                0x0800604c      0x2a4 ./Drivers/STM32G0xx_HAL_Driver/Src/stm32g0xx_hal_spi.o
                0x0800604c                HAL_SPI_Receive
 .text.HAL_SPI_TransmitReceive
                0x080062f0      0x3c4 ./Drivers/STM32G0xx_HAL_Driver/Src/stm32g0xx_hal_spi.o
                0x080062f0                HAL_SPI_TransmitReceive
 .text.SPI_WaitFlagStateUntilTimeout
                0x080066b4      0x11c ./Drivers/STM32G0xx_HAL_Driver/Src/stm32g0xx_hal_spi.o
 .text.SPI_WaitFifoStateUntilTimeout
                0x080067d0      0x144 ./Drivers/STM32G0xx_HAL_Driver/Src/stm32g0xx_hal_spi.o
 .text.SPI_EndRxTransaction
                0x08006914       0xbc ./Drivers/STM32G0xx_HAL_Driver/Src/stm32g0xx_hal_spi.o
 .text.SPI_EndRxTxTransaction
                0x080069d0       0x8c ./Drivers/STM32G0xx_HAL_Driver/Src/stm32g0xx_hal_spi.o
 .text.HAL_UART_Init
                0x08006a5c       0xac ./Drivers/STM32G0xx_HAL_Driver/Src/stm32g0xx_hal_uart.o
                0x08006a5c                HAL_UART_Init
 .text.HAL_UART_Transmit
                0x08006b08      0x148 ./Drivers/STM32G0xx_HAL_Driver/Src/stm32g0xx_hal_uart.o
                0x08006b08                HAL_UART_Transmit
 .text.HAL_UART_IRQHandler
                0x08006c50      0x64c ./Drivers/STM32G0xx_HAL_Driver/Src/stm32g0xx_hal_uart.o
                0x08006c50                HAL_UART_IRQHandler
 .text.HAL_UART_TxCpltCallback
                0x0800729c       0x10 ./Drivers/STM32G0xx_HAL_Driver/Src/stm32g0xx_hal_uart.o
                0x0800729c                HAL_UART_TxCpltCallback
 .text.HAL_UART_RxCpltCallback
                0x080072ac       0x10 ./Drivers/STM32G0xx_HAL_Driver/Src/stm32g0xx_hal_uart.o
                0x080072ac                HAL_UART_RxCpltCallback
 .text.HAL_UART_RxHalfCpltCallback
                0x080072bc       0x10 ./Drivers/STM32G0xx_HAL_Driver/Src/stm32g0xx_hal_uart.o
                0x080072bc                HAL_UART_RxHalfCpltCallback
 .text.HAL_UART_ErrorCallback
                0x080072cc       0x10 ./Drivers/STM32G0xx_HAL_Driver/Src/stm32g0xx_hal_uart.o
                0x080072cc                HAL_UART_ErrorCallback
 .text.UART_SetConfig
                0x080072dc      0x348 ./Drivers/STM32G0xx_HAL_Driver/Src/stm32g0xx_hal_uart.o
                0x080072dc                UART_SetConfig
 .text.UART_AdvFeatureConfig
                0x08007624      0x168 ./Drivers/STM32G0xx_HAL_Driver/Src/stm32g0xx_hal_uart.o
                0x08007624                UART_AdvFeatureConfig
 .text.UART_CheckIdleState
                0x0800778c      0x154 ./Drivers/STM32G0xx_HAL_Driver/Src/stm32g0xx_hal_uart.o
                0x0800778c                UART_CheckIdleState
 .text.UART_WaitOnFlagUntilTimeout
                0x080078e0       0xde ./Drivers/STM32G0xx_HAL_Driver/Src/stm32g0xx_hal_uart.o
                0x080078e0                UART_WaitOnFlagUntilTimeout
 *fill*         0x080079be        0x2 
 .text.UART_Start_Receive_DMA
                0x080079c0      0x14c ./Drivers/STM32G0xx_HAL_Driver/Src/stm32g0xx_hal_uart.o
                0x080079c0                UART_Start_Receive_DMA
 .text.UART_EndTxTransfer
                0x08007b0c       0x80 ./Drivers/STM32G0xx_HAL_Driver/Src/stm32g0xx_hal_uart.o
 .text.UART_EndRxTransfer
                0x08007b8c       0xcc ./Drivers/STM32G0xx_HAL_Driver/Src/stm32g0xx_hal_uart.o
 .text.UART_DMAReceiveCplt
                0x08007c58      0x130 ./Drivers/STM32G0xx_HAL_Driver/Src/stm32g0xx_hal_uart.o
 .text.UART_DMARxHalfCplt
                0x08007d88       0x42 ./Drivers/STM32G0xx_HAL_Driver/Src/stm32g0xx_hal_uart.o
 .text.UART_DMAError
                0x08007dca       0x86 ./Drivers/STM32G0xx_HAL_Driver/Src/stm32g0xx_hal_uart.o
 .text.UART_DMAAbortOnError
                0x08007e50       0x2e ./Drivers/STM32G0xx_HAL_Driver/Src/stm32g0xx_hal_uart.o
 .text.UART_EndTransmit_IT
                0x08007e7e       0x58 ./Drivers/STM32G0xx_HAL_Driver/Src/stm32g0xx_hal_uart.o
 .text.HAL_UARTEx_WakeupCallback
                0x08007ed6       0x10 ./Drivers/STM32G0xx_HAL_Driver/Src/stm32g0xx_hal_uart_ex.o
                0x08007ed6                HAL_UARTEx_WakeupCallback
 .text.HAL_UARTEx_RxFifoFullCallback
                0x08007ee6       0x10 ./Drivers/STM32G0xx_HAL_Driver/Src/stm32g0xx_hal_uart_ex.o
                0x08007ee6                HAL_UARTEx_RxFifoFullCallback
 .text.HAL_UARTEx_TxFifoEmptyCallback
                0x08007ef6       0x10 ./Drivers/STM32G0xx_HAL_Driver/Src/stm32g0xx_hal_uart_ex.o
                0x08007ef6                HAL_UARTEx_TxFifoEmptyCallback
 *fill*         0x08007f06        0x2 
 .text.HAL_UARTEx_DisableFifoMode
                0x08007f08       0x74 ./Drivers/STM32G0xx_HAL_Driver/Src/stm32g0xx_hal_uart_ex.o
                0x08007f08                HAL_UARTEx_DisableFifoMode
 .text.HAL_UARTEx_SetTxFifoThreshold
                0x08007f7c       0x7e ./Drivers/STM32G0xx_HAL_Driver/Src/stm32g0xx_hal_uart_ex.o
                0x08007f7c                HAL_UARTEx_SetTxFifoThreshold
 *fill*         0x08007ffa        0x2 
 .text.HAL_UARTEx_SetRxFifoThreshold
                0x08007ffc       0x84 ./Drivers/STM32G0xx_HAL_Driver/Src/stm32g0xx_hal_uart_ex.o
                0x08007ffc                HAL_UARTEx_SetRxFifoThreshold
 .text.HAL_UARTEx_ReceiveToIdle_DMA
                0x08008080       0xd0 ./Drivers/STM32G0xx_HAL_Driver/Src/stm32g0xx_hal_uart_ex.o
                0x08008080                HAL_UARTEx_ReceiveToIdle_DMA
 .text.UARTEx_SetNbDataToProcess
                0x08008150       0xbc ./Drivers/STM32G0xx_HAL_Driver/Src/stm32g0xx_hal_uart_ex.o
 .text._vsprintf_r
                0x0800820c       0x2c C:/ST/STM32CubeIDE_1.19.0/STM32CubeIDE/plugins/com.st.stm32cube.ide.mcu.externaltools.gnu-tools-for-stm32.13.3.rel1.win32_1.0.0.202411081344/tools/bin/../lib/gcc/arm-none-eabi/13.3.1/../../../../arm-none-eabi/lib/thumb/v6-m/nofp\libc_nano.a(libc_a-vsprintf.o)
                0x0800820c                _vsprintf_r
                0x0800820c                _vsiprintf_r
 .text.vsprintf
                0x08008238       0x18 C:/ST/STM32CubeIDE_1.19.0/STM32CubeIDE/plugins/com.st.stm32cube.ide.mcu.externaltools.gnu-tools-for-stm32.13.3.rel1.win32_1.0.0.202411081344/tools/bin/../lib/gcc/arm-none-eabi/13.3.1/../../../../arm-none-eabi/lib/thumb/v6-m/nofp\libc_nano.a(libc_a-vsprintf.o)
                0x08008238                vsiprintf
                0x08008238                vsprintf
 .text.memset   0x08008250       0x10 C:/ST/STM32CubeIDE_1.19.0/STM32CubeIDE/plugins/com.st.stm32cube.ide.mcu.externaltools.gnu-tools-for-stm32.13.3.rel1.win32_1.0.0.202411081344/tools/bin/../lib/gcc/arm-none-eabi/13.3.1/../../../../arm-none-eabi/lib/thumb/v6-m/nofp\libc_nano.a(libc_a-memset.o)
                0x08008250                memset
 .text.__errno  0x08008260        0xc C:/ST/STM32CubeIDE_1.19.0/STM32CubeIDE/plugins/com.st.stm32cube.ide.mcu.externaltools.gnu-tools-for-stm32.13.3.rel1.win32_1.0.0.202411081344/tools/bin/../lib/gcc/arm-none-eabi/13.3.1/../../../../arm-none-eabi/lib/thumb/v6-m/nofp\libc_nano.a(libc_a-errno.o)
                0x08008260                __errno
 .text.__libc_init_array
                0x0800826c       0x48 C:/ST/STM32CubeIDE_1.19.0/STM32CubeIDE/plugins/com.st.stm32cube.ide.mcu.externaltools.gnu-tools-for-stm32.13.3.rel1.win32_1.0.0.202411081344/tools/bin/../lib/gcc/arm-none-eabi/13.3.1/../../../../arm-none-eabi/lib/thumb/v6-m/nofp\libc_nano.a(libc_a-init.o)
                0x0800826c                __libc_init_array
 .text.__retarget_lock_acquire_recursive
                0x080082b4        0x2 C:/ST/STM32CubeIDE_1.19.0/STM32CubeIDE/plugins/com.st.stm32cube.ide.mcu.externaltools.gnu-tools-for-stm32.13.3.rel1.win32_1.0.0.202411081344/tools/bin/../lib/gcc/arm-none-eabi/13.3.1/../../../../arm-none-eabi/lib/thumb/v6-m/nofp\libc_nano.a(libc_a-lock.o)
                0x080082b4                __retarget_lock_acquire_recursive
 .text.__retarget_lock_release_recursive
                0x080082b6        0x2 C:/ST/STM32CubeIDE_1.19.0/STM32CubeIDE/plugins/com.st.stm32cube.ide.mcu.externaltools.gnu-tools-for-stm32.13.3.rel1.win32_1.0.0.202411081344/tools/bin/../lib/gcc/arm-none-eabi/13.3.1/../../../../arm-none-eabi/lib/thumb/v6-m/nofp\libc_nano.a(libc_a-lock.o)
                0x080082b6                __retarget_lock_release_recursive
 .text.memcpy   0x080082b8       0x12 C:/ST/STM32CubeIDE_1.19.0/STM32CubeIDE/plugins/com.st.stm32cube.ide.mcu.externaltools.gnu-tools-for-stm32.13.3.rel1.win32_1.0.0.202411081344/tools/bin/../lib/gcc/arm-none-eabi/13.3.1/../../../../arm-none-eabi/lib/thumb/v6-m/nofp\libc_nano.a(libc_a-memcpy-stub.o)
                0x080082b8                memcpy
 *fill*         0x080082ca        0x2 
 .text._free_r  0x080082cc       0x94 C:/ST/STM32CubeIDE_1.19.0/STM32CubeIDE/plugins/com.st.stm32cube.ide.mcu.externaltools.gnu-tools-for-stm32.13.3.rel1.win32_1.0.0.202411081344/tools/bin/../lib/gcc/arm-none-eabi/13.3.1/../../../../arm-none-eabi/lib/thumb/v6-m/nofp\libc_nano.a(libc_a-freer.o)
                0x080082cc                _free_r
 .text.sbrk_aligned
                0x08008360       0x44 C:/ST/STM32CubeIDE_1.19.0/STM32CubeIDE/plugins/com.st.stm32cube.ide.mcu.externaltools.gnu-tools-for-stm32.13.3.rel1.win32_1.0.0.202411081344/tools/bin/../lib/gcc/arm-none-eabi/13.3.1/../../../../arm-none-eabi/lib/thumb/v6-m/nofp\libc_nano.a(libc_a-mallocr.o)
 .text._malloc_r
                0x080083a4      0x100 C:/ST/STM32CubeIDE_1.19.0/STM32CubeIDE/plugins/com.st.stm32cube.ide.mcu.externaltools.gnu-tools-for-stm32.13.3.rel1.win32_1.0.0.202411081344/tools/bin/../lib/gcc/arm-none-eabi/13.3.1/../../../../arm-none-eabi/lib/thumb/v6-m/nofp\libc_nano.a(libc_a-mallocr.o)
                0x080083a4                _malloc_r
 .text.__malloc_lock
                0x080084a4       0x10 C:/ST/STM32CubeIDE_1.19.0/STM32CubeIDE/plugins/com.st.stm32cube.ide.mcu.externaltools.gnu-tools-for-stm32.13.3.rel1.win32_1.0.0.202411081344/tools/bin/../lib/gcc/arm-none-eabi/13.3.1/../../../../arm-none-eabi/lib/thumb/v6-m/nofp\libc_nano.a(libc_a-mlock.o)
                0x080084a4                __malloc_lock
 .text.__malloc_unlock
                0x080084b4       0x10 C:/ST/STM32CubeIDE_1.19.0/STM32CubeIDE/plugins/com.st.stm32cube.ide.mcu.externaltools.gnu-tools-for-stm32.13.3.rel1.win32_1.0.0.202411081344/tools/bin/../lib/gcc/arm-none-eabi/13.3.1/../../../../arm-none-eabi/lib/thumb/v6-m/nofp\libc_nano.a(libc_a-mlock.o)
                0x080084b4                __malloc_unlock
 .text.__ssputs_r
                0x080084c4       0xc0 C:/ST/STM32CubeIDE_1.19.0/STM32CubeIDE/plugins/com.st.stm32cube.ide.mcu.externaltools.gnu-tools-for-stm32.13.3.rel1.win32_1.0.0.202411081344/tools/bin/../lib/gcc/arm-none-eabi/13.3.1/../../../../arm-none-eabi/lib/thumb/v6-m/nofp\libc_nano.a(libc_a-nano-svfprintf.o)
                0x080084c4                __ssputs_r
 .text._svfprintf_r
                0x08008584      0x1fc C:/ST/STM32CubeIDE_1.19.0/STM32CubeIDE/plugins/com.st.stm32cube.ide.mcu.externaltools.gnu-tools-for-stm32.13.3.rel1.win32_1.0.0.202411081344/tools/bin/../lib/gcc/arm-none-eabi/13.3.1/../../../../arm-none-eabi/lib/thumb/v6-m/nofp\libc_nano.a(libc_a-nano-svfprintf.o)
                0x08008584                _svfiprintf_r
                0x08008584                _svfprintf_r
 .text._printf_common
                0x08008780       0xde C:/ST/STM32CubeIDE_1.19.0/STM32CubeIDE/plugins/com.st.stm32cube.ide.mcu.externaltools.gnu-tools-for-stm32.13.3.rel1.win32_1.0.0.202411081344/tools/bin/../lib/gcc/arm-none-eabi/13.3.1/../../../../arm-none-eabi/lib/thumb/v6-m/nofp\libc_nano.a(libc_a-nano-vfprintf_i.o)
                0x08008780                _printf_common
 *fill*         0x0800885e        0x2 
 .text._printf_i
                0x08008860      0x218 C:/ST/STM32CubeIDE_1.19.0/STM32CubeIDE/plugins/com.st.stm32cube.ide.mcu.externaltools.gnu-tools-for-stm32.13.3.rel1.win32_1.0.0.202411081344/tools/bin/../lib/gcc/arm-none-eabi/13.3.1/../../../../arm-none-eabi/lib/thumb/v6-m/nofp\libc_nano.a(libc_a-nano-vfprintf_i.o)
                0x08008860                _printf_i
 .text.memmove  0x08008a78       0x24 C:/ST/STM32CubeIDE_1.19.0/STM32CubeIDE/plugins/com.st.stm32cube.ide.mcu.externaltools.gnu-tools-for-stm32.13.3.rel1.win32_1.0.0.202411081344/tools/bin/../lib/gcc/arm-none-eabi/13.3.1/../../../../arm-none-eabi/lib/thumb/v6-m/nofp\libc_nano.a(libc_a-memmove.o)
                0x08008a78                memmove
 .text._sbrk_r  0x08008a9c       0x24 C:/ST/STM32CubeIDE_1.19.0/STM32CubeIDE/plugins/com.st.stm32cube.ide.mcu.externaltools.gnu-tools-for-stm32.13.3.rel1.win32_1.0.0.202411081344/tools/bin/../lib/gcc/arm-none-eabi/13.3.1/../../../../arm-none-eabi/lib/thumb/v6-m/nofp\libc_nano.a(libc_a-sbrkr.o)
                0x08008a9c                _sbrk_r
 .text.memchr   0x08008ac0       0x16 C:/ST/STM32CubeIDE_1.19.0/STM32CubeIDE/plugins/com.st.stm32cube.ide.mcu.externaltools.gnu-tools-for-stm32.13.3.rel1.win32_1.0.0.202411081344/tools/bin/../lib/gcc/arm-none-eabi/13.3.1/../../../../arm-none-eabi/lib/thumb/v6-m/nofp\libc_nano.a(libc_a-memchr-stub.o)
                0x08008ac0                memchr
 .text._realloc_r
                0x08008ad6       0x60 C:/ST/STM32CubeIDE_1.19.0/STM32CubeIDE/plugins/com.st.stm32cube.ide.mcu.externaltools.gnu-tools-for-stm32.13.3.rel1.win32_1.0.0.202411081344/tools/bin/../lib/gcc/arm-none-eabi/13.3.1/../../../../arm-none-eabi/lib/thumb/v6-m/nofp\libc_nano.a(libc_a-reallocr.o)
                0x08008ad6                _realloc_r
 .text._malloc_usable_size_r
                0x08008b36       0x10 C:/ST/STM32CubeIDE_1.19.0/STM32CubeIDE/plugins/com.st.stm32cube.ide.mcu.externaltools.gnu-tools-for-stm32.13.3.rel1.win32_1.0.0.202411081344/tools/bin/../lib/gcc/arm-none-eabi/13.3.1/../../../../arm-none-eabi/lib/thumb/v6-m/nofp\libc_nano.a(libc_a-msizer.o)
                0x08008b36                _malloc_usable_size_r
 *(.glue_7)
 .glue_7        0x08008b46        0x0 linker stubs
 *(.glue_7t)
 .glue_7t       0x08008b46        0x0 linker stubs
 *(.eh_frame)
 *fill*         0x08008b46        0x2 
 .eh_frame      0x08008b48        0x0 C:/ST/STM32CubeIDE_1.19.0/STM32CubeIDE/plugins/com.st.stm32cube.ide.mcu.externaltools.gnu-tools-for-stm32.13.3.rel1.win32_1.0.0.202411081344/tools/bin/../lib/gcc/arm-none-eabi/13.3.1/thumb/v6-m/nofp/crtbegin.o
 *(.init)
 .init          0x08008b48        0x4 C:/ST/STM32CubeIDE_1.19.0/STM32CubeIDE/plugins/com.st.stm32cube.ide.mcu.externaltools.gnu-tools-for-stm32.13.3.rel1.win32_1.0.0.202411081344/tools/bin/../lib/gcc/arm-none-eabi/13.3.1/thumb/v6-m/nofp/crti.o
                0x08008b48                _init
 .init          0x08008b4c        0x8 C:/ST/STM32CubeIDE_1.19.0/STM32CubeIDE/plugins/com.st.stm32cube.ide.mcu.externaltools.gnu-tools-for-stm32.13.3.rel1.win32_1.0.0.202411081344/tools/bin/../lib/gcc/arm-none-eabi/13.3.1/thumb/v6-m/nofp/crtn.o
 *(.fini)
 .fini          0x08008b54        0x4 C:/ST/STM32CubeIDE_1.19.0/STM32CubeIDE/plugins/com.st.stm32cube.ide.mcu.externaltools.gnu-tools-for-stm32.13.3.rel1.win32_1.0.0.202411081344/tools/bin/../lib/gcc/arm-none-eabi/13.3.1/thumb/v6-m/nofp/crti.o
                0x08008b54                _fini
 .fini          0x08008b58        0x8 C:/ST/STM32CubeIDE_1.19.0/STM32CubeIDE/plugins/com.st.stm32cube.ide.mcu.externaltools.gnu-tools-for-stm32.13.3.rel1.win32_1.0.0.202411081344/tools/bin/../lib/gcc/arm-none-eabi/13.3.1/thumb/v6-m/nofp/crtn.o
 .fini.__stub   0x08008b60       0x10 linker stubs
                0x08008b70                        . = ALIGN (0x4)
                0x08008b70                        _etext = .

.vfp11_veneer   0x08008b70        0x0
 .vfp11_veneer  0x08008b70        0x0 linker stubs

.v4_bx          0x08008b70        0x0
 .v4_bx         0x08008b70        0x0 linker stubs

.iplt           0x08008b70        0x0
 .iplt          0x08008b70        0x0 C:/ST/STM32CubeIDE_1.19.0/STM32CubeIDE/plugins/com.st.stm32cube.ide.mcu.externaltools.gnu-tools-for-stm32.13.3.rel1.win32_1.0.0.202411081344/tools/bin/../lib/gcc/arm-none-eabi/13.3.1/thumb/v6-m/nofp/crtbegin.o

.rodata         0x08008b70      0xbe0
                0x08008b70                        . = ALIGN (0x4)
 *(.rodata)
 .rodata        0x08008b70      0x2d6 ./Core/Src/bootloader_command_app.o
 *fill*         0x08008e46        0x2 
 .rodata        0x08008e48       0x9f ./Core/Src/main.o
 *(.rodata*)
 *fill*         0x08008ee7        0x1 
 .rodata.RESPONSE_HEADER
                0x08008ee8        0x3 ./Core/Src/bootloader_command_app.o
                0x08008ee8                RESPONSE_HEADER
 *fill*         0x08008eeb        0x1 
 .rodata.Font7x10
                0x08008eec      0x76c ./Core/Src/fonts.o
                0x08008eec                Font7x10
 .rodata.main   0x08009658       0x3c ./Core/Src/main.o
 .rodata.AHBPrescTable
                0x08009694       0x40 ./Core/Src/system_stm32g0xx.o
                0x08009694                AHBPrescTable
 .rodata.APBPrescTable
                0x080096d4       0x20 ./Core/Src/system_stm32g0xx.o
                0x080096d4                APBPrescTable
 .rodata.UARTPrescTable
                0x080096f4       0x18 ./Drivers/STM32G0xx_HAL_Driver/Src/stm32g0xx_hal_uart.o
                0x080096f4                UARTPrescTable
 .rodata.numerator.1
                0x0800970c        0x8 ./Drivers/STM32G0xx_HAL_Driver/Src/stm32g0xx_hal_uart_ex.o
 .rodata.denominator.0
                0x08009714        0x8 ./Drivers/STM32G0xx_HAL_Driver/Src/stm32g0xx_hal_uart_ex.o
 .rodata._svfprintf_r.str1.1
                0x0800971c       0x33 C:/ST/STM32CubeIDE_1.19.0/STM32CubeIDE/plugins/com.st.stm32cube.ide.mcu.externaltools.gnu-tools-for-stm32.13.3.rel1.win32_1.0.0.202411081344/tools/bin/../lib/gcc/arm-none-eabi/13.3.1/../../../../arm-none-eabi/lib/thumb/v6-m/nofp\libc_nano.a(libc_a-nano-svfprintf.o)
                                 0x11 (size before relaxing)
 .rodata._printf_i.str1.1
                0x0800974f       0x22 C:/ST/STM32CubeIDE_1.19.0/STM32CubeIDE/plugins/com.st.stm32cube.ide.mcu.externaltools.gnu-tools-for-stm32.13.3.rel1.win32_1.0.0.202411081344/tools/bin/../lib/gcc/arm-none-eabi/13.3.1/../../../../arm-none-eabi/lib/thumb/v6-m/nofp\libc_nano.a(libc_a-nano-vfprintf_i.o)
                0x08009774                        . = ALIGN (0x4)
 *fill*         0x0800974f        0x1 

.rel.dyn        0x08009750        0x0
 .rel.iplt      0x08009750        0x0 C:/ST/STM32CubeIDE_1.19.0/STM32CubeIDE/plugins/com.st.stm32cube.ide.mcu.externaltools.gnu-tools-for-stm32.13.3.rel1.win32_1.0.0.202411081344/tools/bin/../lib/gcc/arm-none-eabi/13.3.1/thumb/v6-m/nofp/crtbegin.o

.ARM.extab      0x08009750        0x0
                0x08009750                        . = ALIGN (0x4)
 *(.ARM.extab* .gnu.linkonce.armextab.*)
                0x08009750                        . = ALIGN (0x4)

.ARM            0x08009750        0x0
                0x08009750                        . = ALIGN (0x4)
                0x08009750                        __exidx_start = .
 *(.ARM.exidx*)
                0x08009750                        __exidx_end = .
                0x08009750                        . = ALIGN (0x4)

.preinit_array  0x08009750        0x0
                0x08009750                        . = ALIGN (0x4)
                0x08009750                        PROVIDE (__preinit_array_start = .)
 *(.preinit_array*)
                0x08009750                        PROVIDE (__preinit_array_end = .)
                0x08009750                        . = ALIGN (0x4)

.init_array     0x08009750        0x4
                0x08009750                        . = ALIGN (0x4)
                0x08009750                        PROVIDE (__init_array_start = .)
 *(SORT_BY_NAME(.init_array.*))
 *(.init_array*)
 .init_array    0x08009750        0x4 C:/ST/STM32CubeIDE_1.19.0/STM32CubeIDE/plugins/com.st.stm32cube.ide.mcu.externaltools.gnu-tools-for-stm32.13.3.rel1.win32_1.0.0.202411081344/tools/bin/../lib/gcc/arm-none-eabi/13.3.1/thumb/v6-m/nofp/crtbegin.o
                0x08009754                        PROVIDE (__init_array_end = .)
                0x08009754                        . = ALIGN (0x4)

.fini_array     0x08009754        0x4
                0x08009754                        . = ALIGN (0x4)
                [!provide]                        PROVIDE (__fini_array_start = .)
 *(SORT_BY_NAME(.fini_array.*))
 *(.fini_array*)
 .fini_array    0x08009754        0x4 C:/ST/STM32CubeIDE_1.19.0/STM32CubeIDE/plugins/com.st.stm32cube.ide.mcu.externaltools.gnu-tools-for-stm32.13.3.rel1.win32_1.0.0.202411081344/tools/bin/../lib/gcc/arm-none-eabi/13.3.1/thumb/v6-m/nofp/crtbegin.o
                [!provide]                        PROVIDE (__fini_array_end = .)
                0x08009758                        . = ALIGN (0x4)
                0x08009758                        _sidata = LOADADDR (.data)

.data           0x20000000       0xfc load address 0x08009758
                0x20000000                        . = ALIGN (0x4)
                0x20000000                        _sdata = .
 *(.data)
 *(.data*)
 .data.supported_commands
                0x20000000        0xf ./Core/Src/bootloader_command_code.o
                0x20000000                supported_commands
 *fill*         0x2000000f        0x1 
 .data.Font_7x10
                0x20000010        0x8 ./Core/Src/fonts.o
                0x20000010                Font_7x10
 .data.SystemCoreClock
                0x20000018        0x4 ./Core/Src/system_stm32g0xx.o
                0x20000018                SystemCoreClock
 .data.uwTickPrio
                0x2000001c        0x4 ./Drivers/STM32G0xx_HAL_Driver/Src/stm32g0xx_hal.o
                0x2000001c                uwTickPrio
 .data.uwTickFreq
                0x20000020        0x1 ./Drivers/STM32G0xx_HAL_Driver/Src/stm32g0xx_hal.o
                0x20000020                uwTickFreq
 *fill*         0x20000021        0x3 
 .data._impure_ptr
                0x20000024        0x4 C:/ST/STM32CubeIDE_1.19.0/STM32CubeIDE/plugins/com.st.stm32cube.ide.mcu.externaltools.gnu-tools-for-stm32.13.3.rel1.win32_1.0.0.202411081344/tools/bin/../lib/gcc/arm-none-eabi/13.3.1/../../../../arm-none-eabi/lib/thumb/v6-m/nofp\libc_nano.a(libc_a-impure.o)
                0x20000024                _impure_ptr
 .data._impure_data
                0x20000028       0x4c C:/ST/STM32CubeIDE_1.19.0/STM32CubeIDE/plugins/com.st.stm32cube.ide.mcu.externaltools.gnu-tools-for-stm32.13.3.rel1.win32_1.0.0.202411081344/tools/bin/../lib/gcc/arm-none-eabi/13.3.1/../../../../arm-none-eabi/lib/thumb/v6-m/nofp\libc_nano.a(libc_a-impure.o)
                0x20000028                _impure_data
 *(.RamFunc)
 .RamFunc       0x20000074       0x88 ./Drivers/STM32G0xx_HAL_Driver/Src/stm32g0xx_hal_flash.o
 *(.RamFunc*)
                0x200000fc                        . = ALIGN (0x4)
                0x200000fc                        _edata = .

.igot.plt       0x200000fc        0x0 load address 0x08009854
 .igot.plt      0x200000fc        0x0 C:/ST/STM32CubeIDE_1.19.0/STM32CubeIDE/plugins/com.st.stm32cube.ide.mcu.externaltools.gnu-tools-for-stm32.13.3.rel1.win32_1.0.0.202411081344/tools/bin/../lib/gcc/arm-none-eabi/13.3.1/thumb/v6-m/nofp/crtbegin.o
                0x200000fc                        . = ALIGN (0x4)

.bss            0x20000100     0x11c4 load address 0x08009854
                0x20000100                        _sbss = .
                0x20000100                        __bss_start__ = _sbss
 *(.bss)
 .bss           0x20000100       0x1c C:/ST/STM32CubeIDE_1.19.0/STM32CubeIDE/plugins/com.st.stm32cube.ide.mcu.externaltools.gnu-tools-for-stm32.13.3.rel1.win32_1.0.0.202411081344/tools/bin/../lib/gcc/arm-none-eabi/13.3.1/thumb/v6-m/nofp/crtbegin.o
 *(.bss*)
 *fill*         0x2000011c        0x4 
 .bss.w25qxx    0x20000120       0x30 ./Core/Src/W25Qxx.o
                0x20000120                w25qxx
 .bss.EXT_Flash_Buf
                0x20000150      0x100 ./Core/Src/bootloader_command_app.o
 .bss.EXT_Flash_Write_Start_Addr
                0x20000250        0x4 ./Core/Src/bootloader_command_app.o
 .bss.hcrc      0x20000254       0x24 ./Core/Src/main.o
                0x20000254                hcrc
 .bss.hi2c1     0x20000278       0x54 ./Core/Src/main.o
                0x20000278                hi2c1
 .bss.hspi1     0x200002cc       0x64 ./Core/Src/main.o
                0x200002cc                hspi1
 .bss.huart2    0x20000330       0x94 ./Core/Src/main.o
                0x20000330                huart2
 .bss.huart3    0x200003c4       0x94 ./Core/Src/main.o
                0x200003c4                huart3
 .bss.hdma_usart3_rx
                0x20000458       0x5c ./Core/Src/main.o
                0x20000458                hdma_usart3_rx
 .bss.bootloader_rx_data
                0x200004b4       0xc8 ./Core/Src/main.o
                0x200004b4                bootloader_rx_data
 .bss.Bootloader_Main_Buf
                0x2000057c      0x7d0 ./Core/Src/main.o
                0x2000057c                Bootloader_Main_Buf
 .bss.Boot_Receive_Flag
                0x20000d4c        0x1 ./Core/Src/main.o
                0x20000d4c                Boot_Receive_Flag
 *fill*         0x20000d4d        0x3 
 .bss.SSD1306_Buffer
                0x20000d50      0x400 ./Core/Src/ssd1306.o
 .bss.SSD1306   0x20001150        0x6 ./Core/Src/ssd1306.o
 *fill*         0x20001156        0x2 
 .bss.__sbrk_heap_end
                0x20001158        0x4 ./Core/Src/sysmem.o
 .bss.uwTick    0x2000115c        0x4 ./Drivers/STM32G0xx_HAL_Driver/Src/stm32g0xx_hal.o
                0x2000115c                uwTick
 .bss.pFlash    0x20001160       0x1c ./Drivers/STM32G0xx_HAL_Driver/Src/stm32g0xx_hal_flash.o
                0x20001160                pFlash
 .bss.__sf      0x2000117c      0x138 C:/ST/STM32CubeIDE_1.19.0/STM32CubeIDE/plugins/com.st.stm32cube.ide.mcu.externaltools.gnu-tools-for-stm32.13.3.rel1.win32_1.0.0.202411081344/tools/bin/../lib/gcc/arm-none-eabi/13.3.1/../../../../arm-none-eabi/lib/thumb/v6-m/nofp\libc_nano.a(libc_a-findfp.o)
                0x2000117c                __sf
 .bss.errno     0x200012b4        0x4 C:/ST/STM32CubeIDE_1.19.0/STM32CubeIDE/plugins/com.st.stm32cube.ide.mcu.externaltools.gnu-tools-for-stm32.13.3.rel1.win32_1.0.0.202411081344/tools/bin/../lib/gcc/arm-none-eabi/13.3.1/../../../../arm-none-eabi/lib/thumb/v6-m/nofp\libc_nano.a(libc_a-reent.o)
                0x200012b4                errno
 .bss.__lock___malloc_recursive_mutex
                0x200012b8        0x1 C:/ST/STM32CubeIDE_1.19.0/STM32CubeIDE/plugins/com.st.stm32cube.ide.mcu.externaltools.gnu-tools-for-stm32.13.3.rel1.win32_1.0.0.202411081344/tools/bin/../lib/gcc/arm-none-eabi/13.3.1/../../../../arm-none-eabi/lib/thumb/v6-m/nofp\libc_nano.a(libc_a-lock.o)
                0x200012b8                __lock___malloc_recursive_mutex
 *fill*         0x200012b9        0x3 
 .bss.__malloc_sbrk_start
                0x200012bc        0x4 C:/ST/STM32CubeIDE_1.19.0/STM32CubeIDE/plugins/com.st.stm32cube.ide.mcu.externaltools.gnu-tools-for-stm32.13.3.rel1.win32_1.0.0.202411081344/tools/bin/../lib/gcc/arm-none-eabi/13.3.1/../../../../arm-none-eabi/lib/thumb/v6-m/nofp\libc_nano.a(libc_a-mallocr.o)
                0x200012bc                __malloc_sbrk_start
 .bss.__malloc_free_list
                0x200012c0        0x4 C:/ST/STM32CubeIDE_1.19.0/STM32CubeIDE/plugins/com.st.stm32cube.ide.mcu.externaltools.gnu-tools-for-stm32.13.3.rel1.win32_1.0.0.202411081344/tools/bin/../lib/gcc/arm-none-eabi/13.3.1/../../../../arm-none-eabi/lib/thumb/v6-m/nofp\libc_nano.a(libc_a-mallocr.o)
                0x200012c0                __malloc_free_list
 *(COMMON)
                0x200012c4                        . = ALIGN (0x4)
                0x200012c4                        _ebss = .
                0x200012c4                        __bss_end__ = _ebss

._user_heap_stack
                0x200012c4      0x604 load address 0x08009854
                0x200012c8                        . = ALIGN (0x8)
 *fill*         0x200012c4        0x4 
                [!provide]                        PROVIDE (end = .)
                0x200012c8                        PROVIDE (_end = .)
                0x200014c8                        . = (. + _Min_Heap_Size)
 *fill*         0x200012c8      0x200 
                0x200018c8                        . = (. + _Min_Stack_Size)
 *fill*         0x200014c8      0x400 
                0x200018c8                        . = ALIGN (0x8)

/DISCARD/
 libc.a(*)
 libm.a(*)
 libgcc.a(*)

.ARM.attributes
                0x00000000       0x28
 *(.ARM.attributes)
 .ARM.attributes
                0x00000000       0x1e C:/ST/STM32CubeIDE_1.19.0/STM32CubeIDE/plugins/com.st.stm32cube.ide.mcu.externaltools.gnu-tools-for-stm32.13.3.rel1.win32_1.0.0.202411081344/tools/bin/../lib/gcc/arm-none-eabi/13.3.1/thumb/v6-m/nofp/crti.o
 .ARM.attributes
                0x0000001e       0x2c C:/ST/STM32CubeIDE_1.19.0/STM32CubeIDE/plugins/com.st.stm32cube.ide.mcu.externaltools.gnu-tools-for-stm32.13.3.rel1.win32_1.0.0.202411081344/tools/bin/../lib/gcc/arm-none-eabi/13.3.1/thumb/v6-m/nofp/crtbegin.o
 .ARM.attributes
                0x0000004a       0x2c ./Core/Src/W25Qxx.o
 .ARM.attributes
                0x00000076       0x2c ./Core/Src/bootloader_command_app.o
 .ARM.attributes
                0x000000a2       0x2c ./Core/Src/bootloader_command_code.o
 .ARM.attributes
                0x000000ce       0x2c ./Core/Src/fonts.o
 .ARM.attributes
                0x000000fa       0x2c ./Core/Src/main.o
 .ARM.attributes
                0x00000126       0x2c ./Core/Src/ssd1306.o
 .ARM.attributes
                0x00000152       0x2c ./Core/Src/stm32g0xx_hal_msp.o
 .ARM.attributes
                0x0000017e       0x2c ./Core/Src/stm32g0xx_it.o
 .ARM.attributes
                0x000001aa       0x2c ./Core/Src/sysmem.o
 .ARM.attributes
                0x000001d6       0x2c ./Core/Src/system_stm32g0xx.o
 .ARM.attributes
                0x00000202       0x22 ./Core/Startup/startup_stm32g070rbtx.o
 .ARM.attributes
                0x00000224       0x2c ./Drivers/STM32G0xx_HAL_Driver/Src/stm32g0xx_hal.o
 .ARM.attributes
                0x00000250       0x2c ./Drivers/STM32G0xx_HAL_Driver/Src/stm32g0xx_hal_cortex.o
 .ARM.attributes
                0x0000027c       0x2c ./Drivers/STM32G0xx_HAL_Driver/Src/stm32g0xx_hal_crc.o
 .ARM.attributes
                0x000002a8       0x2c ./Drivers/STM32G0xx_HAL_Driver/Src/stm32g0xx_hal_crc_ex.o
 .ARM.attributes
                0x000002d4       0x2c ./Drivers/STM32G0xx_HAL_Driver/Src/stm32g0xx_hal_dma.o
 .ARM.attributes
                0x00000300       0x2c ./Drivers/STM32G0xx_HAL_Driver/Src/stm32g0xx_hal_flash.o
 .ARM.attributes
                0x0000032c       0x2c ./Drivers/STM32G0xx_HAL_Driver/Src/stm32g0xx_hal_flash_ex.o
 .ARM.attributes
                0x00000358       0x2c ./Drivers/STM32G0xx_HAL_Driver/Src/stm32g0xx_hal_gpio.o
 .ARM.attributes
                0x00000384       0x2c ./Drivers/STM32G0xx_HAL_Driver/Src/stm32g0xx_hal_i2c.o
 .ARM.attributes
                0x000003b0       0x2c ./Drivers/STM32G0xx_HAL_Driver/Src/stm32g0xx_hal_i2c_ex.o
 .ARM.attributes
                0x000003dc       0x2c ./Drivers/STM32G0xx_HAL_Driver/Src/stm32g0xx_hal_pwr_ex.o
 .ARM.attributes
                0x00000408       0x2c ./Drivers/STM32G0xx_HAL_Driver/Src/stm32g0xx_hal_rcc.o
 .ARM.attributes
                0x00000434       0x2c ./Drivers/STM32G0xx_HAL_Driver/Src/stm32g0xx_hal_rcc_ex.o
 .ARM.attributes
                0x00000460       0x2c ./Drivers/STM32G0xx_HAL_Driver/Src/stm32g0xx_hal_spi.o
 .ARM.attributes
                0x0000048c       0x2c ./Drivers/STM32G0xx_HAL_Driver/Src/stm32g0xx_hal_uart.o
 .ARM.attributes
                0x000004b8       0x2c ./Drivers/STM32G0xx_HAL_Driver/Src/stm32g0xx_hal_uart_ex.o
 .ARM.attributes
                0x000004e4       0x2c C:/ST/STM32CubeIDE_1.19.0/STM32CubeIDE/plugins/com.st.stm32cube.ide.mcu.externaltools.gnu-tools-for-stm32.13.3.rel1.win32_1.0.0.202411081344/tools/bin/../lib/gcc/arm-none-eabi/13.3.1/../../../../arm-none-eabi/lib/thumb/v6-m/nofp\libc_nano.a(libc_a-findfp.o)
 .ARM.attributes
                0x00000510       0x2c C:/ST/STM32CubeIDE_1.19.0/STM32CubeIDE/plugins/com.st.stm32cube.ide.mcu.externaltools.gnu-tools-for-stm32.13.3.rel1.win32_1.0.0.202411081344/tools/bin/../lib/gcc/arm-none-eabi/13.3.1/../../../../arm-none-eabi/lib/thumb/v6-m/nofp\libc_nano.a(libc_a-vsprintf.o)
 .ARM.attributes
                0x0000053c       0x2c C:/ST/STM32CubeIDE_1.19.0/STM32CubeIDE/plugins/com.st.stm32cube.ide.mcu.externaltools.gnu-tools-for-stm32.13.3.rel1.win32_1.0.0.202411081344/tools/bin/../lib/gcc/arm-none-eabi/13.3.1/../../../../arm-none-eabi/lib/thumb/v6-m/nofp\libc_nano.a(libc_a-memset.o)
 .ARM.attributes
                0x00000568       0x2c C:/ST/STM32CubeIDE_1.19.0/STM32CubeIDE/plugins/com.st.stm32cube.ide.mcu.externaltools.gnu-tools-for-stm32.13.3.rel1.win32_1.0.0.202411081344/tools/bin/../lib/gcc/arm-none-eabi/13.3.1/../../../../arm-none-eabi/lib/thumb/v6-m/nofp\libc_nano.a(libc_a-reent.o)
 .ARM.attributes
                0x00000594       0x2c C:/ST/STM32CubeIDE_1.19.0/STM32CubeIDE/plugins/com.st.stm32cube.ide.mcu.externaltools.gnu-tools-for-stm32.13.3.rel1.win32_1.0.0.202411081344/tools/bin/../lib/gcc/arm-none-eabi/13.3.1/../../../../arm-none-eabi/lib/thumb/v6-m/nofp\libc_nano.a(libc_a-impure.o)
 .ARM.attributes
                0x000005c0       0x2c C:/ST/STM32CubeIDE_1.19.0/STM32CubeIDE/plugins/com.st.stm32cube.ide.mcu.externaltools.gnu-tools-for-stm32.13.3.rel1.win32_1.0.0.202411081344/tools/bin/../lib/gcc/arm-none-eabi/13.3.1/../../../../arm-none-eabi/lib/thumb/v6-m/nofp\libc_nano.a(libc_a-errno.o)
 .ARM.attributes
                0x000005ec       0x2c C:/ST/STM32CubeIDE_1.19.0/STM32CubeIDE/plugins/com.st.stm32cube.ide.mcu.externaltools.gnu-tools-for-stm32.13.3.rel1.win32_1.0.0.202411081344/tools/bin/../lib/gcc/arm-none-eabi/13.3.1/../../../../arm-none-eabi/lib/thumb/v6-m/nofp\libc_nano.a(libc_a-init.o)
 .ARM.attributes
                0x00000618       0x2c C:/ST/STM32CubeIDE_1.19.0/STM32CubeIDE/plugins/com.st.stm32cube.ide.mcu.externaltools.gnu-tools-for-stm32.13.3.rel1.win32_1.0.0.202411081344/tools/bin/../lib/gcc/arm-none-eabi/13.3.1/../../../../arm-none-eabi/lib/thumb/v6-m/nofp\libc_nano.a(libc_a-lock.o)
 .ARM.attributes
                0x00000644       0x2c C:/ST/STM32CubeIDE_1.19.0/STM32CubeIDE/plugins/com.st.stm32cube.ide.mcu.externaltools.gnu-tools-for-stm32.13.3.rel1.win32_1.0.0.202411081344/tools/bin/../lib/gcc/arm-none-eabi/13.3.1/../../../../arm-none-eabi/lib/thumb/v6-m/nofp\libc_nano.a(libc_a-memcpy-stub.o)
 .ARM.attributes
                0x00000670       0x2c C:/ST/STM32CubeIDE_1.19.0/STM32CubeIDE/plugins/com.st.stm32cube.ide.mcu.externaltools.gnu-tools-for-stm32.13.3.rel1.win32_1.0.0.202411081344/tools/bin/../lib/gcc/arm-none-eabi/13.3.1/../../../../arm-none-eabi/lib/thumb/v6-m/nofp\libc_nano.a(libc_a-freer.o)
 .ARM.attributes
                0x0000069c       0x2c C:/ST/STM32CubeIDE_1.19.0/STM32CubeIDE/plugins/com.st.stm32cube.ide.mcu.externaltools.gnu-tools-for-stm32.13.3.rel1.win32_1.0.0.202411081344/tools/bin/../lib/gcc/arm-none-eabi/13.3.1/../../../../arm-none-eabi/lib/thumb/v6-m/nofp\libc_nano.a(libc_a-mallocr.o)
 .ARM.attributes
                0x000006c8       0x2c C:/ST/STM32CubeIDE_1.19.0/STM32CubeIDE/plugins/com.st.stm32cube.ide.mcu.externaltools.gnu-tools-for-stm32.13.3.rel1.win32_1.0.0.202411081344/tools/bin/../lib/gcc/arm-none-eabi/13.3.1/../../../../arm-none-eabi/lib/thumb/v6-m/nofp\libc_nano.a(libc_a-mlock.o)
 .ARM.attributes
                0x000006f4       0x2c C:/ST/STM32CubeIDE_1.19.0/STM32CubeIDE/plugins/com.st.stm32cube.ide.mcu.externaltools.gnu-tools-for-stm32.13.3.rel1.win32_1.0.0.202411081344/tools/bin/../lib/gcc/arm-none-eabi/13.3.1/../../../../arm-none-eabi/lib/thumb/v6-m/nofp\libc_nano.a(libc_a-nano-svfprintf.o)
 .ARM.attributes
                0x00000720       0x2c C:/ST/STM32CubeIDE_1.19.0/STM32CubeIDE/plugins/com.st.stm32cube.ide.mcu.externaltools.gnu-tools-for-stm32.13.3.rel1.win32_1.0.0.202411081344/tools/bin/../lib/gcc/arm-none-eabi/13.3.1/../../../../arm-none-eabi/lib/thumb/v6-m/nofp\libc_nano.a(libc_a-nano-vfprintf_i.o)
 .ARM.attributes
                0x0000074c       0x2c C:/ST/STM32CubeIDE_1.19.0/STM32CubeIDE/plugins/com.st.stm32cube.ide.mcu.externaltools.gnu-tools-for-stm32.13.3.rel1.win32_1.0.0.202411081344/tools/bin/../lib/gcc/arm-none-eabi/13.3.1/../../../../arm-none-eabi/lib/thumb/v6-m/nofp\libc_nano.a(libc_a-memmove.o)
 .ARM.attributes
                0x00000778       0x2c C:/ST/STM32CubeIDE_1.19.0/STM32CubeIDE/plugins/com.st.stm32cube.ide.mcu.externaltools.gnu-tools-for-stm32.13.3.rel1.win32_1.0.0.202411081344/tools/bin/../lib/gcc/arm-none-eabi/13.3.1/../../../../arm-none-eabi/lib/thumb/v6-m/nofp\libc_nano.a(libc_a-sbrkr.o)
 .ARM.attributes
                0x000007a4       0x2c C:/ST/STM32CubeIDE_1.19.0/STM32CubeIDE/plugins/com.st.stm32cube.ide.mcu.externaltools.gnu-tools-for-stm32.13.3.rel1.win32_1.0.0.202411081344/tools/bin/../lib/gcc/arm-none-eabi/13.3.1/../../../../arm-none-eabi/lib/thumb/v6-m/nofp\libc_nano.a(libc_a-memchr-stub.o)
 .ARM.attributes
                0x000007d0       0x2c C:/ST/STM32CubeIDE_1.19.0/STM32CubeIDE/plugins/com.st.stm32cube.ide.mcu.externaltools.gnu-tools-for-stm32.13.3.rel1.win32_1.0.0.202411081344/tools/bin/../lib/gcc/arm-none-eabi/13.3.1/../../../../arm-none-eabi/lib/thumb/v6-m/nofp\libc_nano.a(libc_a-reallocr.o)
 .ARM.attributes
                0x000007fc       0x2c C:/ST/STM32CubeIDE_1.19.0/STM32CubeIDE/plugins/com.st.stm32cube.ide.mcu.externaltools.gnu-tools-for-stm32.13.3.rel1.win32_1.0.0.202411081344/tools/bin/../lib/gcc/arm-none-eabi/13.3.1/../../../../arm-none-eabi/lib/thumb/v6-m/nofp\libc_nano.a(libc_a-msizer.o)
 .ARM.attributes
                0x00000828       0x1e C:/ST/STM32CubeIDE_1.19.0/STM32CubeIDE/plugins/com.st.stm32cube.ide.mcu.externaltools.gnu-tools-for-stm32.13.3.rel1.win32_1.0.0.202411081344/tools/bin/../lib/gcc/arm-none-eabi/13.3.1/thumb/v6-m/nofp\libgcc.a(_thumb1_case_shi.o)
 .ARM.attributes
                0x00000846       0x1e C:/ST/STM32CubeIDE_1.19.0/STM32CubeIDE/plugins/com.st.stm32cube.ide.mcu.externaltools.gnu-tools-for-stm32.13.3.rel1.win32_1.0.0.202411081344/tools/bin/../lib/gcc/arm-none-eabi/13.3.1/thumb/v6-m/nofp\libgcc.a(_udivsi3.o)
 .ARM.attributes
                0x00000864       0x1e C:/ST/STM32CubeIDE_1.19.0/STM32CubeIDE/plugins/com.st.stm32cube.ide.mcu.externaltools.gnu-tools-for-stm32.13.3.rel1.win32_1.0.0.202411081344/tools/bin/../lib/gcc/arm-none-eabi/13.3.1/thumb/v6-m/nofp\libgcc.a(_divsi3.o)
 .ARM.attributes
                0x00000882       0x1e C:/ST/STM32CubeIDE_1.19.0/STM32CubeIDE/plugins/com.st.stm32cube.ide.mcu.externaltools.gnu-tools-for-stm32.13.3.rel1.win32_1.0.0.202411081344/tools/bin/../lib/gcc/arm-none-eabi/13.3.1/thumb/v6-m/nofp\libgcc.a(_dvmd_tls.o)
 .ARM.attributes
                0x000008a0       0x1e C:/ST/STM32CubeIDE_1.19.0/STM32CubeIDE/plugins/com.st.stm32cube.ide.mcu.externaltools.gnu-tools-for-stm32.13.3.rel1.win32_1.0.0.202411081344/tools/bin/../lib/gcc/arm-none-eabi/13.3.1/thumb/v6-m/nofp/crtn.o
OUTPUT(NUC.G070_LORA_BOOTLOADER.elf elf32-littlearm)
LOAD linker stubs
LOAD C:/ST/STM32CubeIDE_1.19.0/STM32CubeIDE/plugins/com.st.stm32cube.ide.mcu.externaltools.gnu-tools-for-stm32.13.3.rel1.win32_1.0.0.202411081344/tools/bin/../lib/gcc/arm-none-eabi/13.3.1/../../../../arm-none-eabi/lib/thumb/v6-m/nofp\libc.a
LOAD C:/ST/STM32CubeIDE_1.19.0/STM32CubeIDE/plugins/com.st.stm32cube.ide.mcu.externaltools.gnu-tools-for-stm32.13.3.rel1.win32_1.0.0.202411081344/tools/bin/../lib/gcc/arm-none-eabi/13.3.1/../../../../arm-none-eabi/lib/thumb/v6-m/nofp\libm.a
LOAD C:/ST/STM32CubeIDE_1.19.0/STM32CubeIDE/plugins/com.st.stm32cube.ide.mcu.externaltools.gnu-tools-for-stm32.13.3.rel1.win32_1.0.0.202411081344/tools/bin/../lib/gcc/arm-none-eabi/13.3.1/thumb/v6-m/nofp\libgcc.a

.debug_info     0x00000000    0x16197
 .debug_info    0x00000000      0xf21 ./Core/Src/W25Qxx.o
 .debug_info    0x00000f21     0x1935 ./Core/Src/bootloader_command_app.o
 .debug_info    0x00002856       0xde ./Core/Src/bootloader_command_code.o
 .debug_info    0x00002934      0x281 ./Core/Src/fonts.o
 .debug_info    0x00002bb5     0x1c35 ./Core/Src/main.o
 .debug_info    0x000047ea     0x1163 ./Core/Src/ssd1306.o
 .debug_info    0x0000594d     0x1594 ./Core/Src/stm32g0xx_hal_msp.o
 .debug_info    0x00006ee1      0x81d ./Core/Src/stm32g0xx_it.o
 .debug_info    0x000076fe      0x168 ./Core/Src/sysmem.o
 .debug_info    0x00007866      0x316 ./Core/Src/system_stm32g0xx.o
 .debug_info    0x00007b7c       0x30 ./Core/Startup/startup_stm32g070rbtx.o
 .debug_info    0x00007bac      0x8ef ./Drivers/STM32G0xx_HAL_Driver/Src/stm32g0xx_hal.o
 .debug_info    0x0000849b      0x8c1 ./Drivers/STM32G0xx_HAL_Driver/Src/stm32g0xx_hal_cortex.o
 .debug_info    0x00008d5c      0x548 ./Drivers/STM32G0xx_HAL_Driver/Src/stm32g0xx_hal_crc.o
 .debug_info    0x000092a4      0x35b ./Drivers/STM32G0xx_HAL_Driver/Src/stm32g0xx_hal_crc_ex.o
 .debug_info    0x000095ff      0x86b ./Drivers/STM32G0xx_HAL_Driver/Src/stm32g0xx_hal_dma.o
 .debug_info    0x00009e6a      0x63a ./Drivers/STM32G0xx_HAL_Driver/Src/stm32g0xx_hal_flash.o
 .debug_info    0x0000a4a4      0x62f ./Drivers/STM32G0xx_HAL_Driver/Src/stm32g0xx_hal_flash_ex.o
 .debug_info    0x0000aad3      0x59d ./Drivers/STM32G0xx_HAL_Driver/Src/stm32g0xx_hal_gpio.o
 .debug_info    0x0000b070     0x21bc ./Drivers/STM32G0xx_HAL_Driver/Src/stm32g0xx_hal_i2c.o
 .debug_info    0x0000d22c      0x9d9 ./Drivers/STM32G0xx_HAL_Driver/Src/stm32g0xx_hal_i2c_ex.o
 .debug_info    0x0000dc05      0x496 ./Drivers/STM32G0xx_HAL_Driver/Src/stm32g0xx_hal_pwr_ex.o
 .debug_info    0x0000e09b      0xad4 ./Drivers/STM32G0xx_HAL_Driver/Src/stm32g0xx_hal_rcc.o
 .debug_info    0x0000eb6f      0x737 ./Drivers/STM32G0xx_HAL_Driver/Src/stm32g0xx_hal_rcc_ex.o
 .debug_info    0x0000f2a6     0x1720 ./Drivers/STM32G0xx_HAL_Driver/Src/stm32g0xx_hal_spi.o
 .debug_info    0x000109c6     0x483c ./Drivers/STM32G0xx_HAL_Driver/Src/stm32g0xx_hal_uart.o
 .debug_info    0x00015202      0xf95 ./Drivers/STM32G0xx_HAL_Driver/Src/stm32g0xx_hal_uart_ex.o

.debug_abbrev   0x00000000     0x396b
 .debug_abbrev  0x00000000      0x272 ./Core/Src/W25Qxx.o
 .debug_abbrev  0x00000272      0x36e ./Core/Src/bootloader_command_app.o
 .debug_abbrev  0x000005e0       0x83 ./Core/Src/bootloader_command_code.o
 .debug_abbrev  0x00000663      0x136 ./Core/Src/fonts.o
 .debug_abbrev  0x00000799      0x371 ./Core/Src/main.o
 .debug_abbrev  0x00000b0a      0x326 ./Core/Src/ssd1306.o
 .debug_abbrev  0x00000e30      0x26e ./Core/Src/stm32g0xx_hal_msp.o
 .debug_abbrev  0x0000109e      0x1a7 ./Core/Src/stm32g0xx_it.o
 .debug_abbrev  0x00001245       0xbc ./Core/Src/sysmem.o
 .debug_abbrev  0x00001301      0x119 ./Core/Src/system_stm32g0xx.o
 .debug_abbrev  0x0000141a       0x24 ./Core/Startup/startup_stm32g070rbtx.o
 .debug_abbrev  0x0000143e      0x2b4 ./Drivers/STM32G0xx_HAL_Driver/Src/stm32g0xx_hal.o
 .debug_abbrev  0x000016f2      0x2ab ./Drivers/STM32G0xx_HAL_Driver/Src/stm32g0xx_hal_cortex.o
 .debug_abbrev  0x0000199d      0x1de ./Drivers/STM32G0xx_HAL_Driver/Src/stm32g0xx_hal_crc.o
 .debug_abbrev  0x00001b7b      0x137 ./Drivers/STM32G0xx_HAL_Driver/Src/stm32g0xx_hal_crc_ex.o
 .debug_abbrev  0x00001cb2      0x1e1 ./Drivers/STM32G0xx_HAL_Driver/Src/stm32g0xx_hal_dma.o
 .debug_abbrev  0x00001e93      0x2f8 ./Drivers/STM32G0xx_HAL_Driver/Src/stm32g0xx_hal_flash.o
 .debug_abbrev  0x0000218b      0x25f ./Drivers/STM32G0xx_HAL_Driver/Src/stm32g0xx_hal_flash_ex.o
 .debug_abbrev  0x000023ea      0x1c3 ./Drivers/STM32G0xx_HAL_Driver/Src/stm32g0xx_hal_gpio.o
 .debug_abbrev  0x000025ad      0x291 ./Drivers/STM32G0xx_HAL_Driver/Src/stm32g0xx_hal_i2c.o
 .debug_abbrev  0x0000283e      0x1ea ./Drivers/STM32G0xx_HAL_Driver/Src/stm32g0xx_hal_i2c_ex.o
 .debug_abbrev  0x00002a28      0x1d7 ./Drivers/STM32G0xx_HAL_Driver/Src/stm32g0xx_hal_pwr_ex.o
 .debug_abbrev  0x00002bff      0x2a9 ./Drivers/STM32G0xx_HAL_Driver/Src/stm32g0xx_hal_rcc.o
 .debug_abbrev  0x00002ea8      0x229 ./Drivers/STM32G0xx_HAL_Driver/Src/stm32g0xx_hal_rcc_ex.o
 .debug_abbrev  0x000030d1      0x28f ./Drivers/STM32G0xx_HAL_Driver/Src/stm32g0xx_hal_spi.o
 .debug_abbrev  0x00003360      0x326 ./Drivers/STM32G0xx_HAL_Driver/Src/stm32g0xx_hal_uart.o
 .debug_abbrev  0x00003686      0x2e5 ./Drivers/STM32G0xx_HAL_Driver/Src/stm32g0xx_hal_uart_ex.o

.debug_aranges  0x00000000     0x11f8
 .debug_aranges
                0x00000000       0x98 ./Core/Src/W25Qxx.o
 .debug_aranges
                0x00000098       0xe8 ./Core/Src/bootloader_command_app.o
 .debug_aranges
                0x00000180       0x18 ./Core/Src/bootloader_command_code.o
 .debug_aranges
                0x00000198       0x20 ./Core/Src/fonts.o
 .debug_aranges
                0x000001b8       0x88 ./Core/Src/main.o
 .debug_aranges
                0x00000240       0xf8 ./Core/Src/ssd1306.o
 .debug_aranges
                0x00000338       0x60 ./Core/Src/stm32g0xx_hal_msp.o
 .debug_aranges
                0x00000398       0x58 ./Core/Src/stm32g0xx_it.o
 .debug_aranges
                0x000003f0       0x20 ./Core/Src/sysmem.o
 .debug_aranges
                0x00000410       0x28 ./Core/Src/system_stm32g0xx.o
 .debug_aranges
                0x00000438       0x28 ./Core/Startup/startup_stm32g070rbtx.o
 .debug_aranges
                0x00000460       0xf8 ./Drivers/STM32G0xx_HAL_Driver/Src/stm32g0xx_hal.o
 .debug_aranges
                0x00000558       0xe8 ./Drivers/STM32G0xx_HAL_Driver/Src/stm32g0xx_hal_cortex.o
 .debug_aranges
                0x00000640       0x60 ./Drivers/STM32G0xx_HAL_Driver/Src/stm32g0xx_hal_crc.o
 .debug_aranges
                0x000006a0       0x30 ./Drivers/STM32G0xx_HAL_Driver/Src/stm32g0xx_hal_crc_ex.o
 .debug_aranges
                0x000006d0       0x90 ./Drivers/STM32G0xx_HAL_Driver/Src/stm32g0xx_hal_dma.o
 .debug_aranges
                0x00000760       0x88 ./Drivers/STM32G0xx_HAL_Driver/Src/stm32g0xx_hal_flash.o
 .debug_aranges
                0x000007e8       0x88 ./Drivers/STM32G0xx_HAL_Driver/Src/stm32g0xx_hal_flash_ex.o
 .debug_aranges
                0x00000870       0x60 ./Drivers/STM32G0xx_HAL_Driver/Src/stm32g0xx_hal_gpio.o
 .debug_aranges
                0x000008d0      0x2a0 ./Drivers/STM32G0xx_HAL_Driver/Src/stm32g0xx_hal_i2c.o
 .debug_aranges
                0x00000b70       0x48 ./Drivers/STM32G0xx_HAL_Driver/Src/stm32g0xx_hal_i2c_ex.o
 .debug_aranges
                0x00000bb8       0x98 ./Drivers/STM32G0xx_HAL_Driver/Src/stm32g0xx_hal_pwr_ex.o
 .debug_aranges
                0x00000c50       0xa0 ./Drivers/STM32G0xx_HAL_Driver/Src/stm32g0xx_hal_rcc.o
 .debug_aranges
                0x00000cf0       0x40 ./Drivers/STM32G0xx_HAL_Driver/Src/stm32g0xx_hal_rcc_ex.o
 .debug_aranges
                0x00000d30      0x1d8 ./Drivers/STM32G0xx_HAL_Driver/Src/stm32g0xx_hal_spi.o
 .debug_aranges
                0x00000f08      0x248 ./Drivers/STM32G0xx_HAL_Driver/Src/stm32g0xx_hal_uart.o
 .debug_aranges
                0x00001150       0xa8 ./Drivers/STM32G0xx_HAL_Driver/Src/stm32g0xx_hal_uart_ex.o

.debug_rnglists
                0x00000000      0xdf9
 .debug_rnglists
                0x00000000       0x76 ./Core/Src/W25Qxx.o
 .debug_rnglists
                0x00000076       0xc7 ./Core/Src/bootloader_command_app.o
 .debug_rnglists
                0x0000013d       0x13 ./Core/Src/fonts.o
 .debug_rnglists
                0x00000150       0x67 ./Core/Src/main.o
 .debug_rnglists
                0x000001b7       0xc3 ./Core/Src/ssd1306.o
 .debug_rnglists
                0x0000027a       0x47 ./Core/Src/stm32g0xx_hal_msp.o
 .debug_rnglists
                0x000002c1       0x3d ./Core/Src/stm32g0xx_it.o
 .debug_rnglists
                0x000002fe       0x13 ./Core/Src/sysmem.o
 .debug_rnglists
                0x00000311       0x1a ./Core/Src/system_stm32g0xx.o
 .debug_rnglists
                0x0000032b       0x19 ./Core/Startup/startup_stm32g070rbtx.o
 .debug_rnglists
                0x00000344       0xb6 ./Drivers/STM32G0xx_HAL_Driver/Src/stm32g0xx_hal.o
 .debug_rnglists
                0x000003fa       0xaa ./Drivers/STM32G0xx_HAL_Driver/Src/stm32g0xx_hal_cortex.o
 .debug_rnglists
                0x000004a4       0x47 ./Drivers/STM32G0xx_HAL_Driver/Src/stm32g0xx_hal_crc.o
 .debug_rnglists
                0x000004eb       0x20 ./Drivers/STM32G0xx_HAL_Driver/Src/stm32g0xx_hal_crc_ex.o
 .debug_rnglists
                0x0000050b       0x72 ./Drivers/STM32G0xx_HAL_Driver/Src/stm32g0xx_hal_dma.o
 .debug_rnglists
                0x0000057d       0x66 ./Drivers/STM32G0xx_HAL_Driver/Src/stm32g0xx_hal_flash.o
 .debug_rnglists
                0x000005e3       0x64 ./Drivers/STM32G0xx_HAL_Driver/Src/stm32g0xx_hal_flash_ex.o
 .debug_rnglists
                0x00000647       0x45 ./Drivers/STM32G0xx_HAL_Driver/Src/stm32g0xx_hal_gpio.o
 .debug_rnglists
                0x0000068c      0x229 ./Drivers/STM32G0xx_HAL_Driver/Src/stm32g0xx_hal_i2c.o
 .debug_rnglists
                0x000008b5       0x35 ./Drivers/STM32G0xx_HAL_Driver/Src/stm32g0xx_hal_i2c_ex.o
 .debug_rnglists
                0x000008ea       0x72 ./Drivers/STM32G0xx_HAL_Driver/Src/stm32g0xx_hal_pwr_ex.o
 .debug_rnglists
                0x0000095c       0x79 ./Drivers/STM32G0xx_HAL_Driver/Src/stm32g0xx_hal_rcc.o
 .debug_rnglists
                0x000009d5       0x2f ./Drivers/STM32G0xx_HAL_Driver/Src/stm32g0xx_hal_rcc_ex.o
 .debug_rnglists
                0x00000a04      0x17a ./Drivers/STM32G0xx_HAL_Driver/Src/stm32g0xx_hal_spi.o
 .debug_rnglists
                0x00000b7e      0x1fb ./Drivers/STM32G0xx_HAL_Driver/Src/stm32g0xx_hal_uart.o
 .debug_rnglists
                0x00000d79       0x80 ./Drivers/STM32G0xx_HAL_Driver/Src/stm32g0xx_hal_uart_ex.o

.debug_macro    0x00000000    0x181c4
 .debug_macro   0x00000000      0x22b ./Core/Src/W25Qxx.o
 .debug_macro   0x0000022b      0xaae ./Core/Src/W25Qxx.o
 .debug_macro   0x00000cd9      0x129 ./Core/Src/W25Qxx.o
 .debug_macro   0x00000e02       0x2e ./Core/Src/W25Qxx.o
 .debug_macro   0x00000e30       0x28 ./Core/Src/W25Qxx.o
 .debug_macro   0x00000e58       0x22 ./Core/Src/W25Qxx.o
 .debug_macro   0x00000e7a       0x8e ./Core/Src/W25Qxx.o
 .debug_macro   0x00000f08       0x51 ./Core/Src/W25Qxx.o
 .debug_macro   0x00000f59      0x103 ./Core/Src/W25Qxx.o
 .debug_macro   0x0000105c       0x6a ./Core/Src/W25Qxx.o
 .debug_macro   0x000010c6      0x1df ./Core/Src/W25Qxx.o
 .debug_macro   0x000012a5       0x1c ./Core/Src/W25Qxx.o
 .debug_macro   0x000012c1       0x22 ./Core/Src/W25Qxx.o
 .debug_macro   0x000012e3       0xd1 ./Core/Src/W25Qxx.o
 .debug_macro   0x000013b4      0x4da ./Core/Src/W25Qxx.o
 .debug_macro   0x0000188e      0x11f ./Core/Src/W25Qxx.o
 .debug_macro   0x000019ad     0xa701 ./Core/Src/W25Qxx.o
 .debug_macro   0x0000c0ae       0x66 ./Core/Src/W25Qxx.o
 .debug_macro   0x0000c114     0x350e ./Core/Src/W25Qxx.o
 .debug_macro   0x0000f622      0x190 ./Core/Src/W25Qxx.o
 .debug_macro   0x0000f7b2       0x5c ./Core/Src/W25Qxx.o
 .debug_macro   0x0000f80e      0x485 ./Core/Src/W25Qxx.o
 .debug_macro   0x0000fc93      0xeb4 ./Core/Src/W25Qxx.o
 .debug_macro   0x00010b47      0x13e ./Core/Src/W25Qxx.o
 .debug_macro   0x00010c85      0x1cf ./Core/Src/W25Qxx.o
 .debug_macro   0x00010e54      0x13e ./Core/Src/W25Qxx.o
 .debug_macro   0x00010f92      0x3a8 ./Core/Src/W25Qxx.o
 .debug_macro   0x0001133a      0x280 ./Core/Src/W25Qxx.o
 .debug_macro   0x000115ba      0x345 ./Core/Src/W25Qxx.o
 .debug_macro   0x000118ff      0x198 ./Core/Src/W25Qxx.o
 .debug_macro   0x00011a97       0x43 ./Core/Src/W25Qxx.o
 .debug_macro   0x00011ada      0x1f1 ./Core/Src/W25Qxx.o
 .debug_macro   0x00011ccb       0xc7 ./Core/Src/W25Qxx.o
 .debug_macro   0x00011d92       0x4c ./Core/Src/W25Qxx.o
 .debug_macro   0x00011dde      0x1d6 ./Core/Src/W25Qxx.o
 .debug_macro   0x00011fb4      0x2a3 ./Core/Src/W25Qxx.o
 .debug_macro   0x00012257       0x28 ./Core/Src/W25Qxx.o
 .debug_macro   0x0001227f       0xcf ./Core/Src/W25Qxx.o
 .debug_macro   0x0001234e      0x22c ./Core/Src/W25Qxx.o
 .debug_macro   0x0001257a       0x67 ./Core/Src/W25Qxx.o
 .debug_macro   0x000125e1       0xa5 ./Core/Src/W25Qxx.o
 .debug_macro   0x00012686      0x118 ./Core/Src/W25Qxx.o
 .debug_macro   0x0001279e      0x10d ./Core/Src/W25Qxx.o
 .debug_macro   0x000128ab      0x2fe ./Core/Src/W25Qxx.o
 .debug_macro   0x00012ba9      0x693 ./Core/Src/W25Qxx.o
 .debug_macro   0x0001323c       0xa6 ./Core/Src/W25Qxx.o
 .debug_macro   0x000132e2      0x43d ./Core/Src/W25Qxx.o
 .debug_macro   0x0001371f       0x4c ./Core/Src/W25Qxx.o
 .debug_macro   0x0001376b      0x178 ./Core/Src/W25Qxx.o
 .debug_macro   0x000138e3      0x38c ./Core/Src/bootloader_command_app.o
 .debug_macro   0x00013c6f       0x6a ./Core/Src/bootloader_command_app.o
 .debug_macro   0x00013cd9       0x61 ./Core/Src/bootloader_command_app.o
 .debug_macro   0x00013d3a       0x24 ./Core/Src/bootloader_command_app.o
 .debug_macro   0x00013d5e       0x43 ./Core/Src/bootloader_command_app.o
 .debug_macro   0x00013da1       0x34 ./Core/Src/bootloader_command_app.o
 .debug_macro   0x00013dd5      0x370 ./Core/Src/bootloader_command_app.o
 .debug_macro   0x00014145       0x16 ./Core/Src/bootloader_command_app.o
 .debug_macro   0x0001415b       0x4a ./Core/Src/bootloader_command_app.o
 .debug_macro   0x000141a5       0x34 ./Core/Src/bootloader_command_app.o
 .debug_macro   0x000141d9       0x10 ./Core/Src/bootloader_command_app.o
 .debug_macro   0x000141e9       0x58 ./Core/Src/bootloader_command_app.o
 .debug_macro   0x00014241       0x8e ./Core/Src/bootloader_command_app.o
 .debug_macro   0x000142cf       0x1c ./Core/Src/bootloader_command_app.o
 .debug_macro   0x000142eb      0x185 ./Core/Src/bootloader_command_app.o
 .debug_macro   0x00014470       0x10 ./Core/Src/bootloader_command_app.o
 .debug_macro   0x00014480       0x3c ./Core/Src/bootloader_command_app.o
 .debug_macro   0x000144bc       0x20 ./Core/Src/bootloader_command_app.o
 .debug_macro   0x000144dc       0x16 ./Core/Src/bootloader_command_app.o
 .debug_macro   0x000144f2       0x16 ./Core/Src/bootloader_command_app.o
 .debug_macro   0x00014508       0x29 ./Core/Src/bootloader_command_app.o
 .debug_macro   0x00014531       0x1d ./Core/Src/bootloader_command_app.o
 .debug_macro   0x0001454e      0x17e ./Core/Src/bootloader_command_app.o
 .debug_macro   0x000146cc       0x1c ./Core/Src/bootloader_command_app.o
 .debug_macro   0x000146e8       0x10 ./Core/Src/bootloader_command_app.o
 .debug_macro   0x000146f8       0x1c ./Core/Src/bootloader_command_app.o
 .debug_macro   0x00014714       0x16 ./Core/Src/bootloader_command_app.o
 .debug_macro   0x0001472a      0x146 ./Core/Src/bootloader_command_app.o
 .debug_macro   0x00014870       0x76 ./Core/Src/bootloader_command_app.o
 .debug_macro   0x000148e6      0x22b ./Core/Src/bootloader_command_code.o
 .debug_macro   0x00014b11       0x64 ./Core/Src/bootloader_command_code.o
 .debug_macro   0x00014b75      0x2e5 ./Core/Src/fonts.o
 .debug_macro   0x00014e5a      0x3a5 ./Core/Src/main.o
 .debug_macro   0x000151ff       0x4c ./Core/Src/main.o
 .debug_macro   0x0001524b      0x370 ./Core/Src/ssd1306.o
 .debug_macro   0x000155bb      0x21c ./Core/Src/stm32g0xx_hal_msp.o
 .debug_macro   0x000157d7      0x226 ./Core/Src/stm32g0xx_it.o
 .debug_macro   0x000159fd      0x112 ./Core/Src/sysmem.o
 .debug_macro   0x00015b0f      0x23c ./Core/Src/sysmem.o
 .debug_macro   0x00015d4b      0x20d ./Core/Src/system_stm32g0xx.o
 .debug_macro   0x00015f58      0x22b ./Drivers/STM32G0xx_HAL_Driver/Src/stm32g0xx_hal.o
 .debug_macro   0x00016183      0x20d ./Drivers/STM32G0xx_HAL_Driver/Src/stm32g0xx_hal_cortex.o
 .debug_macro   0x00016390      0x20d ./Drivers/STM32G0xx_HAL_Driver/Src/stm32g0xx_hal_crc.o
 .debug_macro   0x0001659d      0x20d ./Drivers/STM32G0xx_HAL_Driver/Src/stm32g0xx_hal_crc_ex.o
 .debug_macro   0x000167aa      0x20d ./Drivers/STM32G0xx_HAL_Driver/Src/stm32g0xx_hal_dma.o
 .debug_macro   0x000169b7      0x20d ./Drivers/STM32G0xx_HAL_Driver/Src/stm32g0xx_hal_flash.o
 .debug_macro   0x00016bc4      0x20d ./Drivers/STM32G0xx_HAL_Driver/Src/stm32g0xx_hal_flash_ex.o
 .debug_macro   0x00016dd1      0x214 ./Drivers/STM32G0xx_HAL_Driver/Src/stm32g0xx_hal_gpio.o
 .debug_macro   0x00016fe5      0x2d9 ./Drivers/STM32G0xx_HAL_Driver/Src/stm32g0xx_hal_i2c.o
 .debug_macro   0x000172be      0x20d ./Drivers/STM32G0xx_HAL_Driver/Src/stm32g0xx_hal_i2c_ex.o
 .debug_macro   0x000174cb      0x21f ./Drivers/STM32G0xx_HAL_Driver/Src/stm32g0xx_hal_pwr_ex.o
 .debug_macro   0x000176ea      0x24f ./Drivers/STM32G0xx_HAL_Driver/Src/stm32g0xx_hal_rcc.o
 .debug_macro   0x00017939      0x225 ./Drivers/STM32G0xx_HAL_Driver/Src/stm32g0xx_hal_rcc_ex.o
 .debug_macro   0x00017b5e      0x215 ./Drivers/STM32G0xx_HAL_Driver/Src/stm32g0xx_hal_spi.o
 .debug_macro   0x00017d73      0x238 ./Drivers/STM32G0xx_HAL_Driver/Src/stm32g0xx_hal_uart.o
 .debug_macro   0x00017fab      0x219 ./Drivers/STM32G0xx_HAL_Driver/Src/stm32g0xx_hal_uart_ex.o

.debug_line     0x00000000    0x19638
 .debug_line    0x00000000      0xd3c ./Core/Src/W25Qxx.o
 .debug_line    0x00000d3c     0x119d ./Core/Src/bootloader_command_app.o
 .debug_line    0x00001ed9      0x7f6 ./Core/Src/bootloader_command_code.o
 .debug_line    0x000026cf      0x957 ./Core/Src/fonts.o
 .debug_line    0x00003026      0xd8d ./Core/Src/main.o
 .debug_line    0x00003db3     0x10de ./Core/Src/ssd1306.o
 .debug_line    0x00004e91      0x999 ./Core/Src/stm32g0xx_hal_msp.o
 .debug_line    0x0000582a      0x890 ./Core/Src/stm32g0xx_it.o
 .debug_line    0x000060ba      0x588 ./Core/Src/sysmem.o
 .debug_line    0x00006642      0x85e ./Core/Src/system_stm32g0xx.o
 .debug_line    0x00006ea0       0x7b ./Core/Startup/startup_stm32g070rbtx.o
 .debug_line    0x00006f1b      0xb09 ./Drivers/STM32G0xx_HAL_Driver/Src/stm32g0xx_hal.o
 .debug_line    0x00007a24      0xc39 ./Drivers/STM32G0xx_HAL_Driver/Src/stm32g0xx_hal_cortex.o
 .debug_line    0x0000865d      0xaaa ./Drivers/STM32G0xx_HAL_Driver/Src/stm32g0xx_hal_crc.o
 .debug_line    0x00009107      0x8a7 ./Drivers/STM32G0xx_HAL_Driver/Src/stm32g0xx_hal_crc_ex.o
 .debug_line    0x000099ae      0xe20 ./Drivers/STM32G0xx_HAL_Driver/Src/stm32g0xx_hal_dma.o
 .debug_line    0x0000a7ce      0xb38 ./Drivers/STM32G0xx_HAL_Driver/Src/stm32g0xx_hal_flash.o
 .debug_line    0x0000b306      0xb0b ./Drivers/STM32G0xx_HAL_Driver/Src/stm32g0xx_hal_flash_ex.o
 .debug_line    0x0000be11      0xbf5 ./Drivers/STM32G0xx_HAL_Driver/Src/stm32g0xx_hal_gpio.o
 .debug_line    0x0000ca06     0x37b4 ./Drivers/STM32G0xx_HAL_Driver/Src/stm32g0xx_hal_i2c.o
 .debug_line    0x000101ba      0x951 ./Drivers/STM32G0xx_HAL_Driver/Src/stm32g0xx_hal_i2c_ex.o
 .debug_line    0x00010b0b      0xa2f ./Drivers/STM32G0xx_HAL_Driver/Src/stm32g0xx_hal_pwr_ex.o
 .debug_line    0x0001153a     0x105f ./Drivers/STM32G0xx_HAL_Driver/Src/stm32g0xx_hal_rcc.o
 .debug_line    0x00012599      0xbe2 ./Drivers/STM32G0xx_HAL_Driver/Src/stm32g0xx_hal_rcc_ex.o
 .debug_line    0x0001317b     0x2089 ./Drivers/STM32G0xx_HAL_Driver/Src/stm32g0xx_hal_spi.o
 .debug_line    0x00015204     0x3677 ./Drivers/STM32G0xx_HAL_Driver/Src/stm32g0xx_hal_uart.o
 .debug_line    0x0001887b      0xdbd ./Drivers/STM32G0xx_HAL_Driver/Src/stm32g0xx_hal_uart_ex.o

.debug_str      0x00000000    0x8c0cb
 .debug_str     0x00000000    0x8c0cb ./Core/Src/W25Qxx.o
                              0x832db (size before relaxing)
 .debug_str     0x0008c0cb    0x87819 ./Core/Src/bootloader_command_app.o
 .debug_str     0x0008c0cb    0x82621 ./Core/Src/bootloader_command_code.o
 .debug_str     0x0008c0cb    0x8561c ./Core/Src/fonts.o
 .debug_str     0x0008c0cb    0x87d6e ./Core/Src/main.o
 .debug_str     0x0008c0cb    0x861d4 ./Core/Src/ssd1306.o
 .debug_str     0x0008c0cb    0x83441 ./Core/Src/stm32g0xx_hal_msp.o
 .debug_str     0x0008c0cb    0x82acf ./Core/Src/stm32g0xx_it.o
 .debug_str     0x0008c0cb     0x769a ./Core/Src/sysmem.o
 .debug_str     0x0008c0cb    0x824b5 ./Core/Src/system_stm32g0xx.o
 .debug_str     0x0008c0cb       0xa0 ./Core/Startup/startup_stm32g070rbtx.o
 .debug_str     0x0008c0cb    0x82b57 ./Drivers/STM32G0xx_HAL_Driver/Src/stm32g0xx_hal.o
 .debug_str     0x0008c0cb    0x82934 ./Drivers/STM32G0xx_HAL_Driver/Src/stm32g0xx_hal_cortex.o
 .debug_str     0x0008c0cb    0x8264e ./Drivers/STM32G0xx_HAL_Driver/Src/stm32g0xx_hal_crc.o
 .debug_str     0x0008c0cb    0x825f4 ./Drivers/STM32G0xx_HAL_Driver/Src/stm32g0xx_hal_crc_ex.o
 .debug_str     0x0008c0cb    0x8294f ./Drivers/STM32G0xx_HAL_Driver/Src/stm32g0xx_hal_dma.o
 .debug_str     0x0008c0cb    0x826c3 ./Drivers/STM32G0xx_HAL_Driver/Src/stm32g0xx_hal_flash.o
 .debug_str     0x0008c0cb    0x826ea ./Drivers/STM32G0xx_HAL_Driver/Src/stm32g0xx_hal_flash_ex.o
 .debug_str     0x0008c0cb    0x825ea ./Drivers/STM32G0xx_HAL_Driver/Src/stm32g0xx_hal_gpio.o
 .debug_str     0x0008c0cb    0x83878 ./Drivers/STM32G0xx_HAL_Driver/Src/stm32g0xx_hal_i2c.o
 .debug_str     0x0008c0cb    0x82af4 ./Drivers/STM32G0xx_HAL_Driver/Src/stm32g0xx_hal_i2c_ex.o
 .debug_str     0x0008c0cb    0x82709 ./Drivers/STM32G0xx_HAL_Driver/Src/stm32g0xx_hal_pwr_ex.o
 .debug_str     0x0008c0cb    0x82bd9 ./Drivers/STM32G0xx_HAL_Driver/Src/stm32g0xx_hal_rcc.o
 .debug_str     0x0008c0cb    0x82806 ./Drivers/STM32G0xx_HAL_Driver/Src/stm32g0xx_hal_rcc_ex.o
 .debug_str     0x0008c0cb    0x82e9b ./Drivers/STM32G0xx_HAL_Driver/Src/stm32g0xx_hal_spi.o
 .debug_str     0x0008c0cb    0x83480 ./Drivers/STM32G0xx_HAL_Driver/Src/stm32g0xx_hal_uart.o
 .debug_str     0x0008c0cb    0x82d3f ./Drivers/STM32G0xx_HAL_Driver/Src/stm32g0xx_hal_uart_ex.o

.comment        0x00000000       0x43
 .comment       0x00000000       0x43 ./Core/Src/W25Qxx.o
                                 0x44 (size before relaxing)
 .comment       0x00000043       0x44 ./Core/Src/bootloader_command_app.o
 .comment       0x00000043       0x44 ./Core/Src/bootloader_command_code.o
 .comment       0x00000043       0x44 ./Core/Src/fonts.o
 .comment       0x00000043       0x44 ./Core/Src/main.o
 .comment       0x00000043       0x44 ./Core/Src/ssd1306.o
 .comment       0x00000043       0x44 ./Core/Src/stm32g0xx_hal_msp.o
 .comment       0x00000043       0x44 ./Core/Src/stm32g0xx_it.o
 .comment       0x00000043       0x44 ./Core/Src/sysmem.o
 .comment       0x00000043       0x44 ./Core/Src/system_stm32g0xx.o
 .comment       0x00000043       0x44 ./Drivers/STM32G0xx_HAL_Driver/Src/stm32g0xx_hal.o
 .comment       0x00000043       0x44 ./Drivers/STM32G0xx_HAL_Driver/Src/stm32g0xx_hal_cortex.o